Archive member included to satisfy reference by file (symbol)

c:/program files (x86)/atmel/studio/7.0/toolchain/arm/arm-gnu-toolchain/bin/../lib/gcc/arm-none-eabi/6.3.1/thumb/v6-m\libgcc.a(_thumb1_case_uqi.o)
                              src/ASF/sam0/drivers/system/clock/clock_samd09_d10_d11/clock.o (__gnu_thumb1_case_uqi)
c:/program files (x86)/atmel/studio/7.0/toolchain/arm/arm-gnu-toolchain/bin/../lib/gcc/arm-none-eabi/6.3.1/thumb/v6-m\libgcc.a(_udivsi3.o)
                              src/ASF/sam0/drivers/system/clock/clock_samd09_d10_d11/clock.o (__aeabi_uidiv)
c:/program files (x86)/atmel/studio/7.0/toolchain/arm/arm-gnu-toolchain/bin/../lib/gcc/arm-none-eabi/6.3.1/thumb/v6-m\libgcc.a(_dvmd_tls.o)
                              c:/program files (x86)/atmel/studio/7.0/toolchain/arm/arm-gnu-toolchain/bin/../lib/gcc/arm-none-eabi/6.3.1/thumb/v6-m\libgcc.a(_udivsi3.o) (__aeabi_idiv0)
c:/program files (x86)/atmel/studio/7.0/toolchain/arm/arm-gnu-toolchain/bin/../lib/gcc/arm-none-eabi/6.3.1/../../../../arm-none-eabi/lib/thumb/v6-m\libc_nano.a(lib_a-exit.o)
                              c:/program files (x86)/atmel/studio/7.0/toolchain/arm/arm-gnu-toolchain/bin/../lib/gcc/arm-none-eabi/6.3.1/../../../../arm-none-eabi/lib/thumb/v6-m/crt0.o (exit)
c:/program files (x86)/atmel/studio/7.0/toolchain/arm/arm-gnu-toolchain/bin/../lib/gcc/arm-none-eabi/6.3.1/../../../../arm-none-eabi/lib/thumb/v6-m\libc_nano.a(lib_a-impure.o)
                              c:/program files (x86)/atmel/studio/7.0/toolchain/arm/arm-gnu-toolchain/bin/../lib/gcc/arm-none-eabi/6.3.1/../../../../arm-none-eabi/lib/thumb/v6-m\libc_nano.a(lib_a-exit.o) (_global_impure_ptr)
c:/program files (x86)/atmel/studio/7.0/toolchain/arm/arm-gnu-toolchain/bin/../lib/gcc/arm-none-eabi/6.3.1/../../../../arm-none-eabi/lib/thumb/v6-m\libc_nano.a(lib_a-init.o)
                              c:/program files (x86)/atmel/studio/7.0/toolchain/arm/arm-gnu-toolchain/bin/../lib/gcc/arm-none-eabi/6.3.1/../../../../arm-none-eabi/lib/thumb/v6-m/crt0.o (__libc_init_array)
c:/program files (x86)/atmel/studio/7.0/toolchain/arm/arm-gnu-toolchain/bin/../lib/gcc/arm-none-eabi/6.3.1/../../../../arm-none-eabi/lib/thumb/v6-m\libc_nano.a(lib_a-memset.o)
                              c:/program files (x86)/atmel/studio/7.0/toolchain/arm/arm-gnu-toolchain/bin/../lib/gcc/arm-none-eabi/6.3.1/../../../../arm-none-eabi/lib/thumb/v6-m/crt0.o (memset)

Allocating common symbols
Common symbol       size              file

_tc_instances       0x8               src/ASF/sam0/drivers/tc/tc_interrupt.o
tc_instance         0x1c              src/qs_tc_timer.o

Discarded input sections

 .text          0x00000000        0x0 c:/program files (x86)/atmel/studio/7.0/toolchain/arm/arm-gnu-toolchain/bin/../lib/gcc/arm-none-eabi/6.3.1/thumb/v6-m/crti.o
 .data          0x00000000        0x0 c:/program files (x86)/atmel/studio/7.0/toolchain/arm/arm-gnu-toolchain/bin/../lib/gcc/arm-none-eabi/6.3.1/thumb/v6-m/crti.o
 .bss           0x00000000        0x0 c:/program files (x86)/atmel/studio/7.0/toolchain/arm/arm-gnu-toolchain/bin/../lib/gcc/arm-none-eabi/6.3.1/thumb/v6-m/crti.o
 .data          0x00000000        0x4 c:/program files (x86)/atmel/studio/7.0/toolchain/arm/arm-gnu-toolchain/bin/../lib/gcc/arm-none-eabi/6.3.1/thumb/v6-m/crtbegin.o
 .text          0x00000000       0x78 c:/program files (x86)/atmel/studio/7.0/toolchain/arm/arm-gnu-toolchain/bin/../lib/gcc/arm-none-eabi/6.3.1/../../../../arm-none-eabi/lib/thumb/v6-m/crt0.o
 .data          0x00000000        0x0 c:/program files (x86)/atmel/studio/7.0/toolchain/arm/arm-gnu-toolchain/bin/../lib/gcc/arm-none-eabi/6.3.1/../../../../arm-none-eabi/lib/thumb/v6-m/crt0.o
 .bss           0x00000000        0x0 c:/program files (x86)/atmel/studio/7.0/toolchain/arm/arm-gnu-toolchain/bin/../lib/gcc/arm-none-eabi/6.3.1/../../../../arm-none-eabi/lib/thumb/v6-m/crt0.o
 .ARM.extab     0x00000000        0x0 c:/program files (x86)/atmel/studio/7.0/toolchain/arm/arm-gnu-toolchain/bin/../lib/gcc/arm-none-eabi/6.3.1/../../../../arm-none-eabi/lib/thumb/v6-m/crt0.o
 .ARM.exidx     0x00000000        0x8 c:/program files (x86)/atmel/studio/7.0/toolchain/arm/arm-gnu-toolchain/bin/../lib/gcc/arm-none-eabi/6.3.1/../../../../arm-none-eabi/lib/thumb/v6-m/crt0.o
 .ARM.attributes
                0x00000000       0x1b c:/program files (x86)/atmel/studio/7.0/toolchain/arm/arm-gnu-toolchain/bin/../lib/gcc/arm-none-eabi/6.3.1/../../../../arm-none-eabi/lib/thumb/v6-m/crt0.o
 .text          0x00000000        0x0 src/ASF/common/utils/interrupt/interrupt_sam_nvic.o
 .data          0x00000000        0x0 src/ASF/common/utils/interrupt/interrupt_sam_nvic.o
 .bss           0x00000000        0x0 src/ASF/common/utils/interrupt/interrupt_sam_nvic.o
 .text          0x00000000        0x0 src/ASF/sam0/boards/samd11_xplained_pro/board_init.o
 .data          0x00000000        0x0 src/ASF/sam0/boards/samd11_xplained_pro/board_init.o
 .bss           0x00000000        0x0 src/ASF/sam0/boards/samd11_xplained_pro/board_init.o
 .bss.cpu_irq_critical_section_counter
                0x00000000        0x4 src/ASF/sam0/boards/samd11_xplained_pro/board_init.o
 .bss.cpu_irq_prev_interrupt_state
                0x00000000        0x1 src/ASF/sam0/boards/samd11_xplained_pro/board_init.o
 .text          0x00000000        0x0 src/ASF/sam0/drivers/port/port.o
 .data          0x00000000        0x0 src/ASF/sam0/drivers/port/port.o
 .bss           0x00000000        0x0 src/ASF/sam0/drivers/port/port.o
 .text.port_group_set_config
                0x00000000       0x20 src/ASF/sam0/drivers/port/port.o
 .bss.cpu_irq_critical_section_counter
                0x00000000        0x4 src/ASF/sam0/drivers/port/port.o
 .bss.cpu_irq_prev_interrupt_state
                0x00000000        0x1 src/ASF/sam0/drivers/port/port.o
 .text          0x00000000        0x0 src/ASF/sam0/drivers/system/clock/clock_samd09_d10_d11/clock.o
 .data          0x00000000        0x0 src/ASF/sam0/drivers/system/clock/clock_samd09_d10_d11/clock.o
 .bss           0x00000000        0x0 src/ASF/sam0/drivers/system/clock/clock_samd09_d10_d11/clock.o
 .text.system_clock_source_get_hz
                0x00000000       0x90 src/ASF/sam0/drivers/system/clock/clock_samd09_d10_d11/clock.o
 .text.system_clock_source_xosc_set_config
                0x00000000       0xcc src/ASF/sam0/drivers/system/clock/clock_samd09_d10_d11/clock.o
 .text.system_clock_source_dfll_set_config
                0x00000000       0x7c src/ASF/sam0/drivers/system/clock/clock_samd09_d10_d11/clock.o
 .text.system_clock_source_dpll_set_config
                0x00000000       0xa8 src/ASF/sam0/drivers/system/clock/clock_samd09_d10_d11/clock.o
 .text.system_clock_source_write_calibration
                0x00000000       0x84 src/ASF/sam0/drivers/system/clock/clock_samd09_d10_d11/clock.o
 .text.system_clock_source_disable
                0x00000000       0x78 src/ASF/sam0/drivers/system/clock/clock_samd09_d10_d11/clock.o
 .text.system_clock_source_is_ready
                0x00000000       0x54 src/ASF/sam0/drivers/system/clock/clock_samd09_d10_d11/clock.o
 .bss.cpu_irq_critical_section_counter
                0x00000000        0x4 src/ASF/sam0/drivers/system/clock/clock_samd09_d10_d11/clock.o
 .bss.cpu_irq_prev_interrupt_state
                0x00000000        0x1 src/ASF/sam0/drivers/system/clock/clock_samd09_d10_d11/clock.o
 .text          0x00000000        0x0 src/ASF/sam0/drivers/system/clock/clock_samd09_d10_d11/gclk.o
 .data          0x00000000        0x0 src/ASF/sam0/drivers/system/clock/clock_samd09_d10_d11/gclk.o
 .bss           0x00000000        0x0 src/ASF/sam0/drivers/system/clock/clock_samd09_d10_d11/gclk.o
 .text.system_gclk_gen_disable
                0x00000000       0x4c src/ASF/sam0/drivers/system/clock/clock_samd09_d10_d11/gclk.o
 .text.system_gclk_gen_is_enabled
                0x00000000       0x2c src/ASF/sam0/drivers/system/clock/clock_samd09_d10_d11/gclk.o
 .text.system_gclk_gen_get_hz
                0x00000000       0x88 src/ASF/sam0/drivers/system/clock/clock_samd09_d10_d11/gclk.o
 .text.system_gclk_chan_is_enabled
                0x00000000       0x2c src/ASF/sam0/drivers/system/clock/clock_samd09_d10_d11/gclk.o
 .text.system_gclk_chan_lock
                0x00000000       0x30 src/ASF/sam0/drivers/system/clock/clock_samd09_d10_d11/gclk.o
 .text.system_gclk_chan_is_locked
                0x00000000       0x2c src/ASF/sam0/drivers/system/clock/clock_samd09_d10_d11/gclk.o
 .text.system_gclk_chan_get_hz
                0x00000000       0x34 src/ASF/sam0/drivers/system/clock/clock_samd09_d10_d11/gclk.o
 .bss.cpu_irq_critical_section_counter
                0x00000000        0x4 src/ASF/sam0/drivers/system/clock/clock_samd09_d10_d11/gclk.o
 .bss.cpu_irq_prev_interrupt_state
                0x00000000        0x1 src/ASF/sam0/drivers/system/clock/clock_samd09_d10_d11/gclk.o
 .text          0x00000000        0x0 src/ASF/sam0/drivers/system/interrupt/system_interrupt.o
 .data          0x00000000        0x0 src/ASF/sam0/drivers/system/interrupt/system_interrupt.o
 .bss           0x00000000        0x0 src/ASF/sam0/drivers/system/interrupt/system_interrupt.o
 .text.system_interrupt_is_pending
                0x00000000       0x30 src/ASF/sam0/drivers/system/interrupt/system_interrupt.o
 .text.system_interrupt_set_pending
                0x00000000       0x38 src/ASF/sam0/drivers/system/interrupt/system_interrupt.o
 .text.system_interrupt_clear_pending
                0x00000000       0x30 src/ASF/sam0/drivers/system/interrupt/system_interrupt.o
 .text.system_interrupt_set_priority
                0x00000000       0x44 src/ASF/sam0/drivers/system/interrupt/system_interrupt.o
 .text.system_interrupt_get_priority
                0x00000000       0x34 src/ASF/sam0/drivers/system/interrupt/system_interrupt.o
 .bss.cpu_irq_critical_section_counter
                0x00000000        0x4 src/ASF/sam0/drivers/system/interrupt/system_interrupt.o
 .bss.cpu_irq_prev_interrupt_state
                0x00000000        0x1 src/ASF/sam0/drivers/system/interrupt/system_interrupt.o
 .comment       0x00000000       0x5a src/ASF/sam0/drivers/system/interrupt/system_interrupt.o
 .ARM.attributes
                0x00000000       0x32 src/ASF/sam0/drivers/system/interrupt/system_interrupt.o
 .text          0x00000000        0x0 src/ASF/sam0/drivers/system/pinmux/pinmux.o
 .data          0x00000000        0x0 src/ASF/sam0/drivers/system/pinmux/pinmux.o
 .bss           0x00000000        0x0 src/ASF/sam0/drivers/system/pinmux/pinmux.o
 .text.system_pinmux_group_set_config
                0x00000000       0x2c src/ASF/sam0/drivers/system/pinmux/pinmux.o
 .text.system_pinmux_group_set_input_sample_mode
                0x00000000       0x12 src/ASF/sam0/drivers/system/pinmux/pinmux.o
 .text.system_pinmux_group_set_output_strength
                0x00000000       0x2a src/ASF/sam0/drivers/system/pinmux/pinmux.o
 .bss.cpu_irq_critical_section_counter
                0x00000000        0x4 src/ASF/sam0/drivers/system/pinmux/pinmux.o
 .bss.cpu_irq_prev_interrupt_state
                0x00000000        0x1 src/ASF/sam0/drivers/system/pinmux/pinmux.o
 .text          0x00000000        0x0 src/ASF/sam0/drivers/system/system.o
 .data          0x00000000        0x0 src/ASF/sam0/drivers/system/system.o
 .bss           0x00000000        0x0 src/ASF/sam0/drivers/system/system.o
 .bss.cpu_irq_critical_section_counter
                0x00000000        0x4 src/ASF/sam0/drivers/system/system.o
 .bss.cpu_irq_prev_interrupt_state
                0x00000000        0x1 src/ASF/sam0/drivers/system/system.o
 .text          0x00000000        0x0 src/ASF/sam0/drivers/tc/tc_interrupt.o
 .data          0x00000000        0x0 src/ASF/sam0/drivers/tc/tc_interrupt.o
 .bss           0x00000000        0x0 src/ASF/sam0/drivers/tc/tc_interrupt.o
 .text.tc_unregister_callback
                0x00000000       0x22 src/ASF/sam0/drivers/tc/tc_interrupt.o
 .bss.cpu_irq_critical_section_counter
                0x00000000        0x4 src/ASF/sam0/drivers/tc/tc_interrupt.o
 .bss.cpu_irq_prev_interrupt_state
                0x00000000        0x1 src/ASF/sam0/drivers/tc/tc_interrupt.o
 .text          0x00000000        0x0 src/ASF/sam0/drivers/tc/tc_sam_d_r_h/tc.o
 .data          0x00000000        0x0 src/ASF/sam0/drivers/tc/tc_sam_d_r_h/tc.o
 .bss           0x00000000        0x0 src/ASF/sam0/drivers/tc/tc_sam_d_r_h/tc.o
 .text.tc_set_count_value
                0x00000000       0x2e src/ASF/sam0/drivers/tc/tc_sam_d_r_h/tc.o
 .text.tc_get_count_value
                0x00000000       0x2a src/ASF/sam0/drivers/tc/tc_sam_d_r_h/tc.o
 .text.tc_get_capture_value
                0x00000000       0x46 src/ASF/sam0/drivers/tc/tc_sam_d_r_h/tc.o
 .text.tc_set_compare_value
                0x00000000       0x4a src/ASF/sam0/drivers/tc/tc_sam_d_r_h/tc.o
 .text.tc_reset
                0x00000000       0x40 src/ASF/sam0/drivers/tc/tc_sam_d_r_h/tc.o
 .text.tc_set_top_value
                0x00000000       0x2e src/ASF/sam0/drivers/tc/tc_sam_d_r_h/tc.o
 .bss.cpu_irq_critical_section_counter
                0x00000000        0x4 src/ASF/sam0/drivers/tc/tc_sam_d_r_h/tc.o
 .bss.cpu_irq_prev_interrupt_state
                0x00000000        0x1 src/ASF/sam0/drivers/tc/tc_sam_d_r_h/tc.o
 .text          0x00000000        0x0 src/ASF/sam0/utils/cmsis/samd11/source/gcc/startup_samd11.o
 .data          0x00000000        0x0 src/ASF/sam0/utils/cmsis/samd11/source/gcc/startup_samd11.o
 .bss           0x00000000        0x0 src/ASF/sam0/utils/cmsis/samd11/source/gcc/startup_samd11.o
 .text          0x00000000        0x0 src/ASF/sam0/utils/cmsis/samd11/source/system_samd11.o
 .data          0x00000000        0x0 src/ASF/sam0/utils/cmsis/samd11/source/system_samd11.o
 .bss           0x00000000        0x0 src/ASF/sam0/utils/cmsis/samd11/source/system_samd11.o
 .text.SystemInit
                0x00000000       0x10 src/ASF/sam0/utils/cmsis/samd11/source/system_samd11.o
 .text.SystemCoreClockUpdate
                0x00000000       0x10 src/ASF/sam0/utils/cmsis/samd11/source/system_samd11.o
 .data.SystemCoreClock
                0x00000000        0x4 src/ASF/sam0/utils/cmsis/samd11/source/system_samd11.o
 .comment       0x00000000       0x5a src/ASF/sam0/utils/cmsis/samd11/source/system_samd11.o
 .ARM.attributes
                0x00000000       0x32 src/ASF/sam0/utils/cmsis/samd11/source/system_samd11.o
 .text          0x00000000        0x0 src/ASF/sam0/utils/syscalls/gcc/syscalls.o
 .data          0x00000000        0x0 src/ASF/sam0/utils/syscalls/gcc/syscalls.o
 .bss           0x00000000        0x0 src/ASF/sam0/utils/syscalls/gcc/syscalls.o
 .text._sbrk    0x00000000       0x20 src/ASF/sam0/utils/syscalls/gcc/syscalls.o
 .text.link     0x00000000        0x6 src/ASF/sam0/utils/syscalls/gcc/syscalls.o
 .text._close   0x00000000        0x6 src/ASF/sam0/utils/syscalls/gcc/syscalls.o
 .text._fstat   0x00000000        0xa src/ASF/sam0/utils/syscalls/gcc/syscalls.o
 .text._isatty  0x00000000        0x4 src/ASF/sam0/utils/syscalls/gcc/syscalls.o
 .text._lseek   0x00000000        0x4 src/ASF/sam0/utils/syscalls/gcc/syscalls.o
 .text._exit    0x00000000        0x4 src/ASF/sam0/utils/syscalls/gcc/syscalls.o
 .text._kill    0x00000000        0x2 src/ASF/sam0/utils/syscalls/gcc/syscalls.o
 .text._getpid  0x00000000        0x6 src/ASF/sam0/utils/syscalls/gcc/syscalls.o
 .bss.heap.5296
                0x00000000        0x4 src/ASF/sam0/utils/syscalls/gcc/syscalls.o
 .comment       0x00000000       0x5a src/ASF/sam0/utils/syscalls/gcc/syscalls.o
 .ARM.attributes
                0x00000000       0x32 src/ASF/sam0/utils/syscalls/gcc/syscalls.o
 .text          0x00000000        0x0 src/qs_tc_timer.o
 .data          0x00000000        0x0 src/qs_tc_timer.o
 .bss           0x00000000        0x0 src/qs_tc_timer.o
 .bss.cpu_irq_critical_section_counter
                0x00000000        0x4 src/qs_tc_timer.o
 .bss.cpu_irq_prev_interrupt_state
                0x00000000        0x1 src/qs_tc_timer.o
 .data          0x00000000        0x0 c:/program files (x86)/atmel/studio/7.0/toolchain/arm/arm-gnu-toolchain/bin/../lib/gcc/arm-none-eabi/6.3.1/thumb/v6-m\libgcc.a(_thumb1_case_uqi.o)
 .bss           0x00000000        0x0 c:/program files (x86)/atmel/studio/7.0/toolchain/arm/arm-gnu-toolchain/bin/../lib/gcc/arm-none-eabi/6.3.1/thumb/v6-m\libgcc.a(_thumb1_case_uqi.o)
 .text          0x00000000      0x114 c:/program files (x86)/atmel/studio/7.0/toolchain/arm/arm-gnu-toolchain/bin/../lib/gcc/arm-none-eabi/6.3.1/thumb/v6-m\libgcc.a(_udivsi3.o)
 .data          0x00000000        0x0 c:/program files (x86)/atmel/studio/7.0/toolchain/arm/arm-gnu-toolchain/bin/../lib/gcc/arm-none-eabi/6.3.1/thumb/v6-m\libgcc.a(_udivsi3.o)
 .bss           0x00000000        0x0 c:/program files (x86)/atmel/studio/7.0/toolchain/arm/arm-gnu-toolchain/bin/../lib/gcc/arm-none-eabi/6.3.1/thumb/v6-m\libgcc.a(_udivsi3.o)
 .debug_frame   0x00000000       0x20 c:/program files (x86)/atmel/studio/7.0/toolchain/arm/arm-gnu-toolchain/bin/../lib/gcc/arm-none-eabi/6.3.1/thumb/v6-m\libgcc.a(_udivsi3.o)
 .ARM.attributes
                0x00000000       0x1e c:/program files (x86)/atmel/studio/7.0/toolchain/arm/arm-gnu-toolchain/bin/../lib/gcc/arm-none-eabi/6.3.1/thumb/v6-m\libgcc.a(_udivsi3.o)
 .text          0x00000000        0x4 c:/program files (x86)/atmel/studio/7.0/toolchain/arm/arm-gnu-toolchain/bin/../lib/gcc/arm-none-eabi/6.3.1/thumb/v6-m\libgcc.a(_dvmd_tls.o)
 .data          0x00000000        0x0 c:/program files (x86)/atmel/studio/7.0/toolchain/arm/arm-gnu-toolchain/bin/../lib/gcc/arm-none-eabi/6.3.1/thumb/v6-m\libgcc.a(_dvmd_tls.o)
 .bss           0x00000000        0x0 c:/program files (x86)/atmel/studio/7.0/toolchain/arm/arm-gnu-toolchain/bin/../lib/gcc/arm-none-eabi/6.3.1/thumb/v6-m\libgcc.a(_dvmd_tls.o)
 .ARM.attributes
                0x00000000       0x1e c:/program files (x86)/atmel/studio/7.0/toolchain/arm/arm-gnu-toolchain/bin/../lib/gcc/arm-none-eabi/6.3.1/thumb/v6-m\libgcc.a(_dvmd_tls.o)
 .text          0x00000000        0x0 c:/program files (x86)/atmel/studio/7.0/toolchain/arm/arm-gnu-toolchain/bin/../lib/gcc/arm-none-eabi/6.3.1/../../../../arm-none-eabi/lib/thumb/v6-m\libc_nano.a(lib_a-exit.o)
 .data          0x00000000        0x0 c:/program files (x86)/atmel/studio/7.0/toolchain/arm/arm-gnu-toolchain/bin/../lib/gcc/arm-none-eabi/6.3.1/../../../../arm-none-eabi/lib/thumb/v6-m\libc_nano.a(lib_a-exit.o)
 .bss           0x00000000        0x0 c:/program files (x86)/atmel/studio/7.0/toolchain/arm/arm-gnu-toolchain/bin/../lib/gcc/arm-none-eabi/6.3.1/../../../../arm-none-eabi/lib/thumb/v6-m\libc_nano.a(lib_a-exit.o)
 .text.exit     0x00000000       0x2c c:/program files (x86)/atmel/studio/7.0/toolchain/arm/arm-gnu-toolchain/bin/../lib/gcc/arm-none-eabi/6.3.1/../../../../arm-none-eabi/lib/thumb/v6-m\libc_nano.a(lib_a-exit.o)
 .debug_frame   0x00000000       0x28 c:/program files (x86)/atmel/studio/7.0/toolchain/arm/arm-gnu-toolchain/bin/../lib/gcc/arm-none-eabi/6.3.1/../../../../arm-none-eabi/lib/thumb/v6-m\libc_nano.a(lib_a-exit.o)
 .ARM.attributes
                0x00000000       0x2c c:/program files (x86)/atmel/studio/7.0/toolchain/arm/arm-gnu-toolchain/bin/../lib/gcc/arm-none-eabi/6.3.1/../../../../arm-none-eabi/lib/thumb/v6-m\libc_nano.a(lib_a-exit.o)
 .text          0x00000000        0x0 c:/program files (x86)/atmel/studio/7.0/toolchain/arm/arm-gnu-toolchain/bin/../lib/gcc/arm-none-eabi/6.3.1/../../../../arm-none-eabi/lib/thumb/v6-m\libc_nano.a(lib_a-impure.o)
 .data          0x00000000        0x0 c:/program files (x86)/atmel/studio/7.0/toolchain/arm/arm-gnu-toolchain/bin/../lib/gcc/arm-none-eabi/6.3.1/../../../../arm-none-eabi/lib/thumb/v6-m\libc_nano.a(lib_a-impure.o)
 .bss           0x00000000        0x0 c:/program files (x86)/atmel/studio/7.0/toolchain/arm/arm-gnu-toolchain/bin/../lib/gcc/arm-none-eabi/6.3.1/../../../../arm-none-eabi/lib/thumb/v6-m\libc_nano.a(lib_a-impure.o)
 .data._impure_ptr
                0x00000000        0x4 c:/program files (x86)/atmel/studio/7.0/toolchain/arm/arm-gnu-toolchain/bin/../lib/gcc/arm-none-eabi/6.3.1/../../../../arm-none-eabi/lib/thumb/v6-m\libc_nano.a(lib_a-impure.o)
 .data.impure_data
                0x00000000       0x60 c:/program files (x86)/atmel/studio/7.0/toolchain/arm/arm-gnu-toolchain/bin/../lib/gcc/arm-none-eabi/6.3.1/../../../../arm-none-eabi/lib/thumb/v6-m\libc_nano.a(lib_a-impure.o)
 .rodata._global_impure_ptr
                0x00000000        0x4 c:/program files (x86)/atmel/studio/7.0/toolchain/arm/arm-gnu-toolchain/bin/../lib/gcc/arm-none-eabi/6.3.1/../../../../arm-none-eabi/lib/thumb/v6-m\libc_nano.a(lib_a-impure.o)
 .ARM.attributes
                0x00000000       0x2c c:/program files (x86)/atmel/studio/7.0/toolchain/arm/arm-gnu-toolchain/bin/../lib/gcc/arm-none-eabi/6.3.1/../../../../arm-none-eabi/lib/thumb/v6-m\libc_nano.a(lib_a-impure.o)
 .text          0x00000000        0x0 c:/program files (x86)/atmel/studio/7.0/toolchain/arm/arm-gnu-toolchain/bin/../lib/gcc/arm-none-eabi/6.3.1/../../../../arm-none-eabi/lib/thumb/v6-m\libc_nano.a(lib_a-init.o)
 .data          0x00000000        0x0 c:/program files (x86)/atmel/studio/7.0/toolchain/arm/arm-gnu-toolchain/bin/../lib/gcc/arm-none-eabi/6.3.1/../../../../arm-none-eabi/lib/thumb/v6-m\libc_nano.a(lib_a-init.o)
 .bss           0x00000000        0x0 c:/program files (x86)/atmel/studio/7.0/toolchain/arm/arm-gnu-toolchain/bin/../lib/gcc/arm-none-eabi/6.3.1/../../../../arm-none-eabi/lib/thumb/v6-m\libc_nano.a(lib_a-init.o)
 .text          0x00000000        0x0 c:/program files (x86)/atmel/studio/7.0/toolchain/arm/arm-gnu-toolchain/bin/../lib/gcc/arm-none-eabi/6.3.1/../../../../arm-none-eabi/lib/thumb/v6-m\libc_nano.a(lib_a-memset.o)
 .data          0x00000000        0x0 c:/program files (x86)/atmel/studio/7.0/toolchain/arm/arm-gnu-toolchain/bin/../lib/gcc/arm-none-eabi/6.3.1/../../../../arm-none-eabi/lib/thumb/v6-m\libc_nano.a(lib_a-memset.o)
 .bss           0x00000000        0x0 c:/program files (x86)/atmel/studio/7.0/toolchain/arm/arm-gnu-toolchain/bin/../lib/gcc/arm-none-eabi/6.3.1/../../../../arm-none-eabi/lib/thumb/v6-m\libc_nano.a(lib_a-memset.o)
 .text.memset   0x00000000       0x10 c:/program files (x86)/atmel/studio/7.0/toolchain/arm/arm-gnu-toolchain/bin/../lib/gcc/arm-none-eabi/6.3.1/../../../../arm-none-eabi/lib/thumb/v6-m\libc_nano.a(lib_a-memset.o)
 .debug_frame   0x00000000       0x20 c:/program files (x86)/atmel/studio/7.0/toolchain/arm/arm-gnu-toolchain/bin/../lib/gcc/arm-none-eabi/6.3.1/../../../../arm-none-eabi/lib/thumb/v6-m\libc_nano.a(lib_a-memset.o)
 .ARM.attributes
                0x00000000       0x2c c:/program files (x86)/atmel/studio/7.0/toolchain/arm/arm-gnu-toolchain/bin/../lib/gcc/arm-none-eabi/6.3.1/../../../../arm-none-eabi/lib/thumb/v6-m\libc_nano.a(lib_a-memset.o)
 .text          0x00000000        0x0 c:/program files (x86)/atmel/studio/7.0/toolchain/arm/arm-gnu-toolchain/bin/../lib/gcc/arm-none-eabi/6.3.1/thumb/v6-m/crtend.o
 .data          0x00000000        0x0 c:/program files (x86)/atmel/studio/7.0/toolchain/arm/arm-gnu-toolchain/bin/../lib/gcc/arm-none-eabi/6.3.1/thumb/v6-m/crtend.o
 .bss           0x00000000        0x0 c:/program files (x86)/atmel/studio/7.0/toolchain/arm/arm-gnu-toolchain/bin/../lib/gcc/arm-none-eabi/6.3.1/thumb/v6-m/crtend.o
 .eh_frame      0x00000000        0x4 c:/program files (x86)/atmel/studio/7.0/toolchain/arm/arm-gnu-toolchain/bin/../lib/gcc/arm-none-eabi/6.3.1/thumb/v6-m/crtend.o
 .jcr           0x00000000        0x4 c:/program files (x86)/atmel/studio/7.0/toolchain/arm/arm-gnu-toolchain/bin/../lib/gcc/arm-none-eabi/6.3.1/thumb/v6-m/crtend.o
 .ARM.attributes
                0x00000000       0x2c c:/program files (x86)/atmel/studio/7.0/toolchain/arm/arm-gnu-toolchain/bin/../lib/gcc/arm-none-eabi/6.3.1/thumb/v6-m/crtend.o
 .text          0x00000000        0x0 c:/program files (x86)/atmel/studio/7.0/toolchain/arm/arm-gnu-toolchain/bin/../lib/gcc/arm-none-eabi/6.3.1/thumb/v6-m/crtn.o
 .data          0x00000000        0x0 c:/program files (x86)/atmel/studio/7.0/toolchain/arm/arm-gnu-toolchain/bin/../lib/gcc/arm-none-eabi/6.3.1/thumb/v6-m/crtn.o
 .bss           0x00000000        0x0 c:/program files (x86)/atmel/studio/7.0/toolchain/arm/arm-gnu-toolchain/bin/../lib/gcc/arm-none-eabi/6.3.1/thumb/v6-m/crtn.o

Memory Configuration

Name             Origin             Length             Attributes
rom              0x00000000         0x00004000         xr
ram              0x20000000         0x00001000         xrw
*default*        0x00000000         0xffffffff

Linker script and memory map

LOAD c:/program files (x86)/atmel/studio/7.0/toolchain/arm/arm-gnu-toolchain/bin/../lib/gcc/arm-none-eabi/6.3.1/thumb/v6-m/crti.o
LOAD c:/program files (x86)/atmel/studio/7.0/toolchain/arm/arm-gnu-toolchain/bin/../lib/gcc/arm-none-eabi/6.3.1/thumb/v6-m/crtbegin.o
LOAD c:/program files (x86)/atmel/studio/7.0/toolchain/arm/arm-gnu-toolchain/bin/../lib/gcc/arm-none-eabi/6.3.1/../../../../arm-none-eabi/lib/thumb/v6-m/crt0.o
LOAD src/ASF/common/utils/interrupt/interrupt_sam_nvic.o
LOAD src/ASF/sam0/boards/samd11_xplained_pro/board_init.o
LOAD src/ASF/sam0/drivers/port/port.o
LOAD src/ASF/sam0/drivers/system/clock/clock_samd09_d10_d11/clock.o
LOAD src/ASF/sam0/drivers/system/clock/clock_samd09_d10_d11/gclk.o
LOAD src/ASF/sam0/drivers/system/interrupt/system_interrupt.o
LOAD src/ASF/sam0/drivers/system/pinmux/pinmux.o
LOAD src/ASF/sam0/drivers/system/system.o
LOAD src/ASF/sam0/drivers/tc/tc_interrupt.o
LOAD src/ASF/sam0/drivers/tc/tc_sam_d_r_h/tc.o
LOAD src/ASF/sam0/utils/cmsis/samd11/source/gcc/startup_samd11.o
LOAD src/ASF/sam0/utils/cmsis/samd11/source/system_samd11.o
LOAD src/ASF/sam0/utils/syscalls/gcc/syscalls.o
LOAD src/qs_tc_timer.o
START GROUP
LOAD ../src/ASF/thirdparty/CMSIS/Lib/GCC\libarm_cortexM0l_math.a
LOAD c:/program files (x86)/atmel/studio/7.0/toolchain/arm/arm-gnu-toolchain/bin/../lib/gcc/arm-none-eabi/6.3.1/../../../../arm-none-eabi/lib/thumb/v6-m\libm.a
END GROUP
START GROUP
LOAD c:/program files (x86)/atmel/studio/7.0/toolchain/arm/arm-gnu-toolchain/bin/../lib/gcc/arm-none-eabi/6.3.1/thumb/v6-m\libgcc.a
LOAD c:/program files (x86)/atmel/studio/7.0/toolchain/arm/arm-gnu-toolchain/bin/../lib/gcc/arm-none-eabi/6.3.1/../../../../arm-none-eabi/lib/thumb/v6-m\libc_nano.a
END GROUP
START GROUP
LOAD c:/program files (x86)/atmel/studio/7.0/toolchain/arm/arm-gnu-toolchain/bin/../lib/gcc/arm-none-eabi/6.3.1/thumb/v6-m\libgcc.a
LOAD c:/program files (x86)/atmel/studio/7.0/toolchain/arm/arm-gnu-toolchain/bin/../lib/gcc/arm-none-eabi/6.3.1/../../../../arm-none-eabi/lib/thumb/v6-m\libc_nano.a
END GROUP
LOAD c:/program files (x86)/atmel/studio/7.0/toolchain/arm/arm-gnu-toolchain/bin/../lib/gcc/arm-none-eabi/6.3.1/thumb/v6-m/crtend.o
LOAD c:/program files (x86)/atmel/studio/7.0/toolchain/arm/arm-gnu-toolchain/bin/../lib/gcc/arm-none-eabi/6.3.1/thumb/v6-m/crtn.o
                0x00000400                STACK_SIZE = DEFINED (STACK_SIZE)?STACK_SIZE:DEFINED (__stack_size__)?__stack_size__:0x400

.text           0x00000000      0xc74
                0x00000000                . = ALIGN (0x4)
                0x00000000                _sfixed = .
 *(.vectors .vectors.*)
 .vectors       0x00000000       0x8c src/ASF/sam0/utils/cmsis/samd11/source/gcc/startup_samd11.o
                0x00000000                exception_table
 *(.text .text.* .gnu.linkonce.t.*)
 .text          0x0000008c       0x60 c:/program files (x86)/atmel/studio/7.0/toolchain/arm/arm-gnu-toolchain/bin/../lib/gcc/arm-none-eabi/6.3.1/thumb/v6-m/crtbegin.o
 .text.cpu_irq_enter_critical
                0x000000ec       0x34 src/ASF/common/utils/interrupt/interrupt_sam_nvic.o
                0x000000ec                cpu_irq_enter_critical
 .text.cpu_irq_leave_critical
                0x00000120       0x30 src/ASF/common/utils/interrupt/interrupt_sam_nvic.o
                0x00000120                cpu_irq_leave_critical
 .text.system_board_init
                0x00000150       0x34 src/ASF/sam0/boards/samd11_xplained_pro/board_init.o
                0x00000150                board_init
                0x00000150                system_board_init
 .text.port_pin_set_config
                0x00000184       0x20 src/ASF/sam0/drivers/port/port.o
                0x00000184                port_pin_set_config
 .text._system_dfll_wait_for_sync
                0x000001a4       0x10 src/ASF/sam0/drivers/system/clock/clock_samd09_d10_d11/clock.o
 .text.system_clock_source_osc8m_set_config
                0x000001b4       0x3c src/ASF/sam0/drivers/system/clock/clock_samd09_d10_d11/clock.o
                0x000001b4                system_clock_source_osc8m_set_config
 .text.system_clock_source_osc32k_set_config
                0x000001f0       0x70 src/ASF/sam0/drivers/system/clock/clock_samd09_d10_d11/clock.o
                0x000001f0                system_clock_source_osc32k_set_config
 .text.system_clock_source_xosc32k_set_config
                0x00000260       0x9c src/ASF/sam0/drivers/system/clock/clock_samd09_d10_d11/clock.o
                0x00000260                system_clock_source_xosc32k_set_config
 .text.system_clock_source_enable
                0x000002fc       0x90 src/ASF/sam0/drivers/system/clock/clock_samd09_d10_d11/clock.o
                0x000002fc                system_clock_source_enable
 .text.system_clock_init
                0x0000038c      0x120 src/ASF/sam0/drivers/system/clock/clock_samd09_d10_d11/clock.o
                0x0000038c                system_clock_init
 .text.system_gclk_is_syncing
                0x000004ac        0xc src/ASF/sam0/drivers/system/clock/clock_samd09_d10_d11/gclk.o
 .text.system_gclk_init
                0x000004b8       0x20 src/ASF/sam0/drivers/system/clock/clock_samd09_d10_d11/gclk.o
                0x000004b8                system_gclk_init
 .text.system_gclk_gen_set_config
                0x000004d8       0xa4 src/ASF/sam0/drivers/system/clock/clock_samd09_d10_d11/gclk.o
                0x000004d8                system_gclk_gen_set_config
 .text.system_gclk_gen_enable
                0x0000057c       0x40 src/ASF/sam0/drivers/system/clock/clock_samd09_d10_d11/gclk.o
                0x0000057c                system_gclk_gen_enable
 .text.system_gclk_chan_enable
                0x000005bc       0x30 src/ASF/sam0/drivers/system/clock/clock_samd09_d10_d11/gclk.o
                0x000005bc                system_gclk_chan_enable
 .text.system_gclk_chan_disable
                0x000005ec       0x58 src/ASF/sam0/drivers/system/clock/clock_samd09_d10_d11/gclk.o
                0x000005ec                system_gclk_chan_disable
 .text.system_gclk_chan_set_config
                0x00000644       0x1c src/ASF/sam0/drivers/system/clock/clock_samd09_d10_d11/gclk.o
                0x00000644                system_gclk_chan_set_config
 .text._system_pinmux_config
                0x00000660       0x84 src/ASF/sam0/drivers/system/pinmux/pinmux.o
 .text.system_pinmux_pin_set_config
                0x000006e4       0x2c src/ASF/sam0/drivers/system/pinmux/pinmux.o
                0x000006e4                system_pinmux_pin_set_config
 .text._system_dummy_init
                0x00000710        0x2 src/ASF/sam0/drivers/system/system.o
                0x00000710                _system_extint_init
                0x00000710                _system_events_init
                0x00000710                _system_dummy_init
                0x00000710                _system_divas_init
 *fill*         0x00000712        0x2 
 .text.system_init
                0x00000714       0x2c src/ASF/sam0/drivers/system/system.o
                0x00000714                system_init
 .text.tc_register_callback
                0x00000740       0x26 src/ASF/sam0/drivers/tc/tc_interrupt.o
                0x00000740                tc_register_callback
 *fill*         0x00000766        0x2 
 .text._tc_interrupt_handler
                0x00000768       0x5c src/ASF/sam0/drivers/tc/tc_interrupt.o
                0x00000768                _tc_interrupt_handler
 .text.TC1_Handler
                0x000007c4       0x10 src/ASF/sam0/drivers/tc/tc_interrupt.o
                0x000007c4                TC1_Handler
 .text.TC2_Handler
                0x000007d4       0x10 src/ASF/sam0/drivers/tc/tc_interrupt.o
                0x000007d4                TC2_Handler
 .text._tc_get_inst_index
                0x000007e4       0x24 src/ASF/sam0/drivers/tc/tc_sam_d_r_h/tc.o
                0x000007e4                _tc_get_inst_index
 .text.tc_init  0x00000808      0x238 src/ASF/sam0/drivers/tc/tc_sam_d_r_h/tc.o
                0x00000808                tc_init
 .text.Dummy_Handler
                0x00000a40        0x2 src/ASF/sam0/utils/cmsis/samd11/source/gcc/startup_samd11.o
                0x00000a40                DMAC_Handler
                0x00000a40                HardFault_Handler
                0x00000a40                AC_Handler
                0x00000a40                SysTick_Handler
                0x00000a40                PendSV_Handler
                0x00000a40                NMI_Handler
                0x00000a40                SERCOM1_Handler
                0x00000a40                ADC_Handler
                0x00000a40                SERCOM2_Handler
                0x00000a40                TCC0_Handler
                0x00000a40                RTC_Handler
                0x00000a40                EIC_Handler
                0x00000a40                WDT_Handler
                0x00000a40                USB_Handler
                0x00000a40                Dummy_Handler
                0x00000a40                PM_Handler
                0x00000a40                SVC_Handler
                0x00000a40                EVSYS_Handler
                0x00000a40                NVMCTRL_Handler
                0x00000a40                SERCOM0_Handler
                0x00000a40                DAC_Handler
                0x00000a40                PTC_Handler
                0x00000a40                SYSCTRL_Handler
 *fill*         0x00000a42        0x2 
 .text.Reset_Handler
                0x00000a44       0xbc src/ASF/sam0/utils/cmsis/samd11/source/gcc/startup_samd11.o
                0x00000a44                Reset_Handler
 .text.tc_callback_to_toggle_led
                0x00000b00       0x10 src/qs_tc_timer.o
                0x00000b00                tc_callback_to_toggle_led
 .text.configure_tc
                0x00000b10       0x6c src/qs_tc_timer.o
                0x00000b10                configure_tc
 .text.configure_tc_callbacks
                0x00000b7c       0x4c src/qs_tc_timer.o
                0x00000b7c                configure_tc_callbacks
 .text.startup.main
                0x00000bc8       0x2c src/qs_tc_timer.o
                0x00000bc8                main
 .text          0x00000bf4       0x14 c:/program files (x86)/atmel/studio/7.0/toolchain/arm/arm-gnu-toolchain/bin/../lib/gcc/arm-none-eabi/6.3.1/thumb/v6-m\libgcc.a(_thumb1_case_uqi.o)
                0x00000bf4                __gnu_thumb1_case_uqi
 .text.__libc_init_array
                0x00000c08       0x48 c:/program files (x86)/atmel/studio/7.0/toolchain/arm/arm-gnu-toolchain/bin/../lib/gcc/arm-none-eabi/6.3.1/../../../../arm-none-eabi/lib/thumb/v6-m\libc_nano.a(lib_a-init.o)
                0x00000c08                __libc_init_array
 *(.glue_7t)
 .glue_7t       0x00000c50        0x0 linker stubs
 *(.glue_7)
 .glue_7        0x00000c50        0x0 linker stubs
 *(.rodata .rodata* .gnu.linkonce.r.*)
 .rodata.tc_interrupt_vectors.11720
                0x00000c50        0x2 src/qs_tc_timer.o
 *(.ARM.extab* .gnu.linkonce.armextab.*)
                0x00000c54                . = ALIGN (0x4)
 *fill*         0x00000c52        0x2 
 *(.init)
 .init          0x00000c54        0x4 c:/program files (x86)/atmel/studio/7.0/toolchain/arm/arm-gnu-toolchain/bin/../lib/gcc/arm-none-eabi/6.3.1/thumb/v6-m/crti.o
                0x00000c54                _init
 .init          0x00000c58        0x8 c:/program files (x86)/atmel/studio/7.0/toolchain/arm/arm-gnu-toolchain/bin/../lib/gcc/arm-none-eabi/6.3.1/thumb/v6-m/crtn.o
                0x00000c60                . = ALIGN (0x4)
                0x00000c60                __preinit_array_start = .
 *(.preinit_array)
                0x00000c60                __preinit_array_end = .
                0x00000c60                . = ALIGN (0x4)
                0x00000c60                __init_array_start = .
 *(SORT(.init_array.*))
 *(.init_array)
 .init_array    0x00000c60        0x4 c:/program files (x86)/atmel/studio/7.0/toolchain/arm/arm-gnu-toolchain/bin/../lib/gcc/arm-none-eabi/6.3.1/thumb/v6-m/crtbegin.o
                0x00000c64                __init_array_end = .
                0x00000c64                . = ALIGN (0x4)
 *crtbegin.o(.ctors)
 *(EXCLUDE_FILE(*crtend.o) .ctors)
 *(SORT(.ctors.*))
 *crtend.o(.ctors)
                0x00000c64                . = ALIGN (0x4)
 *(.fini)
 .fini          0x00000c64        0x4 c:/program files (x86)/atmel/studio/7.0/toolchain/arm/arm-gnu-toolchain/bin/../lib/gcc/arm-none-eabi/6.3.1/thumb/v6-m/crti.o
                0x00000c64                _fini
 .fini          0x00000c68        0x8 c:/program files (x86)/atmel/studio/7.0/toolchain/arm/arm-gnu-toolchain/bin/../lib/gcc/arm-none-eabi/6.3.1/thumb/v6-m/crtn.o
                0x00000c70                . = ALIGN (0x4)
                0x00000c70                __fini_array_start = .
 *(.fini_array)
 .fini_array    0x00000c70        0x4 c:/program files (x86)/atmel/studio/7.0/toolchain/arm/arm-gnu-toolchain/bin/../lib/gcc/arm-none-eabi/6.3.1/thumb/v6-m/crtbegin.o
 *(SORT(.fini_array.*))
                0x00000c74                __fini_array_end = .
 *crtbegin.o(.dtors)
 *(EXCLUDE_FILE(*crtend.o) .dtors)
 *(SORT(.dtors.*))
 *crtend.o(.dtors)
                0x00000c74                . = ALIGN (0x4)
                0x00000c74                _efixed = .
                [!provide]                PROVIDE (__exidx_start, .)

.vfp11_veneer   0x00000c74        0x0
 .vfp11_veneer  0x00000c74        0x0 linker stubs

.v4_bx          0x00000c74        0x0
 .v4_bx         0x00000c74        0x0 linker stubs

.iplt           0x00000c74        0x0
 .iplt          0x00000c74        0x0 c:/program files (x86)/atmel/studio/7.0/toolchain/arm/arm-gnu-toolchain/bin/../lib/gcc/arm-none-eabi/6.3.1/thumb/v6-m/crtbegin.o

.eh_frame       0x00000c74        0x0
 .eh_frame      0x00000c74        0x0 c:/program files (x86)/atmel/studio/7.0/toolchain/arm/arm-gnu-toolchain/bin/../lib/gcc/arm-none-eabi/6.3.1/thumb/v6-m/crtbegin.o

.rel.dyn        0x00000c74        0x0
 .rel.iplt      0x00000c74        0x0 c:/program files (x86)/atmel/studio/7.0/toolchain/arm/arm-gnu-toolchain/bin/../lib/gcc/arm-none-eabi/6.3.1/thumb/v6-m/crtbegin.o

.jcr            0x00000c74        0x0
 .jcr           0x00000c74        0x0 c:/program files (x86)/atmel/studio/7.0/toolchain/arm/arm-gnu-toolchain/bin/../lib/gcc/arm-none-eabi/6.3.1/thumb/v6-m/crtbegin.o

.igot.plt       0x00000c74        0x0
 .igot.plt      0x00000c74        0x0 c:/program files (x86)/atmel/studio/7.0/toolchain/arm/arm-gnu-toolchain/bin/../lib/gcc/arm-none-eabi/6.3.1/thumb/v6-m/crtbegin.o

.ARM.exidx
 *(.ARM.exidx* .gnu.linkonce.armexidx.*)
                [!provide]                PROVIDE (__exidx_end, .)
                0x00000c74                . = ALIGN (0x4)
                0x00000c74                _etext = .

.relocate       0x20000000        0x4 load address 0x00000c74
                0x20000000                . = ALIGN (0x4)
                0x20000000                _srelocate = .
 *(.ramfunc .ramfunc.*)
 *(.data .data.*)
 .data.g_interrupt_enabled
                0x20000000        0x1 src/ASF/common/utils/interrupt/interrupt_sam_nvic.o
                0x20000000                g_interrupt_enabled
                0x20000004                . = ALIGN (0x4)
 *fill*         0x20000001        0x3 
                0x20000004                _erelocate = .

.bss            0x20000004       0x60 load address 0x00000c78
                0x20000004                . = ALIGN (0x4)
                0x20000004                _sbss = .
                0x20000004                _szero = .
 *(.bss .bss.*)
 .bss           0x20000004       0x1c c:/program files (x86)/atmel/studio/7.0/toolchain/arm/arm-gnu-toolchain/bin/../lib/gcc/arm-none-eabi/6.3.1/thumb/v6-m/crtbegin.o
 .bss.cpu_irq_critical_section_counter
                0x20000020        0x4 src/ASF/common/utils/interrupt/interrupt_sam_nvic.o
 .bss.cpu_irq_prev_interrupt_state
                0x20000024        0x1 src/ASF/common/utils/interrupt/interrupt_sam_nvic.o
 *fill*         0x20000025        0x3 
 .bss._system_clock_inst
                0x20000028       0x18 src/ASF/sam0/drivers/system/clock/clock_samd09_d10_d11/clock.o
 *(COMMON)
 COMMON         0x20000040        0x8 src/ASF/sam0/drivers/tc/tc_interrupt.o
                0x20000040                _tc_instances
 COMMON         0x20000048       0x1c src/qs_tc_timer.o
                0x20000048                tc_instance
                0x20000064                . = ALIGN (0x4)
                0x20000064                _ebss = .
                0x20000064                _ezero = .

.stack          0x20000064      0x404 load address 0x00000cd8
                0x20000068                . = ALIGN (0x8)
 *fill*         0x20000064        0x4 
                0x20000068                _sstack = .
                0x20000468                . = (. + STACK_SIZE)
 *fill*         0x20000068      0x400 
                0x20000468                . = ALIGN (0x8)
                0x20000468                _estack = .
                0x20000468                . = ALIGN (0x4)
                0x20000468                _end = .
OUTPUT(TC_QUICK_START_TIMER1.elf elf32-littlearm)

.ARM.attributes
                0x00000000       0x28
 .ARM.attributes
                0x00000000       0x1e c:/program files (x86)/atmel/studio/7.0/toolchain/arm/arm-gnu-toolchain/bin/../lib/gcc/arm-none-eabi/6.3.1/thumb/v6-m/crti.o
 .ARM.attributes
                0x0000001e       0x2c c:/program files (x86)/atmel/studio/7.0/toolchain/arm/arm-gnu-toolchain/bin/../lib/gcc/arm-none-eabi/6.3.1/thumb/v6-m/crtbegin.o
 .ARM.attributes
                0x0000004a       0x32 src/ASF/common/utils/interrupt/interrupt_sam_nvic.o
 .ARM.attributes
                0x0000007c       0x32 src/ASF/sam0/boards/samd11_xplained_pro/board_init.o
 .ARM.attributes
                0x000000ae       0x32 src/ASF/sam0/drivers/port/port.o
 .ARM.attributes
                0x000000e0       0x32 src/ASF/sam0/drivers/system/clock/clock_samd09_d10_d11/clock.o
 .ARM.attributes
                0x00000112       0x32 src/ASF/sam0/drivers/system/clock/clock_samd09_d10_d11/gclk.o
 .ARM.attributes
                0x00000144       0x32 src/ASF/sam0/drivers/system/pinmux/pinmux.o
 .ARM.attributes
                0x00000176       0x32 src/ASF/sam0/drivers/system/system.o
 .ARM.attributes
                0x000001a8       0x32 src/ASF/sam0/drivers/tc/tc_interrupt.o
 .ARM.attributes
                0x000001da       0x32 src/ASF/sam0/drivers/tc/tc_sam_d_r_h/tc.o
 .ARM.attributes
                0x0000020c       0x32 src/ASF/sam0/utils/cmsis/samd11/source/gcc/startup_samd11.o
 .ARM.attributes
                0x0000023e       0x32 src/qs_tc_timer.o
 .ARM.attributes
                0x00000270       0x1e c:/program files (x86)/atmel/studio/7.0/toolchain/arm/arm-gnu-toolchain/bin/../lib/gcc/arm-none-eabi/6.3.1/thumb/v6-m\libgcc.a(_thumb1_case_uqi.o)
 .ARM.attributes
                0x0000028e       0x2c c:/program files (x86)/atmel/studio/7.0/toolchain/arm/arm-gnu-toolchain/bin/../lib/gcc/arm-none-eabi/6.3.1/../../../../arm-none-eabi/lib/thumb/v6-m\libc_nano.a(lib_a-init.o)
 .ARM.attributes
                0x000002ba       0x1e c:/program files (x86)/atmel/studio/7.0/toolchain/arm/arm-gnu-toolchain/bin/../lib/gcc/arm-none-eabi/6.3.1/thumb/v6-m/crtn.o

.comment        0x00000000       0x59
 .comment       0x00000000       0x59 src/ASF/common/utils/interrupt/interrupt_sam_nvic.o
                                 0x5a (size before relaxing)
 .comment       0x00000059       0x5a src/ASF/sam0/boards/samd11_xplained_pro/board_init.o
 .comment       0x00000059       0x5a src/ASF/sam0/drivers/port/port.o
 .comment       0x00000059       0x5a src/ASF/sam0/drivers/system/clock/clock_samd09_d10_d11/clock.o
 .comment       0x00000059       0x5a src/ASF/sam0/drivers/system/clock/clock_samd09_d10_d11/gclk.o
 .comment       0x00000059       0x5a src/ASF/sam0/drivers/system/pinmux/pinmux.o
 .comment       0x00000059       0x5a src/ASF/sam0/drivers/system/system.o
 .comment       0x00000059       0x5a src/ASF/sam0/drivers/tc/tc_interrupt.o
 .comment       0x00000059       0x5a src/ASF/sam0/drivers/tc/tc_sam_d_r_h/tc.o
 .comment       0x00000059       0x5a src/ASF/sam0/utils/cmsis/samd11/source/gcc/startup_samd11.o
 .comment       0x00000059       0x5a src/qs_tc_timer.o

.debug_frame    0x00000000       0x2c
 .debug_frame   0x00000000       0x2c c:/program files (x86)/atmel/studio/7.0/toolchain/arm/arm-gnu-toolchain/bin/../lib/gcc/arm-none-eabi/6.3.1/../../../../arm-none-eabi/lib/thumb/v6-m\libc_nano.a(lib_a-init.o)

Cross Reference Table

Symbol                                            File
AC_Handler                                        src/ASF/sam0/utils/cmsis/samd11/source/gcc/startup_samd11.o
ADC_Handler                                       src/ASF/sam0/utils/cmsis/samd11/source/gcc/startup_samd11.o
DAC_Handler                                       src/ASF/sam0/utils/cmsis/samd11/source/gcc/startup_samd11.o
DMAC_Handler                                      src/ASF/sam0/utils/cmsis/samd11/source/gcc/startup_samd11.o
Dummy_Handler                                     src/ASF/sam0/utils/cmsis/samd11/source/gcc/startup_samd11.o
EIC_Handler                                       src/ASF/sam0/utils/cmsis/samd11/source/gcc/startup_samd11.o
EVSYS_Handler                                     src/ASF/sam0/utils/cmsis/samd11/source/gcc/startup_samd11.o
HardFault_Handler                                 src/ASF/sam0/utils/cmsis/samd11/source/gcc/startup_samd11.o
NMI_Handler                                       src/ASF/sam0/utils/cmsis/samd11/source/gcc/startup_samd11.o
NVMCTRL_Handler                                   src/ASF/sam0/utils/cmsis/samd11/source/gcc/startup_samd11.o
PM_Handler                                        src/ASF/sam0/utils/cmsis/samd11/source/gcc/startup_samd11.o
PTC_Handler                                       src/ASF/sam0/utils/cmsis/samd11/source/gcc/startup_samd11.o
PendSV_Handler                                    src/ASF/sam0/utils/cmsis/samd11/source/gcc/startup_samd11.o
RTC_Handler                                       src/ASF/sam0/utils/cmsis/samd11/source/gcc/startup_samd11.o
Reset_Handler                                     src/ASF/sam0/utils/cmsis/samd11/source/gcc/startup_samd11.o
SERCOM0_Handler                                   src/ASF/sam0/utils/cmsis/samd11/source/gcc/startup_samd11.o
SERCOM1_Handler                                   src/ASF/sam0/utils/cmsis/samd11/source/gcc/startup_samd11.o
SERCOM2_Handler                                   src/ASF/sam0/utils/cmsis/samd11/source/gcc/startup_samd11.o
SVC_Handler                                       src/ASF/sam0/utils/cmsis/samd11/source/gcc/startup_samd11.o
SYSCTRL_Handler                                   src/ASF/sam0/utils/cmsis/samd11/source/gcc/startup_samd11.o
SysTick_Handler                                   src/ASF/sam0/utils/cmsis/samd11/source/gcc/startup_samd11.o
SystemCoreClock                                   src/ASF/sam0/utils/cmsis/samd11/source/system_samd11.o
SystemCoreClockUpdate                             src/ASF/sam0/utils/cmsis/samd11/source/system_samd11.o
SystemInit                                        src/ASF/sam0/utils/cmsis/samd11/source/system_samd11.o
TC1_Handler                                       src/ASF/sam0/drivers/tc/tc_interrupt.o
TC2_Handler                                       src/ASF/sam0/drivers/tc/tc_interrupt.o
TCC0_Handler                                      src/ASF/sam0/utils/cmsis/samd11/source/gcc/startup_samd11.o
USB_Handler                                       src/ASF/sam0/utils/cmsis/samd11/source/gcc/startup_samd11.o
WDT_Handler                                       src/ASF/sam0/utils/cmsis/samd11/source/gcc/startup_samd11.o
_Jv_RegisterClasses                               c:/program files (x86)/atmel/studio/7.0/toolchain/arm/arm-gnu-toolchain/bin/../lib/gcc/arm-none-eabi/6.3.1/thumb/v6-m/crtbegin.o
__aeabi_idiv0                                     c:/program files (x86)/atmel/studio/7.0/toolchain/arm/arm-gnu-toolchain/bin/../lib/gcc/arm-none-eabi/6.3.1/thumb/v6-m\libgcc.a(_dvmd_tls.o)
                                                  c:/program files (x86)/atmel/studio/7.0/toolchain/arm/arm-gnu-toolchain/bin/../lib/gcc/arm-none-eabi/6.3.1/thumb/v6-m\libgcc.a(_udivsi3.o)
__aeabi_ldiv0                                     c:/program files (x86)/atmel/studio/7.0/toolchain/arm/arm-gnu-toolchain/bin/../lib/gcc/arm-none-eabi/6.3.1/thumb/v6-m\libgcc.a(_dvmd_tls.o)
__aeabi_uidiv                                     c:/program files (x86)/atmel/studio/7.0/toolchain/arm/arm-gnu-toolchain/bin/../lib/gcc/arm-none-eabi/6.3.1/thumb/v6-m\libgcc.a(_udivsi3.o)
                                                  src/ASF/sam0/drivers/system/clock/clock_samd09_d10_d11/gclk.o
                                                  src/ASF/sam0/drivers/system/clock/clock_samd09_d10_d11/clock.o
__aeabi_uidivmod                                  c:/program files (x86)/atmel/studio/7.0/toolchain/arm/arm-gnu-toolchain/bin/../lib/gcc/arm-none-eabi/6.3.1/thumb/v6-m\libgcc.a(_udivsi3.o)
__bss_end__                                       c:/program files (x86)/atmel/studio/7.0/toolchain/arm/arm-gnu-toolchain/bin/../lib/gcc/arm-none-eabi/6.3.1/../../../../arm-none-eabi/lib/thumb/v6-m/crt0.o
__bss_start__                                     c:/program files (x86)/atmel/studio/7.0/toolchain/arm/arm-gnu-toolchain/bin/../lib/gcc/arm-none-eabi/6.3.1/../../../../arm-none-eabi/lib/thumb/v6-m/crt0.o
__call_exitprocs                                  c:/program files (x86)/atmel/studio/7.0/toolchain/arm/arm-gnu-toolchain/bin/../lib/gcc/arm-none-eabi/6.3.1/../../../../arm-none-eabi/lib/thumb/v6-m\libc_nano.a(lib_a-exit.o)
__deregister_frame_info                           c:/program files (x86)/atmel/studio/7.0/toolchain/arm/arm-gnu-toolchain/bin/../lib/gcc/arm-none-eabi/6.3.1/thumb/v6-m/crtbegin.o
__dso_handle                                      c:/program files (x86)/atmel/studio/7.0/toolchain/arm/arm-gnu-toolchain/bin/../lib/gcc/arm-none-eabi/6.3.1/thumb/v6-m/crtbegin.o
__gnu_thumb1_case_uqi                             c:/program files (x86)/atmel/studio/7.0/toolchain/arm/arm-gnu-toolchain/bin/../lib/gcc/arm-none-eabi/6.3.1/thumb/v6-m\libgcc.a(_thumb1_case_uqi.o)
                                                  src/ASF/sam0/drivers/system/clock/clock_samd09_d10_d11/clock.o
__init_array_end                                  c:/program files (x86)/atmel/studio/7.0/toolchain/arm/arm-gnu-toolchain/bin/../lib/gcc/arm-none-eabi/6.3.1/../../../../arm-none-eabi/lib/thumb/v6-m\libc_nano.a(lib_a-init.o)
__init_array_start                                c:/program files (x86)/atmel/studio/7.0/toolchain/arm/arm-gnu-toolchain/bin/../lib/gcc/arm-none-eabi/6.3.1/../../../../arm-none-eabi/lib/thumb/v6-m\libc_nano.a(lib_a-init.o)
__libc_fini_array                                 c:/program files (x86)/atmel/studio/7.0/toolchain/arm/arm-gnu-toolchain/bin/../lib/gcc/arm-none-eabi/6.3.1/../../../../arm-none-eabi/lib/thumb/v6-m/crt0.o
__libc_init_array                                 c:/program files (x86)/atmel/studio/7.0/toolchain/arm/arm-gnu-toolchain/bin/../lib/gcc/arm-none-eabi/6.3.1/../../../../arm-none-eabi/lib/thumb/v6-m\libc_nano.a(lib_a-init.o)
                                                  src/ASF/sam0/utils/cmsis/samd11/source/gcc/startup_samd11.o
                                                  c:/program files (x86)/atmel/studio/7.0/toolchain/arm/arm-gnu-toolchain/bin/../lib/gcc/arm-none-eabi/6.3.1/../../../../arm-none-eabi/lib/thumb/v6-m/crt0.o
__preinit_array_end                               c:/program files (x86)/atmel/studio/7.0/toolchain/arm/arm-gnu-toolchain/bin/../lib/gcc/arm-none-eabi/6.3.1/../../../../arm-none-eabi/lib/thumb/v6-m\libc_nano.a(lib_a-init.o)
__preinit_array_start                             c:/program files (x86)/atmel/studio/7.0/toolchain/arm/arm-gnu-toolchain/bin/../lib/gcc/arm-none-eabi/6.3.1/../../../../arm-none-eabi/lib/thumb/v6-m\libc_nano.a(lib_a-init.o)
__register_frame_info                             c:/program files (x86)/atmel/studio/7.0/toolchain/arm/arm-gnu-toolchain/bin/../lib/gcc/arm-none-eabi/6.3.1/thumb/v6-m/crtbegin.o
__sf_fake_stderr                                  c:/program files (x86)/atmel/studio/7.0/toolchain/arm/arm-gnu-toolchain/bin/../lib/gcc/arm-none-eabi/6.3.1/../../../../arm-none-eabi/lib/thumb/v6-m\libc_nano.a(lib_a-impure.o)
__sf_fake_stdin                                   c:/program files (x86)/atmel/studio/7.0/toolchain/arm/arm-gnu-toolchain/bin/../lib/gcc/arm-none-eabi/6.3.1/../../../../arm-none-eabi/lib/thumb/v6-m\libc_nano.a(lib_a-impure.o)
__sf_fake_stdout                                  c:/program files (x86)/atmel/studio/7.0/toolchain/arm/arm-gnu-toolchain/bin/../lib/gcc/arm-none-eabi/6.3.1/../../../../arm-none-eabi/lib/thumb/v6-m\libc_nano.a(lib_a-impure.o)
__stack                                           c:/program files (x86)/atmel/studio/7.0/toolchain/arm/arm-gnu-toolchain/bin/../lib/gcc/arm-none-eabi/6.3.1/../../../../arm-none-eabi/lib/thumb/v6-m/crt0.o
__udivsi3                                         c:/program files (x86)/atmel/studio/7.0/toolchain/arm/arm-gnu-toolchain/bin/../lib/gcc/arm-none-eabi/6.3.1/thumb/v6-m\libgcc.a(_udivsi3.o)
_close                                            src/ASF/sam0/utils/syscalls/gcc/syscalls.o
_end                                              src/ASF/sam0/utils/syscalls/gcc/syscalls.o
_erelocate                                        src/ASF/sam0/utils/cmsis/samd11/source/gcc/startup_samd11.o
_estack                                           src/ASF/sam0/utils/cmsis/samd11/source/gcc/startup_samd11.o
_etext                                            src/ASF/sam0/utils/cmsis/samd11/source/gcc/startup_samd11.o
_exit                                             src/ASF/sam0/utils/syscalls/gcc/syscalls.o
                                                  c:/program files (x86)/atmel/studio/7.0/toolchain/arm/arm-gnu-toolchain/bin/../lib/gcc/arm-none-eabi/6.3.1/../../../../arm-none-eabi/lib/thumb/v6-m\libc_nano.a(lib_a-exit.o)
_ezero                                            src/ASF/sam0/utils/cmsis/samd11/source/gcc/startup_samd11.o
_fini                                             c:/program files (x86)/atmel/studio/7.0/toolchain/arm/arm-gnu-toolchain/bin/../lib/gcc/arm-none-eabi/6.3.1/thumb/v6-m/crti.o
_fstat                                            src/ASF/sam0/utils/syscalls/gcc/syscalls.o
_getpid                                           src/ASF/sam0/utils/syscalls/gcc/syscalls.o
_global_impure_ptr                                c:/program files (x86)/atmel/studio/7.0/toolchain/arm/arm-gnu-toolchain/bin/../lib/gcc/arm-none-eabi/6.3.1/../../../../arm-none-eabi/lib/thumb/v6-m\libc_nano.a(lib_a-impure.o)
                                                  c:/program files (x86)/atmel/studio/7.0/toolchain/arm/arm-gnu-toolchain/bin/../lib/gcc/arm-none-eabi/6.3.1/../../../../arm-none-eabi/lib/thumb/v6-m\libc_nano.a(lib_a-exit.o)
_impure_ptr                                       c:/program files (x86)/atmel/studio/7.0/toolchain/arm/arm-gnu-toolchain/bin/../lib/gcc/arm-none-eabi/6.3.1/../../../../arm-none-eabi/lib/thumb/v6-m\libc_nano.a(lib_a-impure.o)
_init                                             c:/program files (x86)/atmel/studio/7.0/toolchain/arm/arm-gnu-toolchain/bin/../lib/gcc/arm-none-eabi/6.3.1/thumb/v6-m/crti.o
                                                  c:/program files (x86)/atmel/studio/7.0/toolchain/arm/arm-gnu-toolchain/bin/../lib/gcc/arm-none-eabi/6.3.1/../../../../arm-none-eabi/lib/thumb/v6-m\libc_nano.a(lib_a-init.o)
_isatty                                           src/ASF/sam0/utils/syscalls/gcc/syscalls.o
_kill                                             src/ASF/sam0/utils/syscalls/gcc/syscalls.o
_lseek                                            src/ASF/sam0/utils/syscalls/gcc/syscalls.o
_mainCRTStartup                                   c:/program files (x86)/atmel/studio/7.0/toolchain/arm/arm-gnu-toolchain/bin/../lib/gcc/arm-none-eabi/6.3.1/../../../../arm-none-eabi/lib/thumb/v6-m/crt0.o
_sbrk                                             src/ASF/sam0/utils/syscalls/gcc/syscalls.o
_sfixed                                           src/ASF/sam0/utils/cmsis/samd11/source/gcc/startup_samd11.o
_srelocate                                        src/ASF/sam0/utils/cmsis/samd11/source/gcc/startup_samd11.o
_start                                            c:/program files (x86)/atmel/studio/7.0/toolchain/arm/arm-gnu-toolchain/bin/../lib/gcc/arm-none-eabi/6.3.1/../../../../arm-none-eabi/lib/thumb/v6-m/crt0.o
_system_divas_init                                src/ASF/sam0/drivers/system/system.o
_system_dummy_init                                src/ASF/sam0/drivers/system/system.o
_system_events_init                               src/ASF/sam0/drivers/system/system.o
_system_extint_init                               src/ASF/sam0/drivers/system/system.o
_szero                                            src/ASF/sam0/utils/cmsis/samd11/source/gcc/startup_samd11.o
_tc_get_inst_index                                src/ASF/sam0/drivers/tc/tc_sam_d_r_h/tc.o
                                                  src/qs_tc_timer.o
_tc_instances                                     src/ASF/sam0/drivers/tc/tc_interrupt.o
                                                  src/ASF/sam0/drivers/tc/tc_sam_d_r_h/tc.o
_tc_interrupt_handler                             src/ASF/sam0/drivers/tc/tc_interrupt.o
atexit                                            c:/program files (x86)/atmel/studio/7.0/toolchain/arm/arm-gnu-toolchain/bin/../lib/gcc/arm-none-eabi/6.3.1/../../../../arm-none-eabi/lib/thumb/v6-m/crt0.o
board_init                                        src/ASF/sam0/boards/samd11_xplained_pro/board_init.o
configure_tc                                      src/qs_tc_timer.o
configure_tc_callbacks                            src/qs_tc_timer.o
cpu_irq_enter_critical                            src/ASF/common/utils/interrupt/interrupt_sam_nvic.o
                                                  src/ASF/sam0/drivers/system/clock/clock_samd09_d10_d11/gclk.o
cpu_irq_leave_critical                            src/ASF/common/utils/interrupt/interrupt_sam_nvic.o
                                                  src/ASF/sam0/drivers/system/clock/clock_samd09_d10_d11/gclk.o
exception_table                                   src/ASF/sam0/utils/cmsis/samd11/source/gcc/startup_samd11.o
exit                                              c:/program files (x86)/atmel/studio/7.0/toolchain/arm/arm-gnu-toolchain/bin/../lib/gcc/arm-none-eabi/6.3.1/../../../../arm-none-eabi/lib/thumb/v6-m\libc_nano.a(lib_a-exit.o)
                                                  c:/program files (x86)/atmel/studio/7.0/toolchain/arm/arm-gnu-toolchain/bin/../lib/gcc/arm-none-eabi/6.3.1/../../../../arm-none-eabi/lib/thumb/v6-m/crt0.o
g_interrupt_enabled                               src/ASF/common/utils/interrupt/interrupt_sam_nvic.o
                                                  src/qs_tc_timer.o
hardware_init_hook                                c:/program files (x86)/atmel/studio/7.0/toolchain/arm/arm-gnu-toolchain/bin/../lib/gcc/arm-none-eabi/6.3.1/../../../../arm-none-eabi/lib/thumb/v6-m/crt0.o
link                                              src/ASF/sam0/utils/syscalls/gcc/syscalls.o
main                                              src/qs_tc_timer.o
                                                  src/ASF/sam0/utils/cmsis/samd11/source/gcc/startup_samd11.o
                                                  c:/program files (x86)/atmel/studio/7.0/toolchain/arm/arm-gnu-toolchain/bin/../lib/gcc/arm-none-eabi/6.3.1/../../../../arm-none-eabi/lib/thumb/v6-m/crt0.o
memset                                            c:/program files (x86)/atmel/studio/7.0/toolchain/arm/arm-gnu-toolchain/bin/../lib/gcc/arm-none-eabi/6.3.1/../../../../arm-none-eabi/lib/thumb/v6-m\libc_nano.a(lib_a-memset.o)
                                                  c:/program files (x86)/atmel/studio/7.0/toolchain/arm/arm-gnu-toolchain/bin/../lib/gcc/arm-none-eabi/6.3.1/../../../../arm-none-eabi/lib/thumb/v6-m/crt0.o
port_group_set_config                             src/ASF/sam0/drivers/port/port.o
port_pin_set_config                               src/ASF/sam0/drivers/port/port.o
                                                  src/ASF/sam0/boards/samd11_xplained_pro/board_init.o
software_init_hook                                c:/program files (x86)/atmel/studio/7.0/toolchain/arm/arm-gnu-toolchain/bin/../lib/gcc/arm-none-eabi/6.3.1/../../../../arm-none-eabi/lib/thumb/v6-m/crt0.o
system_board_init                                 src/ASF/sam0/boards/samd11_xplained_pro/board_init.o
system_clock_init                                 src/ASF/sam0/drivers/system/clock/clock_samd09_d10_d11/clock.o
system_clock_source_dfll_set_config               src/ASF/sam0/drivers/system/clock/clock_samd09_d10_d11/clock.o
system_clock_source_disable                       src/ASF/sam0/drivers/system/clock/clock_samd09_d10_d11/clock.o
system_clock_source_dpll_set_config               src/ASF/sam0/drivers/system/clock/clock_samd09_d10_d11/clock.o
system_clock_source_enable                        src/ASF/sam0/drivers/system/clock/clock_samd09_d10_d11/clock.o
system_clock_source_get_hz                        src/ASF/sam0/drivers/system/clock/clock_samd09_d10_d11/clock.o
                                                  src/ASF/sam0/drivers/system/clock/clock_samd09_d10_d11/gclk.o
system_clock_source_is_ready                      src/ASF/sam0/drivers/system/clock/clock_samd09_d10_d11/clock.o
system_clock_source_osc32k_set_config             src/ASF/sam0/drivers/system/clock/clock_samd09_d10_d11/clock.o
system_clock_source_osc8m_set_config              src/ASF/sam0/drivers/system/clock/clock_samd09_d10_d11/clock.o
system_clock_source_write_calibration             src/ASF/sam0/drivers/system/clock/clock_samd09_d10_d11/clock.o
system_clock_source_xosc32k_set_config            src/ASF/sam0/drivers/system/clock/clock_samd09_d10_d11/clock.o
system_clock_source_xosc_set_config               src/ASF/sam0/drivers/system/clock/clock_samd09_d10_d11/clock.o
system_gclk_chan_disable                          src/ASF/sam0/drivers/system/clock/clock_samd09_d10_d11/gclk.o
system_gclk_chan_enable                           src/ASF/sam0/drivers/system/clock/clock_samd09_d10_d11/gclk.o
                                                  src/ASF/sam0/drivers/tc/tc_sam_d_r_h/tc.o
system_gclk_chan_get_hz                           src/ASF/sam0/drivers/system/clock/clock_samd09_d10_d11/gclk.o
                                                  src/ASF/sam0/drivers/system/clock/clock_samd09_d10_d11/clock.o
system_gclk_chan_is_enabled                       src/ASF/sam0/drivers/system/clock/clock_samd09_d10_d11/gclk.o
system_gclk_chan_is_locked                        src/ASF/sam0/drivers/system/clock/clock_samd09_d10_d11/gclk.o
system_gclk_chan_lock                             src/ASF/sam0/drivers/system/clock/clock_samd09_d10_d11/gclk.o
system_gclk_chan_set_config                       src/ASF/sam0/drivers/system/clock/clock_samd09_d10_d11/gclk.o
                                                  src/ASF/sam0/drivers/tc/tc_sam_d_r_h/tc.o
                                                  src/ASF/sam0/drivers/system/clock/clock_samd09_d10_d11/clock.o
system_gclk_gen_disable                           src/ASF/sam0/drivers/system/clock/clock_samd09_d10_d11/gclk.o
system_gclk_gen_enable                            src/ASF/sam0/drivers/system/clock/clock_samd09_d10_d11/gclk.o
                                                  src/ASF/sam0/drivers/system/clock/clock_samd09_d10_d11/clock.o
system_gclk_gen_get_hz                            src/ASF/sam0/drivers/system/clock/clock_samd09_d10_d11/gclk.o
system_gclk_gen_is_enabled                        src/ASF/sam0/drivers/system/clock/clock_samd09_d10_d11/gclk.o
system_gclk_gen_set_config                        src/ASF/sam0/drivers/system/clock/clock_samd09_d10_d11/gclk.o
                                                  src/ASF/sam0/drivers/system/clock/clock_samd09_d10_d11/clock.o
system_gclk_init                                  src/ASF/sam0/drivers/system/clock/clock_samd09_d10_d11/gclk.o
                                                  src/ASF/sam0/drivers/system/clock/clock_samd09_d10_d11/clock.o
system_init                                       src/ASF/sam0/drivers/system/system.o
                                                  src/qs_tc_timer.o
system_interrupt_clear_pending                    src/ASF/sam0/drivers/system/interrupt/system_interrupt.o
system_interrupt_get_priority                     src/ASF/sam0/drivers/system/interrupt/system_interrupt.o
system_interrupt_is_pending                       src/ASF/sam0/drivers/system/interrupt/system_interrupt.o
system_interrupt_set_pending                      src/ASF/sam0/drivers/system/interrupt/system_interrupt.o
system_interrupt_set_priority                     src/ASF/sam0/drivers/system/interrupt/system_interrupt.o
system_pinmux_group_set_config                    src/ASF/sam0/drivers/system/pinmux/pinmux.o
                                                  src/ASF/sam0/drivers/port/port.o
system_pinmux_group_set_input_sample_mode         src/ASF/sam0/drivers/system/pinmux/pinmux.o
system_pinmux_group_set_output_strength           src/ASF/sam0/drivers/system/pinmux/pinmux.o
system_pinmux_pin_set_config                      src/ASF/sam0/drivers/system/pinmux/pinmux.o
                                                  src/ASF/sam0/drivers/tc/tc_sam_d_r_h/tc.o
                                                  src/ASF/sam0/drivers/port/port.o
tc_callback_to_toggle_led                         src/qs_tc_timer.o
tc_get_capture_value                              src/ASF/sam0/drivers/tc/tc_sam_d_r_h/tc.o
tc_get_count_value                                src/ASF/sam0/drivers/tc/tc_sam_d_r_h/tc.o
tc_init                                           src/ASF/sam0/drivers/tc/tc_sam_d_r_h/tc.o
                                                  src/qs_tc_timer.o
tc_instance                                       src/qs_tc_timer.o
tc_register_callback                              src/ASF/sam0/drivers/tc/tc_interrupt.o
                                                  src/qs_tc_timer.o
tc_reset                                          src/ASF/sam0/drivers/tc/tc_sam_d_r_h/tc.o
tc_set_compare_value                              src/ASF/sam0/drivers/tc/tc_sam_d_r_h/tc.o
tc_set_count_value                                src/ASF/sam0/drivers/tc/tc_sam_d_r_h/tc.o
tc_set_top_value                                  src/ASF/sam0/drivers/tc/tc_sam_d_r_h/tc.o
tc_unregister_callback                            src/ASF/sam0/drivers/tc/tc_interrupt.o
