Archive member included to satisfy reference by file (symbol)

c:/program files (x86)/atmel/studio/7.0/toolchain/arm/arm-gnu-toolchain/bin/../lib/gcc/arm-none-eabi/6.3.1/thumb/v6-m\libgcc.a(_udivsi3.o)
                              src/ASF/sam0/drivers/system/clock/clock_samd09_d10_d11/clock.o (__aeabi_uidiv)
c:/program files (x86)/atmel/studio/7.0/toolchain/arm/arm-gnu-toolchain/bin/../lib/gcc/arm-none-eabi/6.3.1/thumb/v6-m\libgcc.a(_dvmd_tls.o)
                              c:/program files (x86)/atmel/studio/7.0/toolchain/arm/arm-gnu-toolchain/bin/../lib/gcc/arm-none-eabi/6.3.1/thumb/v6-m\libgcc.a(_udivsi3.o) (__aeabi_idiv0)
c:/program files (x86)/atmel/studio/7.0/toolchain/arm/arm-gnu-toolchain/bin/../lib/gcc/arm-none-eabi/6.3.1/../../../../arm-none-eabi/lib/thumb/v6-m\libc_nano.a(lib_a-exit.o)
                              c:/program files (x86)/atmel/studio/7.0/toolchain/arm/arm-gnu-toolchain/bin/../lib/gcc/arm-none-eabi/6.3.1/../../../../arm-none-eabi/lib/thumb/v6-m/crt0.o (exit)
c:/program files (x86)/atmel/studio/7.0/toolchain/arm/arm-gnu-toolchain/bin/../lib/gcc/arm-none-eabi/6.3.1/../../../../arm-none-eabi/lib/thumb/v6-m\libc_nano.a(lib_a-impure.o)
                              c:/program files (x86)/atmel/studio/7.0/toolchain/arm/arm-gnu-toolchain/bin/../lib/gcc/arm-none-eabi/6.3.1/../../../../arm-none-eabi/lib/thumb/v6-m\libc_nano.a(lib_a-exit.o) (_global_impure_ptr)
c:/program files (x86)/atmel/studio/7.0/toolchain/arm/arm-gnu-toolchain/bin/../lib/gcc/arm-none-eabi/6.3.1/../../../../arm-none-eabi/lib/thumb/v6-m\libc_nano.a(lib_a-init.o)
                              c:/program files (x86)/atmel/studio/7.0/toolchain/arm/arm-gnu-toolchain/bin/../lib/gcc/arm-none-eabi/6.3.1/../../../../arm-none-eabi/lib/thumb/v6-m/crt0.o (__libc_init_array)
c:/program files (x86)/atmel/studio/7.0/toolchain/arm/arm-gnu-toolchain/bin/../lib/gcc/arm-none-eabi/6.3.1/../../../../arm-none-eabi/lib/thumb/v6-m\libc_nano.a(lib_a-memset.o)
                              c:/program files (x86)/atmel/studio/7.0/toolchain/arm/arm-gnu-toolchain/bin/../lib/gcc/arm-none-eabi/6.3.1/../../../../arm-none-eabi/lib/thumb/v6-m/crt0.o (memset)

Allocating common symbols
Common symbol       size              file

_tc_instances       0x8               src/ASF/sam0/drivers/tc/tc_interrupt.o
_extint_dev         0x40              src/ASF/sam0/drivers/extint/extint_sam_d_r_h/extint.o
_current_channel    0x1               src/ASF/sam0/drivers/extint/extint_callback.o
system_timer_instance
                    0x1c              src/test_button.o
pwm_generator_instance
                    0x1c              src/test_button.o

Discarded input sections

 .text          0x00000000        0x0 c:/program files (x86)/atmel/studio/7.0/toolchain/arm/arm-gnu-toolchain/bin/../lib/gcc/arm-none-eabi/6.3.1/thumb/v6-m/crti.o
 .data          0x00000000        0x0 c:/program files (x86)/atmel/studio/7.0/toolchain/arm/arm-gnu-toolchain/bin/../lib/gcc/arm-none-eabi/6.3.1/thumb/v6-m/crti.o
 .bss           0x00000000        0x0 c:/program files (x86)/atmel/studio/7.0/toolchain/arm/arm-gnu-toolchain/bin/../lib/gcc/arm-none-eabi/6.3.1/thumb/v6-m/crti.o
 .data          0x00000000        0x4 c:/program files (x86)/atmel/studio/7.0/toolchain/arm/arm-gnu-toolchain/bin/../lib/gcc/arm-none-eabi/6.3.1/thumb/v6-m/crtbegin.o
 .text          0x00000000       0x78 c:/program files (x86)/atmel/studio/7.0/toolchain/arm/arm-gnu-toolchain/bin/../lib/gcc/arm-none-eabi/6.3.1/../../../../arm-none-eabi/lib/thumb/v6-m/crt0.o
 .data          0x00000000        0x0 c:/program files (x86)/atmel/studio/7.0/toolchain/arm/arm-gnu-toolchain/bin/../lib/gcc/arm-none-eabi/6.3.1/../../../../arm-none-eabi/lib/thumb/v6-m/crt0.o
 .bss           0x00000000        0x0 c:/program files (x86)/atmel/studio/7.0/toolchain/arm/arm-gnu-toolchain/bin/../lib/gcc/arm-none-eabi/6.3.1/../../../../arm-none-eabi/lib/thumb/v6-m/crt0.o
 .ARM.extab     0x00000000        0x0 c:/program files (x86)/atmel/studio/7.0/toolchain/arm/arm-gnu-toolchain/bin/../lib/gcc/arm-none-eabi/6.3.1/../../../../arm-none-eabi/lib/thumb/v6-m/crt0.o
 .ARM.exidx     0x00000000        0x8 c:/program files (x86)/atmel/studio/7.0/toolchain/arm/arm-gnu-toolchain/bin/../lib/gcc/arm-none-eabi/6.3.1/../../../../arm-none-eabi/lib/thumb/v6-m/crt0.o
 .ARM.attributes
                0x00000000       0x1b c:/program files (x86)/atmel/studio/7.0/toolchain/arm/arm-gnu-toolchain/bin/../lib/gcc/arm-none-eabi/6.3.1/../../../../arm-none-eabi/lib/thumb/v6-m/crt0.o
 .group         0x00000000        0x8 src/ASF/sam0/drivers/extint/extint_sam_d_r_h/extint.o
 .group         0x00000000        0x8 src/ASF/sam0/drivers/extint/extint_sam_d_r_h/extint.o
 .group         0x00000000        0x8 src/ASF/sam0/drivers/extint/extint_sam_d_r_h/extint.o
 .group         0x00000000        0x8 src/ASF/sam0/drivers/extint/extint_sam_d_r_h/extint.o
 .group         0x00000000        0x8 src/ASF/sam0/drivers/extint/extint_sam_d_r_h/extint.o
[...]
Memory Configuration

Name             Origin             Length             Attributes
rom              0x00000000         0x00004000         xr
ram              0x20000000         0x00001000         xrw
*default*        0x00000000         0xffffffff

Linker script and memory map

LOAD c:/program files (x86)/atmel/studio/7.0/toolchain/arm/arm-gnu-toolchain/bin/../lib/gcc/arm-none-eabi/6.3.1/thumb/v6-m/crti.o
LOAD c:/program files (x86)/atmel/studio/7.0/toolchain/arm/arm-gnu-toolchain/bin/../lib/gcc/arm-none-eabi/6.3.1/thumb/v6-m/crtbegin.o
LOAD c:/program files (x86)/atmel/studio/7.0/toolchain/arm/arm-gnu-toolchain/bin/../lib/gcc/arm-none-eabi/6.3.1/../../../../arm-none-eabi/lib/thumb/v6-m/crt0.o
LOAD src/ASF/sam0/drivers/extint/extint_sam_d_r_h/extint.o
LOAD src/ASF/sam0/drivers/tc/tc_interrupt.o
LOAD src/ASF/sam0/drivers/tc/tc_sam_d_r_h/tc.o
LOAD src/test_button.o
LOAD src/ASF/sam0/drivers/extint/extint_callback.o
LOAD src/ASF/common/utils/interrupt/interrupt_sam_nvic.o
LOAD src/ASF/sam0/boards/samd11_xplained_pro/board_init.o
LOAD src/ASF/sam0/drivers/port/port.o
LOAD src/ASF/sam0/drivers/system/clock/clock_samd09_d10_d11/clock.o
LOAD src/ASF/sam0/drivers/system/clock/clock_samd09_d10_d11/gclk.o
LOAD src/ASF/sam0/drivers/system/interrupt/system_interrupt.o
LOAD src/ASF/sam0/drivers/system/pinmux/pinmux.o
LOAD src/ASF/sam0/drivers/system/system.o
LOAD src/ASF/sam0/utils/cmsis/samd11/source/gcc/startup_samd11.o
LOAD src/ASF/sam0/utils/cmsis/samd11/source/system_samd11.o
LOAD src/ASF/sam0/utils/syscalls/gcc/syscalls.o
LOAD src/qs_system_interrupt.o
START GROUP
LOAD ../src/ASF/thirdparty/CMSIS/Lib/GCC\libarm_cortexM0l_math.a
LOAD c:/program files (x86)/atmel/studio/7.0/toolchain/arm/arm-gnu-toolchain/bin/../lib/gcc/arm-none-eabi/6.3.1/../../../../arm-none-eabi/lib/thumb/v6-m\libm.a
END GROUP
START GROUP
LOAD c:/program files (x86)/atmel/studio/7.0/toolchain/arm/arm-gnu-toolchain/bin/../lib/gcc/arm-none-eabi/6.3.1/thumb/v6-m\libgcc.a
LOAD c:/program files (x86)/atmel/studio/7.0/toolchain/arm/arm-gnu-toolchain/bin/../lib/gcc/arm-none-eabi/6.3.1/../../../../arm-none-eabi/lib/thumb/v6-m\libc_nano.a
END GROUP
START GROUP
LOAD c:/program files (x86)/atmel/studio/7.0/toolchain/arm/arm-gnu-toolchain/bin/../lib/gcc/arm-none-eabi/6.3.1/thumb/v6-m\libgcc.a
LOAD c:/program files (x86)/atmel/studio/7.0/toolchain/arm/arm-gnu-toolchain/bin/../lib/gcc/arm-none-eabi/6.3.1/../../../../arm-none-eabi/lib/thumb/v6-m\libc_nano.a
END GROUP
LOAD c:/program files (x86)/atmel/studio/7.0/toolchain/arm/arm-gnu-toolchain/bin/../lib/gcc/arm-none-eabi/6.3.1/thumb/v6-m/crtend.o
LOAD c:/program files (x86)/atmel/studio/7.0/toolchain/arm/arm-gnu-toolchain/bin/../lib/gcc/arm-none-eabi/6.3.1/thumb/v6-m/crtn.o
                0x00000400                STACK_SIZE = DEFINED (STACK_SIZE)?STACK_SIZE:DEFINED (__stack_size__)?__stack_size__:0x400

.text           0x00000000     0x2050
                0x00000000                . = ALIGN (0x4)
                0x00000000                _sfixed = .
 *(.vectors .vectors.*)
 .vectors       0x00000000       0x8c src/ASF/sam0/utils/cmsis/samd11/source/gcc/startup_samd11.o
                0x00000000                exception_table
 *(.text .text.* .gnu.linkonce.t.*)
 .text          0x0000008c       0x60 c:/program files (x86)/atmel/studio/7.0/toolchain/arm/arm-gnu-toolchain/bin/../lib/gcc/arm-none-eabi/6.3.1/thumb/v6-m/crtbegin.o
 .text.system_gclk_chan_get_config_defaults
                0x000000ec       0x16 src/ASF/sam0/drivers/extint/extint_sam_d_r_h/extint.o
 *fill*         0x00000102        0x2 
 .text.system_apb_clock_set_mask
                0x00000104       0x5c src/ASF/sam0/drivers/extint/extint_sam_d_r_h/extint.o
 .text.system_pinmux_get_config_defaults
                0x00000160       0x28 src/ASF/sam0/drivers/extint/extint_sam_d_r_h/extint.o
 .text.system_interrupt_enable
                0x00000188       0x2c src/ASF/sam0/drivers/extint/extint_sam_d_r_h/extint.o
 .text._extint_get_eic_from_channel
                0x000001b4       0x4c src/ASF/sam0/drivers/extint/extint_sam_d_r_h/extint.o
 .text.extint_is_syncing
                0x00000200       0x48 src/ASF/sam0/drivers/extint/extint_sam_d_r_h/extint.o
 .text._system_extint_init
                0x00000248       0xe0 src/ASF/sam0/drivers/extint/extint_sam_d_r_h/extint.o
                0x00000248                _system_extint_init
 .text._extint_enable
                0x00000328       0x64 src/ASF/sam0/drivers/extint/extint_sam_d_r_h/extint.o
 .text.extint_chan_get_config_defaults
                0x0000038c       0x34 src/ASF/sam0/drivers/extint/extint_sam_d_r_h/extint.o
                0x0000038c                extint_chan_get_config_defaults
 .text.extint_chan_set_config
                0x000003c0       0xfc src/ASF/sam0/drivers/extint/extint_sam_d_r_h/extint.o
                0x000003c0                extint_chan_set_config
 .text.TC1_Handler
                0x000004bc       0x14 src/ASF/sam0/drivers/tc/tc_interrupt.o
                0x000004bc                TC1_Handler
 .text.TC2_Handler
                0x000004d0       0x14 src/ASF/sam0/drivers/tc/tc_interrupt.o
                0x000004d0                TC2_Handler
 .text._tc_interrupt_handler
                0x000004e4       0xb8 src/ASF/sam0/drivers/tc/tc_interrupt.o
                0x000004e4                _tc_interrupt_handler
 .text.system_gclk_chan_get_config_defaults
                0x0000059c       0x16 src/ASF/sam0/drivers/tc/tc_sam_d_r_h/tc.o
 *fill*         0x000005b2        0x2 
 .text.system_apb_clock_set_mask
                0x000005b4       0x5c src/ASF/sam0/drivers/tc/tc_sam_d_r_h/tc.o
 .text.system_pinmux_get_config_defaults
                0x00000610       0x28 src/ASF/sam0/drivers/tc/tc_sam_d_r_h/tc.o
 .text.tc_is_syncing
                0x00000638       0x28 src/ASF/sam0/drivers/tc/tc_sam_d_r_h/tc.o
 .text._tc_get_inst_index
                0x00000660       0x48 src/ASF/sam0/drivers/tc/tc_sam_d_r_h/tc.o
                0x00000660                _tc_get_inst_index
 .text.tc_init  0x000006a8      0x448 src/ASF/sam0/drivers/tc/tc_sam_d_r_h/tc.o
                0x000006a8                tc_init
 .text.tc_set_compare_value
                0x00000af0       0xa4 src/ASF/sam0/drivers/tc/tc_sam_d_r_h/tc.o
                0x00000af0                tc_set_compare_value
 .text.system_pinmux_get_group_from_gpio_pin
                0x00000b94       0x60 src/test_button.o
 .text.port_get_group_from_gpio_pin
                0x00000bf4       0x24 src/test_button.o
 .text.port_get_config_defaults
                0x00000c18       0x22 src/test_button.o
 *fill*         0x00000c3a        0x2 
 .text.port_pin_set_output_level
                0x00000c3c       0x54 src/test_button.o
 .text.system_interrupt_enable_global
                0x00000c90       0x1c src/test_button.o
 .text.tc_is_syncing
                0x00000cac       0x28 src/test_button.o
 .text.tc_get_config_defaults
                0x00000cd4       0x88 src/test_button.o
 .text.tc_enable
                0x00000d5c       0x38 src/test_button.o
 .text.tc_disable
                0x00000d94       0x44 src/test_button.o
 .text.configure_extint_channel
                0x00000dd8       0x48 src/test_button.o
                0x00000dd8                configure_extint_channel
 .text.configure_extint_callbacks
                0x00000e20       0x2c src/test_button.o
                0x00000e20                configure_extint_callbacks
 .text.configure_pwm_generator
                0x00000e4c       0x78 src/test_button.o
                0x00000e4c                configure_pwm_generator
 .text.motor_enable
                0x00000ec4       0x30 src/test_button.o
                0x00000ec4                motor_enable
 .text.motor_disable
                0x00000ef4       0x54 src/test_button.o
                0x00000ef4                motor_disable
 .text.configure_port_pins
                0x00000f48       0xe0 src/test_button.o
                0x00000f48                configure_port_pins
 .text.cycle_pwm_motor
                0x00001028       0xac src/test_button.o
                0x00001028                cycle_pwm_motor
 .text.extint_detection_callback
                0x000010d4       0x14 src/test_button.o
                0x000010d4                extint_detection_callback
 .text.main     0x000010e8       0x4c src/test_button.o
                0x000010e8                main
 .text._extint_get_eic_from_channel
                0x00001134       0x4c src/ASF/sam0/drivers/extint/extint_callback.o
 .text.extint_chan_is_detected
                0x00001180       0x44 src/ASF/sam0/drivers/extint/extint_callback.o
 .text.extint_chan_clear_detected
                0x000011c4       0x3c src/ASF/sam0/drivers/extint/extint_callback.o
 .text.extint_register_callback
                0x00001200       0x64 src/ASF/sam0/drivers/extint/extint_callback.o
                0x00001200                extint_register_callback
 .text.extint_chan_enable_callback
                0x00001264       0x48 src/ASF/sam0/drivers/extint/extint_callback.o
                0x00001264                extint_chan_enable_callback
 .text.EIC_Handler
                0x000012ac       0x6c src/ASF/sam0/drivers/extint/extint_callback.o
                0x000012ac                EIC_Handler
 .text.cpu_irq_enter_critical
                0x00001318       0x54 src/ASF/common/utils/interrupt/interrupt_sam_nvic.o
                0x00001318                cpu_irq_enter_critical
 .text.cpu_irq_leave_critical
                0x0000136c       0x40 src/ASF/common/utils/interrupt/interrupt_sam_nvic.o
                0x0000136c                cpu_irq_leave_critical
 .text.system_pinmux_get_group_from_gpio_pin
                0x000013ac       0x60 src/ASF/sam0/boards/samd11_xplained_pro/board_init.o
 .text.port_get_group_from_gpio_pin
                0x0000140c       0x24 src/ASF/sam0/boards/samd11_xplained_pro/board_init.o
 .text.port_get_config_defaults
                0x00001430       0x22 src/ASF/sam0/boards/samd11_xplained_pro/board_init.o
 *fill*         0x00001452        0x2 
 .text.port_pin_set_output_level
                0x00001454       0x54 src/ASF/sam0/boards/samd11_xplained_pro/board_init.o
 .text.system_board_init
                0x000014a8       0x50 src/ASF/sam0/boards/samd11_xplained_pro/board_init.o
                0x000014a8                board_init
                0x000014a8                system_board_init
 .text.system_pinmux_get_config_defaults
                0x000014f8       0x28 src/ASF/sam0/drivers/port/port.o
 .text.port_pin_set_config
                0x00001520       0x60 src/ASF/sam0/drivers/port/port.o
                0x00001520                port_pin_set_config
 .text.system_gclk_gen_get_config_defaults
                0x00001580       0x2e src/ASF/sam0/drivers/system/clock/clock_samd09_d10_d11/clock.o
 .text.system_clock_source_osc8m_get_config_defaults
                0x000015ae       0x22 src/ASF/sam0/drivers/system/clock/clock_samd09_d10_d11/clock.o
 .text.system_cpu_clock_set_divider
                0x000015d0       0x20 src/ASF/sam0/drivers/system/clock/clock_samd09_d10_d11/clock.o
 .text.system_apb_clock_set_divider
                0x000015f0       0x54 src/ASF/sam0/drivers/system/clock/clock_samd09_d10_d11/clock.o
 .text.system_flash_set_waitstates
                0x00001644       0x34 src/ASF/sam0/drivers/system/clock/clock_samd09_d10_d11/clock.o
 .text._system_dfll_wait_for_sync
                0x00001678       0x1c src/ASF/sam0/drivers/system/clock/clock_samd09_d10_d11/clock.o
 .text._system_clock_source_dfll_set_config_errata_9905
                0x00001694       0x44 src/ASF/sam0/drivers/system/clock/clock_samd09_d10_d11/clock.o
 .text.system_clock_source_osc8m_set_config
                0x000016d8       0x78 src/ASF/sam0/drivers/system/clock/clock_samd09_d10_d11/clock.o
                0x000016d8                system_clock_source_osc8m_set_config
 .text.system_clock_source_enable
                0x00001750       0xac src/ASF/sam0/drivers/system/clock/clock_samd09_d10_d11/clock.o
                0x00001750                system_clock_source_enable
 .text._switch_peripheral_gclk
                0x000017fc       0x38 src/ASF/sam0/drivers/system/clock/clock_samd09_d10_d11/clock.o
 .text.system_clock_init
                0x00001834      0x110 src/ASF/sam0/drivers/system/clock/clock_samd09_d10_d11/clock.o
                0x00001834                system_clock_init
 .text.system_apb_clock_set_mask
                0x00001944       0x5c src/ASF/sam0/drivers/system/clock/clock_samd09_d10_d11/gclk.o
 .text.system_interrupt_enter_critical_section
                0x000019a0       0x14 src/ASF/sam0/drivers/system/clock/clock_samd09_d10_d11/gclk.o
 .text.system_interrupt_leave_critical_section
                0x000019b4       0x14 src/ASF/sam0/drivers/system/clock/clock_samd09_d10_d11/gclk.o
 .text.system_gclk_is_syncing
                0x000019c8       0x20 src/ASF/sam0/drivers/system/clock/clock_samd09_d10_d11/gclk.o
 .text.system_gclk_init
                0x000019e8       0x30 src/ASF/sam0/drivers/system/clock/clock_samd09_d10_d11/gclk.o
                0x000019e8                system_gclk_init
 .text.system_gclk_gen_set_config
                0x00001a18      0x124 src/ASF/sam0/drivers/system/clock/clock_samd09_d10_d11/gclk.o
                0x00001a18                system_gclk_gen_set_config
 .text.system_gclk_gen_enable
                0x00001b3c       0x5c src/ASF/sam0/drivers/system/clock/clock_samd09_d10_d11/gclk.o
                0x00001b3c                system_gclk_gen_enable
 .text.system_gclk_chan_set_config
                0x00001b98       0x44 src/ASF/sam0/drivers/system/clock/clock_samd09_d10_d11/gclk.o
                0x00001b98                system_gclk_chan_set_config
 .text.system_gclk_chan_enable
                0x00001bdc       0x48 src/ASF/sam0/drivers/system/clock/clock_samd09_d10_d11/gclk.o
                0x00001bdc                system_gclk_chan_enable
 .text.system_gclk_chan_disable
                0x00001c24       0x98 src/ASF/sam0/drivers/system/clock/clock_samd09_d10_d11/gclk.o
                0x00001c24                system_gclk_chan_disable
 .text.system_pinmux_get_group_from_gpio_pin
                0x00001cbc       0x60 src/ASF/sam0/drivers/system/pinmux/pinmux.o
 .text._system_pinmux_config
                0x00001d1c      0x110 src/ASF/sam0/drivers/system/pinmux/pinmux.o
 .text.system_pinmux_pin_set_config
                0x00001e2c       0x48 src/ASF/sam0/drivers/system/pinmux/pinmux.o
                0x00001e2c                system_pinmux_pin_set_config
 .text._system_dummy_init
                0x00001e74        0xa src/ASF/sam0/drivers/system/system.o
                0x00001e74                _system_events_init
                0x00001e74                _system_dummy_init
                0x00001e74                _system_divas_init
 *fill*         0x00001e7e        0x2 
 .text.system_init
                0x00001e80       0x34 src/ASF/sam0/drivers/system/system.o
                0x00001e80                system_init
 .text.Reset_Handler
                0x00001eb4       0xf8 src/ASF/sam0/utils/cmsis/samd11/source/gcc/startup_samd11.o
                0x00001eb4                Reset_Handler
 .text.Dummy_Handler
                0x00001fac        0x6 src/ASF/sam0/utils/cmsis/samd11/source/gcc/startup_samd11.o
                0x00001fac                DMAC_Handler
                0x00001fac                HardFault_Handler
                0x00001fac                AC_Handler
                0x00001fac                SysTick_Handler
                0x00001fac                PendSV_Handler
                0x00001fac                NMI_Handler
                0x00001fac                SERCOM1_Handler
                0x00001fac                ADC_Handler
                0x00001fac                SERCOM2_Handler
                0x00001fac                TCC0_Handler
                0x00001fac                RTC_Handler
                0x00001fac                WDT_Handler
                0x00001fac                USB_Handler
                0x00001fac                Dummy_Handler
                0x00001fac                PM_Handler
                0x00001fac                SVC_Handler
                0x00001fac                EVSYS_Handler
                0x00001fac                NVMCTRL_Handler
                0x00001fac                SERCOM0_Handler
                0x00001fac                DAC_Handler
                0x00001fac                PTC_Handler
                0x00001fac                SYSCTRL_Handler
 *fill*         0x00001fb2        0x2 
 .text.__libc_init_array
                0x00001fb4       0x48 c:/program files (x86)/atmel/studio/7.0/toolchain/arm/arm-gnu-toolchain/bin/../lib/gcc/arm-none-eabi/6.3.1/../../../../arm-none-eabi/lib/thumb/v6-m\libc_nano.a(lib_a-init.o)
                0x00001fb4                __libc_init_array
 *(.glue_7t)
 .glue_7t       0x00001ffc        0x0 linker stubs
 *(.glue_7)
 .glue_7        0x00001ffc        0x0 linker stubs
 *(.rodata .rodata* .gnu.linkonce.r.*)
 .rodata        0x00001ffc       0x10 src/ASF/sam0/drivers/tc/tc_sam_d_r_h/tc.o
 .rodata.system_clock_source_enable
                0x0000200c       0x24 src/ASF/sam0/drivers/system/clock/clock_samd09_d10_d11/clock.o
 *(.ARM.extab* .gnu.linkonce.armextab.*)
                0x00002030                . = ALIGN (0x4)
 *(.init)
 .init          0x00002030        0x4 c:/program files (x86)/atmel/studio/7.0/toolchain/arm/arm-gnu-toolchain/bin/../lib/gcc/arm-none-eabi/6.3.1/thumb/v6-m/crti.o
                0x00002030                _init
 .init          0x00002034        0x8 c:/program files (x86)/atmel/studio/7.0/toolchain/arm/arm-gnu-toolchain/bin/../lib/gcc/arm-none-eabi/6.3.1/thumb/v6-m/crtn.o
                0x0000203c                . = ALIGN (0x4)
                0x0000203c                __preinit_array_start = .
 *(.preinit_array)
                0x0000203c                __preinit_array_end = .
                0x0000203c                . = ALIGN (0x4)
                0x0000203c                __init_array_start = .
 *(SORT(.init_array.*))
 *(.init_array)
 .init_array    0x0000203c        0x4 c:/program files (x86)/atmel/studio/7.0/toolchain/arm/arm-gnu-toolchain/bin/../lib/gcc/arm-none-eabi/6.3.1/thumb/v6-m/crtbegin.o
                0x00002040                __init_array_end = .
                0x00002040                . = ALIGN (0x4)
 *crtbegin.o(.ctors)
 *(EXCLUDE_FILE(*crtend.o) .ctors)
 *(SORT(.ctors.*))
 *crtend.o(.ctors)
                0x00002040                . = ALIGN (0x4)
 *(.fini)
 .fini          0x00002040        0x4 c:/program files (x86)/atmel/studio/7.0/toolchain/arm/arm-gnu-toolchain/bin/../lib/gcc/arm-none-eabi/6.3.1/thumb/v6-m/crti.o
                0x00002040                _fini
 .fini          0x00002044        0x8 c:/program files (x86)/atmel/studio/7.0/toolchain/arm/arm-gnu-toolchain/bin/../lib/gcc/arm-none-eabi/6.3.1/thumb/v6-m/crtn.o
                0x0000204c                . = ALIGN (0x4)
                0x0000204c                __fini_array_start = .
 *(.fini_array)
 .fini_array    0x0000204c        0x4 c:/program files (x86)/atmel/studio/7.0/toolchain/arm/arm-gnu-toolchain/bin/../lib/gcc/arm-none-eabi/6.3.1/thumb/v6-m/crtbegin.o
 *(SORT(.fini_array.*))
                0x00002050                __fini_array_end = .
 *crtbegin.o(.dtors)
 *(EXCLUDE_FILE(*crtend.o) .dtors)
 *(SORT(.dtors.*))
 *crtend.o(.dtors)
                0x00002050                . = ALIGN (0x4)
                0x00002050                _efixed = .
                [!provide]                PROVIDE (__exidx_start, .)

.vfp11_veneer   0x00002050        0x0
 .vfp11_veneer  0x00002050        0x0 linker stubs

.v4_bx          0x00002050        0x0
 .v4_bx         0x00002050        0x0 linker stubs

.iplt           0x00002050        0x0
 .iplt          0x00002050        0x0 c:/program files (x86)/atmel/studio/7.0/toolchain/arm/arm-gnu-toolchain/bin/../lib/gcc/arm-none-eabi/6.3.1/thumb/v6-m/crtbegin.o

.eh_frame       0x00002050        0x0
 .eh_frame      0x00002050        0x0 c:/program files (x86)/atmel/studio/7.0/toolchain/arm/arm-gnu-toolchain/bin/../lib/gcc/arm-none-eabi/6.3.1/thumb/v6-m/crtbegin.o

.rel.dyn        0x00002050        0x0
 .rel.iplt      0x00002050        0x0 c:/program files (x86)/atmel/studio/7.0/toolchain/arm/arm-gnu-toolchain/bin/../lib/gcc/arm-none-eabi/6.3.1/thumb/v6-m/crtbegin.o

.jcr            0x00002050        0x0
 .jcr           0x00002050        0x0 c:/program files (x86)/atmel/studio/7.0/toolchain/arm/arm-gnu-toolchain/bin/../lib/gcc/arm-none-eabi/6.3.1/thumb/v6-m/crtbegin.o

.igot.plt       0x00002050        0x0
 .igot.plt      0x00002050        0x0 c:/program files (x86)/atmel/studio/7.0/toolchain/arm/arm-gnu-toolchain/bin/../lib/gcc/arm-none-eabi/6.3.1/thumb/v6-m/crtbegin.o

.ARM.exidx
 *(.ARM.exidx* .gnu.linkonce.armexidx.*)
                [!provide]                PROVIDE (__exidx_end, .)
                0x00002050                . = ALIGN (0x4)
                0x00002050                _etext = .

.relocate       0x20000000        0x4 load address 0x00002050
                0x20000000                . = ALIGN (0x4)
                0x20000000                _srelocate = .
 *(.ramfunc .ramfunc.*)
 *(.data .data.*)
 .data.g_interrupt_enabled
                0x20000000        0x1 src/ASF/common/utils/interrupt/interrupt_sam_nvic.o
                0x20000000                g_interrupt_enabled
                0x20000004                . = ALIGN (0x4)
 *fill*         0x20000001        0x3 
                0x20000004                _erelocate = .

.bss            0x20000004       0xc4 load address 0x00002054
                0x20000004                . = ALIGN (0x4)
                0x20000004                _sbss = .
                0x20000004                _szero = .
 *(.bss .bss.*)
 .bss           0x20000004       0x1c c:/program files (x86)/atmel/studio/7.0/toolchain/arm/arm-gnu-toolchain/bin/../lib/gcc/arm-none-eabi/6.3.1/thumb/v6-m/crtbegin.o
 .bss.pulsating_motor_routine
                0x20000020        0x1 src/test_button.o
                0x20000020                pulsating_motor_routine
 .bss.motor_toggle_count
                0x20000021        0x1 src/test_button.o
                0x20000021                motor_toggle_count
 .bss.motor_running
                0x20000022        0x1 src/test_button.o
                0x20000022                motor_running
 *fill*         0x20000023        0x1 
 .bss.cpu_irq_critical_section_counter
                0x20000024        0x4 src/ASF/common/utils/interrupt/interrupt_sam_nvic.o
 .bss.cpu_irq_prev_interrupt_state
                0x20000028        0x1 src/ASF/common/utils/interrupt/interrupt_sam_nvic.o
 *fill*         0x20000029        0x3 
 .bss._system_clock_inst
                0x2000002c       0x18 src/ASF/sam0/drivers/system/clock/clock_samd09_d10_d11/clock.o
 *(COMMON)
 COMMON         0x20000044       0x40 src/ASF/sam0/drivers/extint/extint_sam_d_r_h/extint.o
                0x20000044                _extint_dev
 COMMON         0x20000084        0x8 src/ASF/sam0/drivers/tc/tc_interrupt.o
                0x20000084                _tc_instances
 COMMON         0x2000008c       0x38 src/test_button.o
                0x2000008c                system_timer_instance
                0x200000a8                pwm_generator_instance
 COMMON         0x200000c4        0x1 src/ASF/sam0/drivers/extint/extint_callback.o
                0x200000c4                _current_channel
                0x200000c8                . = ALIGN (0x4)
 *fill*         0x200000c5        0x3 
                0x200000c8                _ebss = .
                0x200000c8                _ezero = .

.stack          0x200000c8      0x400 load address 0x00002118
                0x200000c8                . = ALIGN (0x8)
                0x200000c8                _sstack = .
                0x200004c8                . = (. + STACK_SIZE)
 *fill*         0x200000c8      0x400 
                0x200004c8                . = ALIGN (0x8)
                0x200004c8                _estack = .
                0x200004c8                . = ALIGN (0x4)
                0x200004c8                _end = .
OUTPUT(INTERRUPT_QUICK_START3.elf elf32-littlearm)

.ARM.attributes
                0x00000000       0x28
 .ARM.attributes
                0x00000000       0x1e c:/program files (x86)/atmel/studio/7.0/toolchain/arm/arm-gnu-toolchain/bin/../lib/gcc/arm-none-eabi/6.3.1/thumb/v6-m/crti.o
 .ARM.attributes
                0x0000001e       0x2c c:/program files (x86)/atmel/studio/7.0/toolchain/arm/arm-gnu-toolchain/bin/../lib/gcc/arm-none-eabi/6.3.1/thumb/v6-m/crtbegin.o
 .ARM.attributes
                0x0000004a       0x32 src/ASF/sam0/drivers/extint/extint_sam_d_r_h/extint.o
 .ARM.attributes
                0x0000007c       0x32 src/ASF/sam0/drivers/tc/tc_interrupt.o
 .ARM.attributes
                0x000000ae       0x32 src/ASF/sam0/drivers/tc/tc_sam_d_r_h/tc.o
 .ARM.attributes
                0x000000e0       0x32 src/test_button.o
 .ARM.attributes
                0x00000112       0x32 src/ASF/sam0/drivers/extint/extint_callback.o
 .ARM.attributes
                0x00000144       0x32 src/ASF/common/utils/interrupt/interrupt_sam_nvic.o
 .ARM.attributes
                0x00000176       0x32 src/ASF/sam0/boards/samd11_xplained_pro/board_init.o
 .ARM.attributes
                0x000001a8       0x32 src/ASF/sam0/drivers/port/port.o
 .ARM.attributes
                0x000001da       0x32 src/ASF/sam0/drivers/system/clock/clock_samd09_d10_d11/clock.o
 .ARM.attributes
                0x0000020c       0x32 src/ASF/sam0/drivers/system/clock/clock_samd09_d10_d11/gclk.o
 .ARM.attributes
                0x0000023e       0x32 src/ASF/sam0/drivers/system/pinmux/pinmux.o
 .ARM.attributes
                0x00000270       0x32 src/ASF/sam0/drivers/system/system.o
 .ARM.attributes
                0x000002a2       0x32 src/ASF/sam0/utils/cmsis/samd11/source/gcc/startup_samd11.o
 .ARM.attributes
                0x000002d4       0x2c c:/program files (x86)/atmel/studio/7.0/toolchain/arm/arm-gnu-toolchain/bin/../lib/gcc/arm-none-eabi/6.3.1/../../../../arm-none-eabi/lib/thumb/v6-m\libc_nano.a(lib_a-init.o)
 .ARM.attributes
                0x00000300       0x1e c:/program files (x86)/atmel/studio/7.0/toolchain/arm/arm-gnu-toolchain/bin/../lib/gcc/arm-none-eabi/6.3.1/thumb/v6-m/crtn.o

.comment        0x00000000       0x59
 .comment       0x00000000       0x59 src/ASF/sam0/drivers/extint/extint_sam_d_r_h/extint.o
                                 0x5a (size before relaxing)
 .comment       0x00000059       0x5a src/ASF/sam0/drivers/tc/tc_interrupt.o
 .comment       0x00000059       0x5a src/ASF/sam0/drivers/tc/tc_sam_d_r_h/tc.o
 .comment       0x00000059       0x5a src/test_button.o
 .comment       0x00000059       0x5a src/ASF/sam0/drivers/extint/extint_callback.o
 .comment       0x00000059       0x5a src/ASF/common/utils/interrupt/interrupt_sam_nvic.o
 .comment       0x00000059       0x5a src/ASF/sam0/boards/samd11_xplained_pro/board_init.o
 .comment       0x00000059       0x5a src/ASF/sam0/drivers/port/port.o
 .comment       0x00000059       0x5a src/ASF/sam0/drivers/system/clock/clock_samd09_d10_d11/clock.o
 .comment       0x00000059       0x5a src/ASF/sam0/drivers/system/clock/clock_samd09_d10_d11/gclk.o
 .comment       0x00000059       0x5a src/ASF/sam0/drivers/system/pinmux/pinmux.o
 .comment       0x00000059       0x5a src/ASF/sam0/drivers/system/system.o
 .comment       0x00000059       0x5a src/ASF/sam0/utils/cmsis/samd11/source/gcc/startup_samd11.o

.debug_info     0x00000000    0x17c10
 .debug_info    0x00000000     0x264e src/ASF/sam0/drivers/extint/extint_sam_d_r_h/extint.o
 .debug_info    0x0000264e     0x1b9e src/ASF/sam0/drivers/tc/tc_interrupt.o
 .debug_info    0x000041ec     0x2c10 src/ASF/sam0/drivers/tc/tc_sam_d_r_h/tc.o
 .debug_info    0x00006dfc     0x2b00 src/test_button.o
 .debug_info    0x000098fc     0x164d src/ASF/sam0/drivers/extint/extint_callback.o
 .debug_info    0x0000af49      0xb0a src/ASF/common/utils/interrupt/interrupt_sam_nvic.o
 .debug_info    0x0000ba53     0x12a6 src/ASF/sam0/boards/samd11_xplained_pro/board_init.o
 .debug_info    0x0000ccf9     0x127c src/ASF/sam0/drivers/port/port.o
 .debug_info    0x0000df75     0x35da src/ASF/sam0/drivers/system/clock/clock_samd09_d10_d11/clock.o
 .debug_info    0x0001154f     0x1cb4 src/ASF/sam0/drivers/system/clock/clock_samd09_d10_d11/gclk.o
 .debug_info    0x00013203     0x13bd src/ASF/sam0/drivers/system/pinmux/pinmux.o
 .debug_info    0x000145c0      0xa74 src/ASF/sam0/drivers/system/system.o
 .debug_info    0x00015034     0x2bdc src/ASF/sam0/utils/cmsis/samd11/source/gcc/startup_samd11.o

.debug_abbrev   0x00000000     0x25fa
 .debug_abbrev  0x00000000      0x3a7 src/ASF/sam0/drivers/extint/extint_sam_d_r_h/extint.o
 .debug_abbrev  0x000003a7      0x2d9 src/ASF/sam0/drivers/tc/tc_interrupt.o
 .debug_abbrev  0x00000680      0x392 src/ASF/sam0/drivers/tc/tc_sam_d_r_h/tc.o
 .debug_abbrev  0x00000a12      0x3b5 src/test_button.o
 .debug_abbrev  0x00000dc7      0x2ef src/ASF/sam0/drivers/extint/extint_callback.o
 .debug_abbrev  0x000010b6      0x23d src/ASF/common/utils/interrupt/interrupt_sam_nvic.o
 .debug_abbrev  0x000012f3      0x295 src/ASF/sam0/boards/samd11_xplained_pro/board_init.o
 .debug_abbrev  0x00001588      0x27b src/ASF/sam0/drivers/port/port.o
 .debug_abbrev  0x00001803      0x3ab src/ASF/sam0/drivers/system/clock/clock_samd09_d10_d11/clock.o
 .debug_abbrev  0x00001bae      0x37a src/ASF/sam0/drivers/system/clock/clock_samd09_d10_d11/gclk.o
 .debug_abbrev  0x00001f28      0x2ca src/ASF/sam0/drivers/system/pinmux/pinmux.o
 .debug_abbrev  0x000021f2      0x1e1 src/ASF/sam0/drivers/system/system.o
 .debug_abbrev  0x000023d3      0x227 src/ASF/sam0/utils/cmsis/samd11/source/gcc/startup_samd11.o

.debug_loc      0x00000000     0x1968
 .debug_loc     0x00000000      0x310 src/ASF/sam0/drivers/extint/extint_sam_d_r_h/extint.o
 .debug_loc     0x00000310      0x138 src/ASF/sam0/drivers/tc/tc_interrupt.o
 .debug_loc     0x00000448      0x310 src/ASF/sam0/drivers/tc/tc_sam_d_r_h/tc.o
 .debug_loc     0x00000758      0x402 src/test_button.o
 .debug_loc     0x00000b5a      0x1e0 src/ASF/sam0/drivers/extint/extint_callback.o
 .debug_loc     0x00000d3a       0x64 src/ASF/common/utils/interrupt/interrupt_sam_nvic.o
 .debug_loc     0x00000d9e      0x118 src/ASF/sam0/boards/samd11_xplained_pro/board_init.o
 .debug_loc     0x00000eb6       0xa8 src/ASF/sam0/drivers/port/port.o
 .debug_loc     0x00000f5e      0x476 src/ASF/sam0/drivers/system/clock/clock_samd09_d10_d11/clock.o
 .debug_loc     0x000013d4      0x388 src/ASF/sam0/drivers/system/clock/clock_samd09_d10_d11/gclk.o
 .debug_loc     0x0000175c      0x150 src/ASF/sam0/drivers/system/pinmux/pinmux.o
 .debug_loc     0x000018ac       0x58 src/ASF/sam0/drivers/system/system.o
 .debug_loc     0x00001904       0x64 src/ASF/sam0/utils/cmsis/samd11/source/gcc/startup_samd11.o

.debug_aranges  0x00000000      0x500
 .debug_aranges
                0x00000000       0x88 src/ASF/sam0/drivers/extint/extint_sam_d_r_h/extint.o
 .debug_aranges
                0x00000088       0x48 src/ASF/sam0/drivers/tc/tc_interrupt.o
 .debug_aranges
                0x000000d0       0x88 src/ASF/sam0/drivers/tc/tc_sam_d_r_h/tc.o
 .debug_aranges
                0x00000158       0xb8 src/test_button.o
 .debug_aranges
                0x00000210       0x60 src/ASF/sam0/drivers/extint/extint_callback.o
 .debug_aranges
                0x00000270       0x28 src/ASF/common/utils/interrupt/interrupt_sam_nvic.o
 .debug_aranges
                0x00000298       0x40 src/ASF/sam0/boards/samd11_xplained_pro/board_init.o
 .debug_aranges
                0x000002d8       0x30 src/ASF/sam0/drivers/port/port.o
 .debug_aranges
                0x00000308       0xc0 src/ASF/sam0/drivers/system/clock/clock_samd09_d10_d11/clock.o
 .debug_aranges
                0x000003c8       0xa0 src/ASF/sam0/drivers/system/clock/clock_samd09_d10_d11/gclk.o
 .debug_aranges
                0x00000468       0x48 src/ASF/sam0/drivers/system/pinmux/pinmux.o
 .debug_aranges
                0x000004b0       0x28 src/ASF/sam0/drivers/system/system.o
 .debug_aranges
                0x000004d8       0x28 src/ASF/sam0/utils/cmsis/samd11/source/gcc/startup_samd11.o

.debug_ranges   0x00000000      0x430
 .debug_ranges  0x00000000       0x78 src/ASF/sam0/drivers/extint/extint_sam_d_r_h/extint.o
 .debug_ranges  0x00000078       0x38 src/ASF/sam0/drivers/tc/tc_interrupt.o
 .debug_ranges  0x000000b0       0x78 src/ASF/sam0/drivers/tc/tc_sam_d_r_h/tc.o
 .debug_ranges  0x00000128       0xa8 src/test_button.o
 .debug_ranges  0x000001d0       0x50 src/ASF/sam0/drivers/extint/extint_callback.o
 .debug_ranges  0x00000220       0x18 src/ASF/common/utils/interrupt/interrupt_sam_nvic.o
 .debug_ranges  0x00000238       0x30 src/ASF/sam0/boards/samd11_xplained_pro/board_init.o
 .debug_ranges  0x00000268       0x20 src/ASF/sam0/drivers/port/port.o
 .debug_ranges  0x00000288       0xb0 src/ASF/sam0/drivers/system/clock/clock_samd09_d10_d11/clock.o
 .debug_ranges  0x00000338       0x90 src/ASF/sam0/drivers/system/clock/clock_samd09_d10_d11/gclk.o
 .debug_ranges  0x000003c8       0x38 src/ASF/sam0/drivers/system/pinmux/pinmux.o
 .debug_ranges  0x00000400       0x18 src/ASF/sam0/drivers/system/system.o
 .debug_ranges  0x00000418       0x18 src/ASF/sam0/utils/cmsis/samd11/source/gcc/startup_samd11.o

.debug_macro    0x00000000    0x15672
 .debug_macro   0x00000000      0x53a src/ASF/sam0/drivers/extint/extint_sam_d_r_h/extint.o
 .debug_macro   0x0000053a      0x8bc src/ASF/sam0/drivers/extint/extint_sam_d_r_h/extint.o
 .debug_macro   0x00000df6      0x16d src/ASF/sam0/drivers/extint/extint_sam_d_r_h/extint.o
 .debug_macro   0x00000f63      0x71d src/ASF/sam0/drivers/extint/extint_sam_d_r_h/extint.o
 .debug_macro   0x00001680       0x22 src/ASF/sam0/drivers/extint/extint_sam_d_r_h/extint.o
 .debug_macro   0x000016a2       0x87 src/ASF/sam0/drivers/extint/extint_sam_d_r_h/extint.o
 .debug_macro   0x00001729       0x51 src/ASF/sam0/drivers/extint/extint_sam_d_r_h/extint.o
 .debug_macro   0x0000177a       0xef src/ASF/sam0/drivers/extint/extint_sam_d_r_h/extint.o
 .debug_macro   0x00001869       0x6a src/ASF/sam0/drivers/extint/extint_sam_d_r_h/extint.o
 .debug_macro   0x000018d3      0x1df src/ASF/sam0/drivers/extint/extint_sam_d_r_h/extint.o
 .debug_macro   0x00001ab2       0x10 src/ASF/sam0/drivers/extint/extint_sam_d_r_h/extint.o
 .debug_macro   0x00001ac2       0x76 src/ASF/sam0/drivers/extint/extint_sam_d_r_h/extint.o
 .debug_macro   0x00001b38       0x16 src/ASF/sam0/drivers/extint/extint_sam_d_r_h/extint.o
 .debug_macro   0x00001b4e      0x6db src/ASF/sam0/drivers/extint/extint_sam_d_r_h/extint.o
 .debug_macro   0x00002229      0xdd8 src/ASF/sam0/drivers/extint/extint_sam_d_r_h/extint.o
 .debug_macro   0x00003001       0x22 src/ASF/sam0/drivers/extint/extint_sam_d_r_h/extint.o
 .debug_macro   0x00003023       0x40 src/ASF/sam0/drivers/extint/extint_sam_d_r_h/extint.o
 .debug_macro   0x00003063       0x1c src/ASF/sam0/drivers/extint/extint_sam_d_r_h/extint.o
 .debug_macro   0x0000307f       0x22 src/ASF/sam0/drivers/extint/extint_sam_d_r_h/extint.o
 .debug_macro   0x000030a1       0xb5 src/ASF/sam0/drivers/extint/extint_sam_d_r_h/extint.o
 .debug_macro   0x00003156      0x3ad src/ASF/sam0/drivers/extint/extint_sam_d_r_h/extint.o
 .debug_macro   0x00003503      0x681 src/ASF/sam0/drivers/extint/extint_sam_d_r_h/extint.o
 .debug_macro   0x00003b84      0x8b5 src/ASF/sam0/drivers/extint/extint_sam_d_r_h/extint.o
 .debug_macro   0x00004439      0x230 src/ASF/sam0/drivers/extint/extint_sam_d_r_h/extint.o
 .debug_macro   0x00004669      0xbd1 src/ASF/sam0/drivers/extint/extint_sam_d_r_h/extint.o
 .debug_macro   0x0000523a      0x5b8 src/ASF/sam0/drivers/extint/extint_sam_d_r_h/extint.o
 .debug_macro   0x000057f2      0x7c8 src/ASF/sam0/drivers/extint/extint_sam_d_r_h/extint.o
 .debug_macro   0x00005fba      0x4e3 src/ASF/sam0/drivers/extint/extint_sam_d_r_h/extint.o
 .debug_macro   0x0000649d      0x39f src/ASF/sam0/drivers/extint/extint_sam_d_r_h/extint.o
 .debug_macro   0x0000683c      0x18d src/ASF/sam0/drivers/extint/extint_sam_d_r_h/extint.o
 .debug_macro   0x000069c9      0x21c src/ASF/sam0/drivers/extint/extint_sam_d_r_h/extint.o
 .debug_macro   0x00006be5      0x78d src/ASF/sam0/drivers/extint/extint_sam_d_r_h/extint.o
 .debug_macro   0x00007372       0x5e src/ASF/sam0/drivers/extint/extint_sam_d_r_h/extint.o
 .debug_macro   0x000073d0      0x628 src/ASF/sam0/drivers/extint/extint_sam_d_r_h/extint.o
 .debug_macro   0x000079f8      0x3b6 src/ASF/sam0/drivers/extint/extint_sam_d_r_h/extint.o
 .debug_macro   0x00007dae      0xc50 src/ASF/sam0/drivers/extint/extint_sam_d_r_h/extint.o
 .debug_macro   0x000089fe     0x1092 src/ASF/sam0/drivers/extint/extint_sam_d_r_h/extint.o
 .debug_macro   0x00009a90      0xc19 src/ASF/sam0/drivers/extint/extint_sam_d_r_h/extint.o
 .debug_macro   0x0000a6a9      0x6ba src/ASF/sam0/drivers/extint/extint_sam_d_r_h/extint.o
 .debug_macro   0x0000ad63     0x1b87 src/ASF/sam0/drivers/extint/extint_sam_d_r_h/extint.o
 .debug_macro   0x0000c8ea      0xb7c src/ASF/sam0/drivers/extint/extint_sam_d_r_h/extint.o
 .debug_macro   0x0000d466      0x344 src/ASF/sam0/drivers/extint/extint_sam_d_r_h/extint.o
 .debug_macro   0x0000d7aa       0x7c src/ASF/sam0/drivers/extint/extint_sam_d_r_h/extint.o
 .debug_macro   0x0000d826       0xa0 src/ASF/sam0/drivers/extint/extint_sam_d_r_h/extint.o
 .debug_macro   0x0000d8c6       0x4c src/ASF/sam0/drivers/extint/extint_sam_d_r_h/extint.o
 .debug_macro   0x0000d912       0xca src/ASF/sam0/drivers/extint/extint_sam_d_r_h/extint.o
 .debug_macro   0x0000d9dc       0xb8 src/ASF/sam0/drivers/extint/extint_sam_d_r_h/extint.o
 .debug_macro   0x0000da94       0x58 src/ASF/sam0/drivers/extint/extint_sam_d_r_h/extint.o
 .debug_macro   0x0000daec      0x21a src/ASF/sam0/drivers/extint/extint_sam_d_r_h/extint.o
 .debug_macro   0x0000dd06       0x82 src/ASF/sam0/drivers/extint/extint_sam_d_r_h/extint.o
 .debug_macro   0x0000dd88      0x18d src/ASF/sam0/drivers/extint/extint_sam_d_r_h/extint.o
 .debug_macro   0x0000df15       0xa0 src/ASF/sam0/drivers/extint/extint_sam_d_r_h/extint.o
 .debug_macro   0x0000dfb5       0xc4 src/ASF/sam0/drivers/extint/extint_sam_d_r_h/extint.o
 .debug_macro   0x0000e079       0x1c src/ASF/sam0/drivers/extint/extint_sam_d_r_h/extint.o
 .debug_macro   0x0000e095       0x1c src/ASF/sam0/drivers/extint/extint_sam_d_r_h/extint.o
 .debug_macro   0x0000e0b1       0x1c src/ASF/sam0/drivers/extint/extint_sam_d_r_h/extint.o
 .debug_macro   0x0000e0cd       0x82 src/ASF/sam0/drivers/extint/extint_sam_d_r_h/extint.o
 .debug_macro   0x0000e14f      0x112 src/ASF/sam0/drivers/extint/extint_sam_d_r_h/extint.o
 .debug_macro   0x0000e261       0xdc src/ASF/sam0/drivers/extint/extint_sam_d_r_h/extint.o
 .debug_macro   0x0000e33d      0x128 src/ASF/sam0/drivers/extint/extint_sam_d_r_h/extint.o
 .debug_macro   0x0000e465      0x128 src/ASF/sam0/drivers/extint/extint_sam_d_r_h/extint.o
 .debug_macro   0x0000e58d      0x128 src/ASF/sam0/drivers/extint/extint_sam_d_r_h/extint.o
 .debug_macro   0x0000e6b5      0x11e src/ASF/sam0/drivers/extint/extint_sam_d_r_h/extint.o
 .debug_macro   0x0000e7d3       0xe2 src/ASF/sam0/drivers/extint/extint_sam_d_r_h/extint.o
 .debug_macro   0x0000e8b5       0xe2 src/ASF/sam0/drivers/extint/extint_sam_d_r_h/extint.o
 .debug_macro   0x0000e997      0x12a src/ASF/sam0/drivers/extint/extint_sam_d_r_h/extint.o
 .debug_macro   0x0000eac1      0x1fe src/ASF/sam0/drivers/extint/extint_sam_d_r_h/extint.o
 .debug_macro   0x0000ecbf       0x40 src/ASF/sam0/drivers/extint/extint_sam_d_r_h/extint.o
 .debug_macro   0x0000ecff      0x2f1 src/ASF/sam0/drivers/extint/extint_sam_d_r_h/extint.o
 .debug_macro   0x0000eff0      0xf71 src/ASF/sam0/drivers/extint/extint_sam_d_r_h/extint.o
 .debug_macro   0x0000ff61       0x5f src/ASF/sam0/drivers/extint/extint_sam_d_r_h/extint.o
 .debug_macro   0x0000ffc0       0x58 src/ASF/sam0/drivers/extint/extint_sam_d_r_h/extint.o
 .debug_macro   0x00010018       0x35 src/ASF/sam0/drivers/extint/extint_sam_d_r_h/extint.o
 .debug_macro   0x0001004d       0x9c src/ASF/sam0/drivers/extint/extint_sam_d_r_h/extint.o
 .debug_macro   0x000100e9       0x16 src/ASF/sam0/drivers/extint/extint_sam_d_r_h/extint.o
 .debug_macro   0x000100ff       0x35 src/ASF/sam0/drivers/extint/extint_sam_d_r_h/extint.o
 .debug_macro   0x00010134      0x34d src/ASF/sam0/drivers/extint/extint_sam_d_r_h/extint.o
 .debug_macro   0x00010481       0x10 src/ASF/sam0/drivers/extint/extint_sam_d_r_h/extint.o
 .debug_macro   0x00010491       0x58 src/ASF/sam0/drivers/extint/extint_sam_d_r_h/extint.o
 .debug_macro   0x000104e9       0x1f src/ASF/sam0/drivers/extint/extint_sam_d_r_h/extint.o
 .debug_macro   0x00010508       0x43 src/ASF/sam0/drivers/extint/extint_sam_d_r_h/extint.o
 .debug_macro   0x0001054b       0x20 src/ASF/sam0/drivers/extint/extint_sam_d_r_h/extint.o
 .debug_macro   0x0001056b      0x187 src/ASF/sam0/drivers/extint/extint_sam_d_r_h/extint.o
 .debug_macro   0x000106f2       0x10 src/ASF/sam0/drivers/extint/extint_sam_d_r_h/extint.o
 .debug_macro   0x00010702       0x1c src/ASF/sam0/drivers/extint/extint_sam_d_r_h/extint.o
 .debug_macro   0x0001071e       0x52 src/ASF/sam0/drivers/extint/extint_sam_d_r_h/extint.o
 .debug_macro   0x00010770       0x40 src/ASF/sam0/drivers/extint/extint_sam_d_r_h/extint.o
 .debug_macro   0x000107b0       0x10 src/ASF/sam0/drivers/extint/extint_sam_d_r_h/extint.o
 .debug_macro   0x000107c0       0x40 src/ASF/sam0/drivers/extint/extint_sam_d_r_h/extint.o
 .debug_macro   0x00010800       0xd7 src/ASF/sam0/drivers/extint/extint_sam_d_r_h/extint.o
 .debug_macro   0x000108d7       0x16 src/ASF/sam0/drivers/extint/extint_sam_d_r_h/extint.o
 .debug_macro   0x000108ed      0x18b src/ASF/sam0/drivers/extint/extint_sam_d_r_h/extint.o
 .debug_macro   0x00010a78       0x16 src/ASF/sam0/drivers/extint/extint_sam_d_r_h/extint.o
 .debug_macro   0x00010a8e       0x16 src/ASF/sam0/drivers/extint/extint_sam_d_r_h/extint.o
 .debug_macro   0x00010aa4       0x29 src/ASF/sam0/drivers/extint/extint_sam_d_r_h/extint.o
 .debug_macro   0x00010acd       0x51 src/ASF/sam0/drivers/extint/extint_sam_d_r_h/extint.o
 .debug_macro   0x00010b1e       0x3e src/ASF/sam0/drivers/extint/extint_sam_d_r_h/extint.o
 .debug_macro   0x00010b5c      0x3df src/ASF/sam0/drivers/extint/extint_sam_d_r_h/extint.o
 .debug_macro   0x00010f3b       0x11 src/ASF/sam0/drivers/extint/extint_sam_d_r_h/extint.o
 .debug_macro   0x00010f4c       0x18 src/ASF/sam0/drivers/extint/extint_sam_d_r_h/extint.o
 .debug_macro   0x00010f64       0x16 src/ASF/sam0/drivers/extint/extint_sam_d_r_h/extint.o
 .debug_macro   0x00010f7a       0x2e src/ASF/sam0/drivers/extint/extint_sam_d_r_h/extint.o
 .debug_macro   0x00010fa8       0x1f src/ASF/sam0/drivers/extint/extint_sam_d_r_h/extint.o
 .debug_macro   0x00010fc7       0x16 src/ASF/sam0/drivers/extint/extint_sam_d_r_h/extint.o
 .debug_macro   0x00010fdd      0x528 src/ASF/sam0/drivers/tc/tc_interrupt.o
 .debug_macro   0x00011505       0x19 src/ASF/sam0/drivers/tc/tc_interrupt.o
 .debug_macro   0x0001151e       0x51 src/ASF/sam0/drivers/tc/tc_interrupt.o
 .debug_macro   0x0001156f      0x544 src/ASF/sam0/drivers/tc/tc_sam_d_r_h/tc.o
 .debug_macro   0x00011ab3      0x632 src/test_button.o
 .debug_macro   0x000120e5       0x19 src/test_button.o
 .debug_macro   0x000120fe      0x2df src/test_button.o
 .debug_macro   0x000123dd      0x3d5 src/test_button.o
 .debug_macro   0x000127b2       0x11 src/test_button.o
 .debug_macro   0x000127c3       0x6c src/test_button.o
 .debug_macro   0x0001282f      0x1e1 src/test_button.o
 .debug_macro   0x00012a10      0x4e0 src/ASF/sam0/drivers/extint/extint_callback.o
 .debug_macro   0x00012ef0      0x4bb src/ASF/common/utils/interrupt/interrupt_sam_nvic.o
 .debug_macro   0x000133ab      0x4f9 src/ASF/sam0/boards/samd11_xplained_pro/board_init.o
 .debug_macro   0x000138a4      0x4d7 src/ASF/sam0/drivers/port/port.o
 .debug_macro   0x00013d7b      0x520 src/ASF/sam0/drivers/system/clock/clock_samd09_d10_d11/clock.o
 .debug_macro   0x0001429b      0x22f src/ASF/sam0/drivers/system/clock/clock_samd09_d10_d11/clock.o
 .debug_macro   0x000144ca      0x4f1 src/ASF/sam0/drivers/system/clock/clock_samd09_d10_d11/gclk.o
 .debug_macro   0x000149bb      0x4cb src/ASF/sam0/drivers/system/pinmux/pinmux.o
 .debug_macro   0x00014e86       0x12 src/ASF/sam0/drivers/system/pinmux/pinmux.o
 .debug_macro   0x00014e98      0x4fe src/ASF/sam0/drivers/system/system.o
 .debug_macro   0x00015396      0x2a2 src/ASF/sam0/utils/cmsis/samd11/source/gcc/startup_samd11.o
 .debug_macro   0x00015638       0x3a src/ASF/sam0/utils/cmsis/samd11/source/gcc/startup_samd11.o

.debug_line     0x00000000     0x85eb
 .debug_line    0x00000000      0xcd2 src/ASF/sam0/drivers/extint/extint_sam_d_r_h/extint.o
 .debug_line    0x00000cd2      0xa44 src/ASF/sam0/drivers/tc/tc_interrupt.o
 .debug_line    0x00001716      0xc6e src/ASF/sam0/drivers/tc/tc_sam_d_r_h/tc.o
 .debug_line    0x00002384      0xd9c src/test_button.o
 .debug_line    0x00003120      0x978 src/ASF/sam0/drivers/extint/extint_callback.o
 .debug_line    0x00003a98      0x880 src/ASF/common/utils/interrupt/interrupt_sam_nvic.o
 .debug_line    0x00004318      0x975 src/ASF/sam0/boards/samd11_xplained_pro/board_init.o
 .debug_line    0x00004c8d      0x8b8 src/ASF/sam0/drivers/port/port.o
 .debug_line    0x00005545      0xc6a src/ASF/sam0/drivers/system/clock/clock_samd09_d10_d11/clock.o
 .debug_line    0x000061af      0xb5d src/ASF/sam0/drivers/system/clock/clock_samd09_d10_d11/gclk.o
 .debug_line    0x00006d0c      0x92a src/ASF/sam0/drivers/system/pinmux/pinmux.o
 .debug_line    0x00007636      0x9a6 src/ASF/sam0/drivers/system/system.o
 .debug_line    0x00007fdc      0x60f src/ASF/sam0/utils/cmsis/samd11/source/gcc/startup_samd11.o

.debug_str      0x00000000    0x76a2e
 .debug_str     0x00000000    0x6fde4 src/ASF/sam0/drivers/extint/extint_sam_d_r_h/extint.o
                              0x7039a (size before relaxing)
 .debug_str     0x0006fde4      0x72e src/ASF/sam0/drivers/tc/tc_interrupt.o
                              0x6fde0 (size before relaxing)
 .debug_str     0x00070512      0x52c src/ASF/sam0/drivers/tc/tc_sam_d_r_h/tc.o
                              0x706be (size before relaxing)
 .debug_str     0x00070a3e     0x292a src/test_button.o
                              0x72ba8 (size before relaxing)
 .debug_str     0x00073368       0xcb src/ASF/sam0/drivers/extint/extint_callback.o
                              0x6f515 (size before relaxing)
 .debug_str     0x00073433       0x81 src/ASF/common/utils/interrupt/interrupt_sam_nvic.o
                              0x6edc4 (size before relaxing)
 .debug_str     0x000734b4       0x53 src/ASF/sam0/boards/samd11_xplained_pro/board_init.o
                              0x70966 (size before relaxing)
 .debug_str     0x00073507       0x5e src/ASF/sam0/drivers/port/port.o
                              0x6f1db (size before relaxing)
 .debug_str     0x00073565     0x24ef src/ASF/sam0/drivers/system/clock/clock_samd09_d10_d11/clock.o
                              0x71c08 (size before relaxing)
 .debug_str     0x00075a54      0x226 src/ASF/sam0/drivers/system/clock/clock_samd09_d10_d11/gclk.o
                              0x6fa1f (size before relaxing)
 .debug_str     0x00075c7a      0x179 src/ASF/sam0/drivers/system/pinmux/pinmux.o
                              0x6f266 (size before relaxing)
 .debug_str     0x00075df3       0x3b src/ASF/sam0/drivers/system/system.o
                              0x6eea1 (size before relaxing)
 .debug_str     0x00075e2e      0xc00 src/ASF/sam0/utils/cmsis/samd11/source/gcc/startup_samd11.o
                              0x59ad2 (size before relaxing)

.debug_frame    0x00000000      0xfc0
 .debug_frame   0x00000000      0x1d0 src/ASF/sam0/drivers/extint/extint_sam_d_r_h/extint.o
 .debug_frame   0x000001d0       0xc8 src/ASF/sam0/drivers/tc/tc_interrupt.o
 .debug_frame   0x00000298      0x1d0 src/ASF/sam0/drivers/tc/tc_sam_d_r_h/tc.o
 .debug_frame   0x00000468      0x270 src/test_button.o
 .debug_frame   0x000006d8      0x128 src/ASF/sam0/drivers/extint/extint_callback.o
 .debug_frame   0x00000800       0x4c src/ASF/common/utils/interrupt/interrupt_sam_nvic.o
 .debug_frame   0x0000084c       0xb0 src/ASF/sam0/boards/samd11_xplained_pro/board_init.o
 .debug_frame   0x000008fc       0x70 src/ASF/sam0/drivers/port/port.o
 .debug_frame   0x0000096c      0x2a4 src/ASF/sam0/drivers/system/clock/clock_samd09_d10_d11/clock.o
 .debug_frame   0x00000c10      0x220 src/ASF/sam0/drivers/system/clock/clock_samd09_d10_d11/gclk.o
 .debug_frame   0x00000e30       0xd0 src/ASF/sam0/drivers/system/pinmux/pinmux.o
 .debug_frame   0x00000f00       0x48 src/ASF/sam0/drivers/system/system.o
 .debug_frame   0x00000f48       0x4c src/ASF/sam0/utils/cmsis/samd11/source/gcc/startup_samd11.o
 .debug_frame   0x00000f94       0x2c c:/program files (x86)/atmel/studio/7.0/toolchain/arm/arm-gnu-toolchain/bin/../lib/gcc/arm-none-eabi/6.3.1/../../../../arm-none-eabi/lib/thumb/v6-m\libc_nano.a(lib_a-init.o)

Cross Reference Table

Symbol                                            File
AC_Handler                                        src/ASF/sam0/utils/cmsis/samd11/source/gcc/startup_samd11.o
ADC_Handler                                       src/ASF/sam0/utils/cmsis/samd11/source/gcc/startup_samd11.o
DAC_Handler                                       src/ASF/sam0/utils/cmsis/samd11/source/gcc/startup_samd11.o
DMAC_Handler                                      src/ASF/sam0/utils/cmsis/samd11/source/gcc/startup_samd11.o
Dummy_Handler                                     src/ASF/sam0/utils/cmsis/samd11/source/gcc/startup_samd11.o
EIC_Handler                                       src/ASF/sam0/drivers/extint/extint_callback.o
EVSYS_Handler                                     src/ASF/sam0/utils/cmsis/samd11/source/gcc/startup_samd11.o
HardFault_Handler                                 src/ASF/sam0/utils/cmsis/samd11/source/gcc/startup_samd11.o
NMI_Handler                                       src/ASF/sam0/utils/cmsis/samd11/source/gcc/startup_samd11.o
NVMCTRL_Handler                                   src/ASF/sam0/utils/cmsis/samd11/source/gcc/startup_samd11.o
PM_Handler                                        src/ASF/sam0/utils/cmsis/samd11/source/gcc/startup_samd11.o
PTC_Handler                                       src/ASF/sam0/utils/cmsis/samd11/source/gcc/startup_samd11.o
PendSV_Handler                                    src/ASF/sam0/utils/cmsis/samd11/source/gcc/startup_samd11.o
RTC_Handler                                       src/ASF/sam0/utils/cmsis/samd11/source/gcc/startup_samd11.o
Reset_Handler                                     src/ASF/sam0/utils/cmsis/samd11/source/gcc/startup_samd11.o
SERCOM0_Handler                                   src/ASF/sam0/utils/cmsis/samd11/source/gcc/startup_samd11.o
SERCOM1_Handler                                   src/ASF/sam0/utils/cmsis/samd11/source/gcc/startup_samd11.o
SERCOM2_Handler                                   src/ASF/sam0/utils/cmsis/samd11/source/gcc/startup_samd11.o
SVC_Handler                                       src/ASF/sam0/utils/cmsis/samd11/source/gcc/startup_samd11.o
SYSCTRL_Handler                                   src/ASF/sam0/utils/cmsis/samd11/source/gcc/startup_samd11.o
SysTick_Handler                                   src/ASF/sam0/utils/cmsis/samd11/source/gcc/startup_samd11.o
SystemCoreClock                                   src/ASF/sam0/utils/cmsis/samd11/source/system_samd11.o
SystemCoreClockUpdate                             src/ASF/sam0/utils/cmsis/samd11/source/system_samd11.o
SystemInit                                        src/ASF/sam0/utils/cmsis/samd11/source/system_samd11.o
TC1_Handler                                       src/ASF/sam0/drivers/tc/tc_interrupt.o
TC2_Handler                                       src/ASF/sam0/drivers/tc/tc_interrupt.o
TCC0_Handler                                      src/ASF/sam0/utils/cmsis/samd11/source/gcc/startup_samd11.o
USB_Handler                                       src/ASF/sam0/utils/cmsis/samd11/source/gcc/startup_samd11.o
WDT_Handler                                       src/ASF/sam0/utils/cmsis/samd11/source/gcc/startup_samd11.o
_Jv_RegisterClasses                               c:/program files (x86)/atmel/studio/7.0/toolchain/arm/arm-gnu-toolchain/bin/../lib/gcc/arm-none-eabi/6.3.1/thumb/v6-m/crtbegin.o
__aeabi_idiv0                                     c:/program files (x86)/atmel/studio/7.0/toolchain/arm/arm-gnu-toolchain/bin/../lib/gcc/arm-none-eabi/6.3.1/thumb/v6-m\libgcc.a(_dvmd_tls.o)
                                                  c:/program files (x86)/atmel/studio/7.0/toolchain/arm/arm-gnu-toolchain/bin/../lib/gcc/arm-none-eabi/6.3.1/thumb/v6-m\libgcc.a(_udivsi3.o)
__aeabi_ldiv0                                     c:/program files (x86)/atmel/studio/7.0/toolchain/arm/arm-gnu-toolchain/bin/../lib/gcc/arm-none-eabi/6.3.1/thumb/v6-m\libgcc.a(_dvmd_tls.o)
__aeabi_uidiv                                     c:/program files (x86)/atmel/studio/7.0/toolchain/arm/arm-gnu-toolchain/bin/../lib/gcc/arm-none-eabi/6.3.1/thumb/v6-m\libgcc.a(_udivsi3.o)
                                                  src/ASF/sam0/drivers/system/clock/clock_samd09_d10_d11/gclk.o
                                                  src/ASF/sam0/drivers/system/clock/clock_samd09_d10_d11/clock.o
__aeabi_uidivmod                                  c:/program files (x86)/atmel/studio/7.0/toolchain/arm/arm-gnu-toolchain/bin/../lib/gcc/arm-none-eabi/6.3.1/thumb/v6-m\libgcc.a(_udivsi3.o)
__bss_end__                                       c:/program files (x86)/atmel/studio/7.0/toolchain/arm/arm-gnu-toolchain/bin/../lib/gcc/arm-none-eabi/6.3.1/../../../../arm-none-eabi/lib/thumb/v6-m/crt0.o
__bss_start__                                     c:/program files (x86)/atmel/studio/7.0/toolchain/arm/arm-gnu-toolchain/bin/../lib/gcc/arm-none-eabi/6.3.1/../../../../arm-none-eabi/lib/thumb/v6-m/crt0.o
__call_exitprocs                                  c:/program files (x86)/atmel/studio/7.0/toolchain/arm/arm-gnu-toolchain/bin/../lib/gcc/arm-none-eabi/6.3.1/../../../../arm-none-eabi/lib/thumb/v6-m\libc_nano.a(lib_a-exit.o)
__deregister_frame_info                           c:/program files (x86)/atmel/studio/7.0/toolchain/arm/arm-gnu-toolchain/bin/../lib/gcc/arm-none-eabi/6.3.1/thumb/v6-m/crtbegin.o
__dso_handle                                      c:/program files (x86)/atmel/studio/7.0/toolchain/arm/arm-gnu-toolchain/bin/../lib/gcc/arm-none-eabi/6.3.1/thumb/v6-m/crtbegin.o
__init_array_end                                  c:/program files (x86)/atmel/studio/7.0/toolchain/arm/arm-gnu-toolchain/bin/../lib/gcc/arm-none-eabi/6.3.1/../../../../arm-none-eabi/lib/thumb/v6-m\libc_nano.a(lib_a-init.o)
__init_array_start                                c:/program files (x86)/atmel/studio/7.0/toolchain/arm/arm-gnu-toolchain/bin/../lib/gcc/arm-none-eabi/6.3.1/../../../../arm-none-eabi/lib/thumb/v6-m\libc_nano.a(lib_a-init.o)
__libc_fini_array                                 c:/program files (x86)/atmel/studio/7.0/toolchain/arm/arm-gnu-toolchain/bin/../lib/gcc/arm-none-eabi/6.3.1/../../../../arm-none-eabi/lib/thumb/v6-m/crt0.o
__libc_init_array                                 c:/program files (x86)/atmel/studio/7.0/toolchain/arm/arm-gnu-toolchain/bin/../lib/gcc/arm-none-eabi/6.3.1/../../../../arm-none-eabi/lib/thumb/v6-m\libc_nano.a(lib_a-init.o)
                                                  src/ASF/sam0/utils/cmsis/samd11/source/gcc/startup_samd11.o
                                                  c:/program files (x86)/atmel/studio/7.0/toolchain/arm/arm-gnu-toolchain/bin/../lib/gcc/arm-none-eabi/6.3.1/../../../../arm-none-eabi/lib/thumb/v6-m/crt0.o
__preinit_array_end                               c:/program files (x86)/atmel/studio/7.0/toolchain/arm/arm-gnu-toolchain/bin/../lib/gcc/arm-none-eabi/6.3.1/../../../../arm-none-eabi/lib/thumb/v6-m\libc_nano.a(lib_a-init.o)
__preinit_array_start                             c:/program files (x86)/atmel/studio/7.0/toolchain/arm/arm-gnu-toolchain/bin/../lib/gcc/arm-none-eabi/6.3.1/../../../../arm-none-eabi/lib/thumb/v6-m\libc_nano.a(lib_a-init.o)
__register_frame_info                             c:/program files (x86)/atmel/studio/7.0/toolchain/arm/arm-gnu-toolchain/bin/../lib/gcc/arm-none-eabi/6.3.1/thumb/v6-m/crtbegin.o
__sf_fake_stderr                                  c:/program files (x86)/atmel/studio/7.0/toolchain/arm/arm-gnu-toolchain/bin/../lib/gcc/arm-none-eabi/6.3.1/../../../../arm-none-eabi/lib/thumb/v6-m\libc_nano.a(lib_a-impure.o)
__sf_fake_stdin                                   c:/program files (x86)/atmel/studio/7.0/toolchain/arm/arm-gnu-toolchain/bin/../lib/gcc/arm-none-eabi/6.3.1/../../../../arm-none-eabi/lib/thumb/v6-m\libc_nano.a(lib_a-impure.o)
__sf_fake_stdout                                  c:/program files (x86)/atmel/studio/7.0/toolchain/arm/arm-gnu-toolchain/bin/../lib/gcc/arm-none-eabi/6.3.1/../../../../arm-none-eabi/lib/thumb/v6-m\libc_nano.a(lib_a-impure.o)
__stack                                           c:/program files (x86)/atmel/studio/7.0/toolchain/arm/arm-gnu-toolchain/bin/../lib/gcc/arm-none-eabi/6.3.1/../../../../arm-none-eabi/lib/thumb/v6-m/crt0.o
__udivsi3                                         c:/program files (x86)/atmel/studio/7.0/toolchain/arm/arm-gnu-toolchain/bin/../lib/gcc/arm-none-eabi/6.3.1/thumb/v6-m\libgcc.a(_udivsi3.o)
_close                                            src/ASF/sam0/utils/syscalls/gcc/syscalls.o
_current_channel                                  src/ASF/sam0/drivers/extint/extint_callback.o
_end                                              src/ASF/sam0/utils/syscalls/gcc/syscalls.o
_erelocate                                        src/ASF/sam0/utils/cmsis/samd11/source/gcc/startup_samd11.o
_estack                                           src/ASF/sam0/utils/cmsis/samd11/source/gcc/startup_samd11.o
_etext                                            src/ASF/sam0/utils/cmsis/samd11/source/gcc/startup_samd11.o
_exit                                             src/ASF/sam0/utils/syscalls/gcc/syscalls.o
                                                  c:/program files (x86)/atmel/studio/7.0/toolchain/arm/arm-gnu-toolchain/bin/../lib/gcc/arm-none-eabi/6.3.1/../../../../arm-none-eabi/lib/thumb/v6-m\libc_nano.a(lib_a-exit.o)
_extint_dev                                       src/ASF/sam0/drivers/extint/extint_sam_d_r_h/extint.o
                                                  src/ASF/sam0/drivers/extint/extint_callback.o
_ezero                                            src/ASF/sam0/utils/cmsis/samd11/source/gcc/startup_samd11.o
_fini                                             c:/program files (x86)/atmel/studio/7.0/toolchain/arm/arm-gnu-toolchain/bin/../lib/gcc/arm-none-eabi/6.3.1/thumb/v6-m/crti.o
_fstat                                            src/ASF/sam0/utils/syscalls/gcc/syscalls.o
_getpid                                           src/ASF/sam0/utils/syscalls/gcc/syscalls.o
_global_impure_ptr                                c:/program files (x86)/atmel/studio/7.0/toolchain/arm/arm-gnu-toolchain/bin/../lib/gcc/arm-none-eabi/6.3.1/../../../../arm-none-eabi/lib/thumb/v6-m\libc_nano.a(lib_a-impure.o)
                                                  c:/program files (x86)/atmel/studio/7.0/toolchain/arm/arm-gnu-toolchain/bin/../lib/gcc/arm-none-eabi/6.3.1/../../../../arm-none-eabi/lib/thumb/v6-m\libc_nano.a(lib_a-exit.o)
_impure_ptr                                       c:/program files (x86)/atmel/studio/7.0/toolchain/arm/arm-gnu-toolchain/bin/../lib/gcc/arm-none-eabi/6.3.1/../../../../arm-none-eabi/lib/thumb/v6-m\libc_nano.a(lib_a-impure.o)
_init                                             c:/program files (x86)/atmel/studio/7.0/toolchain/arm/arm-gnu-toolchain/bin/../lib/gcc/arm-none-eabi/6.3.1/thumb/v6-m/crti.o
                                                  c:/program files (x86)/atmel/studio/7.0/toolchain/arm/arm-gnu-toolchain/bin/../lib/gcc/arm-none-eabi/6.3.1/../../../../arm-none-eabi/lib/thumb/v6-m\libc_nano.a(lib_a-init.o)
_isatty                                           src/ASF/sam0/utils/syscalls/gcc/syscalls.o
_kill                                             src/ASF/sam0/utils/syscalls/gcc/syscalls.o
_lseek                                            src/ASF/sam0/utils/syscalls/gcc/syscalls.o
_mainCRTStartup                                   c:/program files (x86)/atmel/studio/7.0/toolchain/arm/arm-gnu-toolchain/bin/../lib/gcc/arm-none-eabi/6.3.1/../../../../arm-none-eabi/lib/thumb/v6-m/crt0.o
_sbrk                                             src/ASF/sam0/utils/syscalls/gcc/syscalls.o
_sfixed                                           src/ASF/sam0/utils/cmsis/samd11/source/gcc/startup_samd11.o
_srelocate                                        src/ASF/sam0/utils/cmsis/samd11/source/gcc/startup_samd11.o
_start                                            c:/program files (x86)/atmel/studio/7.0/toolchain/arm/arm-gnu-toolchain/bin/../lib/gcc/arm-none-eabi/6.3.1/../../../../arm-none-eabi/lib/thumb/v6-m/crt0.o
_system_divas_init                                src/ASF/sam0/drivers/system/system.o
_system_dummy_init                                src/ASF/sam0/drivers/system/system.o
_system_events_init                               src/ASF/sam0/drivers/system/system.o
_system_extint_init                               src/ASF/sam0/drivers/extint/extint_sam_d_r_h/extint.o
_szero                                            src/ASF/sam0/utils/cmsis/samd11/source/gcc/startup_samd11.o
_tc_get_inst_index                                src/ASF/sam0/drivers/tc/tc_sam_d_r_h/tc.o
_tc_instances                                     src/ASF/sam0/drivers/tc/tc_interrupt.o
                                                  src/ASF/sam0/drivers/tc/tc_sam_d_r_h/tc.o
_tc_interrupt_handler                             src/ASF/sam0/drivers/tc/tc_interrupt.o
atexit                                            c:/program files (x86)/atmel/studio/7.0/toolchain/arm/arm-gnu-toolchain/bin/../lib/gcc/arm-none-eabi/6.3.1/../../../../arm-none-eabi/lib/thumb/v6-m/crt0.o
board_init                                        src/ASF/sam0/boards/samd11_xplained_pro/board_init.o
configure_extint_callbacks                        src/test_button.o
configure_extint_channel                          src/test_button.o
configure_port_pins                               src/test_button.o
configure_pwm_generator                           src/test_button.o
cpu_irq_enter_critical                            src/ASF/common/utils/interrupt/interrupt_sam_nvic.o
                                                  src/ASF/sam0/drivers/system/clock/clock_samd09_d10_d11/gclk.o
cpu_irq_leave_critical                            src/ASF/common/utils/interrupt/interrupt_sam_nvic.o
                                                  src/ASF/sam0/drivers/system/clock/clock_samd09_d10_d11/gclk.o
cycle_pwm_motor                                   src/test_button.o
exception_table                                   src/ASF/sam0/utils/cmsis/samd11/source/gcc/startup_samd11.o
exit                                              c:/program files (x86)/atmel/studio/7.0/toolchain/arm/arm-gnu-toolchain/bin/../lib/gcc/arm-none-eabi/6.3.1/../../../../arm-none-eabi/lib/thumb/v6-m\libc_nano.a(lib_a-exit.o)
                                                  c:/program files (x86)/atmel/studio/7.0/toolchain/arm/arm-gnu-toolchain/bin/../lib/gcc/arm-none-eabi/6.3.1/../../../../arm-none-eabi/lib/thumb/v6-m/crt0.o
extint_chan_disable_callback                      src/ASF/sam0/drivers/extint/extint_callback.o
extint_chan_enable_callback                       src/ASF/sam0/drivers/extint/extint_callback.o
                                                  src/test_button.o
extint_chan_get_config_defaults                   src/ASF/sam0/drivers/extint/extint_sam_d_r_h/extint.o
                                                  src/test_button.o
extint_chan_set_config                            src/ASF/sam0/drivers/extint/extint_sam_d_r_h/extint.o
                                                  src/test_button.o
extint_detection_callback                         src/test_button.o
extint_disable_events                             src/ASF/sam0/drivers/extint/extint_sam_d_r_h/extint.o
extint_enable_events                              src/ASF/sam0/drivers/extint/extint_sam_d_r_h/extint.o
extint_get_current_channel                        src/ASF/sam0/drivers/extint/extint_callback.o
extint_nmi_set_config                             src/ASF/sam0/drivers/extint/extint_sam_d_r_h/extint.o
extint_register_callback                          src/ASF/sam0/drivers/extint/extint_callback.o
                                                  src/test_button.o
extint_unregister_callback                        src/ASF/sam0/drivers/extint/extint_callback.o
g_interrupt_enabled                               src/ASF/common/utils/interrupt/interrupt_sam_nvic.o
                                                  src/test_button.o
hardware_init_hook                                c:/program files (x86)/atmel/studio/7.0/toolchain/arm/arm-gnu-toolchain/bin/../lib/gcc/arm-none-eabi/6.3.1/../../../../arm-none-eabi/lib/thumb/v6-m/crt0.o
link                                              src/ASF/sam0/utils/syscalls/gcc/syscalls.o
long_press_var                                    src/test_button.o
main                                              src/test_button.o
                                                  src/ASF/sam0/utils/cmsis/samd11/source/gcc/startup_samd11.o
                                                  c:/program files (x86)/atmel/studio/7.0/toolchain/arm/arm-gnu-toolchain/bin/../lib/gcc/arm-none-eabi/6.3.1/../../../../arm-none-eabi/lib/thumb/v6-m/crt0.o
memset                                            c:/program files (x86)/atmel/studio/7.0/toolchain/arm/arm-gnu-toolchain/bin/../lib/gcc/arm-none-eabi/6.3.1/../../../../arm-none-eabi/lib/thumb/v6-m\libc_nano.a(lib_a-memset.o)
                                                  c:/program files (x86)/atmel/studio/7.0/toolchain/arm/arm-gnu-toolchain/bin/../lib/gcc/arm-none-eabi/6.3.1/../../../../arm-none-eabi/lib/thumb/v6-m/crt0.o
motor_disable                                     src/test_button.o
motor_enable                                      src/test_button.o
motor_running                                     src/test_button.o
motor_toggle_count                                src/test_button.o
port_group_set_config                             src/ASF/sam0/drivers/port/port.o
port_pin_set_config                               src/ASF/sam0/drivers/port/port.o
                                                  src/ASF/sam0/boards/samd11_xplained_pro/board_init.o
                                                  src/test_button.o
pulsating_motor_routine                           src/test_button.o
pwm_generator_instance                            src/test_button.o
software_init_hook                                c:/program files (x86)/atmel/studio/7.0/toolchain/arm/arm-gnu-toolchain/bin/../lib/gcc/arm-none-eabi/6.3.1/../../../../arm-none-eabi/lib/thumb/v6-m/crt0.o
system_board_init                                 src/ASF/sam0/boards/samd11_xplained_pro/board_init.o
system_clock_init                                 src/ASF/sam0/drivers/system/clock/clock_samd09_d10_d11/clock.o
system_clock_source_dfll_set_config               src/ASF/sam0/drivers/system/clock/clock_samd09_d10_d11/clock.o
system_clock_source_disable                       src/ASF/sam0/drivers/system/clock/clock_samd09_d10_d11/clock.o
system_clock_source_dpll_set_config               src/ASF/sam0/drivers/system/clock/clock_samd09_d10_d11/clock.o
system_clock_source_enable                        src/ASF/sam0/drivers/system/clock/clock_samd09_d10_d11/clock.o
system_clock_source_get_hz                        src/ASF/sam0/drivers/system/clock/clock_samd09_d10_d11/clock.o
                                                  src/ASF/sam0/drivers/system/clock/clock_samd09_d10_d11/gclk.o
system_clock_source_is_ready                      src/ASF/sam0/drivers/system/clock/clock_samd09_d10_d11/clock.o
system_clock_source_osc32k_set_config             src/ASF/sam0/drivers/system/clock/clock_samd09_d10_d11/clock.o
system_clock_source_osc8m_set_config              src/ASF/sam0/drivers/system/clock/clock_samd09_d10_d11/clock.o
system_clock_source_write_calibration             src/ASF/sam0/drivers/system/clock/clock_samd09_d10_d11/clock.o
system_clock_source_xosc32k_set_config            src/ASF/sam0/drivers/system/clock/clock_samd09_d10_d11/clock.o
system_clock_source_xosc_set_config               src/ASF/sam0/drivers/system/clock/clock_samd09_d10_d11/clock.o
system_gclk_chan_disable                          src/ASF/sam0/drivers/system/clock/clock_samd09_d10_d11/gclk.o
                                                  src/ASF/sam0/drivers/extint/extint_sam_d_r_h/extint.o
system_gclk_chan_enable                           src/ASF/sam0/drivers/system/clock/clock_samd09_d10_d11/gclk.o
                                                  src/ASF/sam0/drivers/tc/tc_sam_d_r_h/tc.o
                                                  src/ASF/sam0/drivers/extint/extint_sam_d_r_h/extint.o
system_gclk_chan_get_hz                           src/ASF/sam0/drivers/system/clock/clock_samd09_d10_d11/gclk.o
                                                  src/ASF/sam0/drivers/system/clock/clock_samd09_d10_d11/clock.o
system_gclk_chan_is_enabled                       src/ASF/sam0/drivers/system/clock/clock_samd09_d10_d11/gclk.o
system_gclk_chan_is_locked                        src/ASF/sam0/drivers/system/clock/clock_samd09_d10_d11/gclk.o
system_gclk_chan_lock                             src/ASF/sam0/drivers/system/clock/clock_samd09_d10_d11/gclk.o
system_gclk_chan_set_config                       src/ASF/sam0/drivers/system/clock/clock_samd09_d10_d11/gclk.o
                                                  src/ASF/sam0/drivers/system/clock/clock_samd09_d10_d11/clock.o
                                                  src/ASF/sam0/drivers/tc/tc_sam_d_r_h/tc.o
                                                  src/ASF/sam0/drivers/extint/extint_sam_d_r_h/extint.o
system_gclk_gen_disable                           src/ASF/sam0/drivers/system/clock/clock_samd09_d10_d11/gclk.o
system_gclk_gen_enable                            src/ASF/sam0/drivers/system/clock/clock_samd09_d10_d11/gclk.o
                                                  src/ASF/sam0/drivers/system/clock/clock_samd09_d10_d11/clock.o
system_gclk_gen_get_hz                            src/ASF/sam0/drivers/system/clock/clock_samd09_d10_d11/gclk.o
system_gclk_gen_is_enabled                        src/ASF/sam0/drivers/system/clock/clock_samd09_d10_d11/gclk.o
system_gclk_gen_set_config                        src/ASF/sam0/drivers/system/clock/clock_samd09_d10_d11/gclk.o
                                                  src/ASF/sam0/drivers/system/clock/clock_samd09_d10_d11/clock.o
system_gclk_init                                  src/ASF/sam0/drivers/system/clock/clock_samd09_d10_d11/gclk.o
                                                  src/ASF/sam0/drivers/system/clock/clock_samd09_d10_d11/clock.o
system_init                                       src/ASF/sam0/drivers/system/system.o
                                                  src/test_button.o
system_interrupt_clear_pending                    src/ASF/sam0/drivers/system/interrupt/system_interrupt.o
system_interrupt_get_priority                     src/ASF/sam0/drivers/system/interrupt/system_interrupt.o
system_interrupt_is_pending                       src/ASF/sam0/drivers/system/interrupt/system_interrupt.o
system_interrupt_set_pending                      src/ASF/sam0/drivers/system/interrupt/system_interrupt.o
system_interrupt_set_priority                     src/ASF/sam0/drivers/system/interrupt/system_interrupt.o
system_pinmux_group_set_config                    src/ASF/sam0/drivers/system/pinmux/pinmux.o
                                                  src/ASF/sam0/drivers/port/port.o
system_pinmux_group_set_input_sample_mode         src/ASF/sam0/drivers/system/pinmux/pinmux.o
system_pinmux_group_set_output_strength           src/ASF/sam0/drivers/system/pinmux/pinmux.o
system_pinmux_pin_set_config                      src/ASF/sam0/drivers/system/pinmux/pinmux.o
                                                  src/ASF/sam0/drivers/port/port.o
                                                  src/ASF/sam0/drivers/tc/tc_sam_d_r_h/tc.o
                                                  src/ASF/sam0/drivers/extint/extint_sam_d_r_h/extint.o
system_timer_instance                             src/test_button.o
tc_get_capture_value                              src/ASF/sam0/drivers/tc/tc_sam_d_r_h/tc.o
tc_get_count_value                                src/ASF/sam0/drivers/tc/tc_sam_d_r_h/tc.o
tc_init                                           src/ASF/sam0/drivers/tc/tc_sam_d_r_h/tc.o
                                                  src/test_button.o
tc_register_callback                              src/ASF/sam0/drivers/tc/tc_interrupt.o
tc_reset                                          src/ASF/sam0/drivers/tc/tc_sam_d_r_h/tc.o
tc_set_compare_value                              src/ASF/sam0/drivers/tc/tc_sam_d_r_h/tc.o
                                                  src/test_button.o
tc_set_count_value                                src/ASF/sam0/drivers/tc/tc_sam_d_r_h/tc.o
tc_set_top_value                                  src/ASF/sam0/drivers/tc/tc_sam_d_r_h/tc.o
tc_unregister_callback                            src/ASF/sam0/drivers/tc/tc_interrupt.o
toggle_nsleep                                     src/test_button.o
