Archive member included to satisfy reference by file (symbol)

c:/program files (x86)/atmel/studio/7.0/toolchain/arm/arm-gnu-toolchain/bin/../lib/gcc/arm-none-eabi/6.3.1/thumb/v6-m\libgcc.a(_udivsi3.o)
                              src/ASF/sam0/drivers/system/clock/clock_samd09_d10_d11/clock.o (__aeabi_uidiv)
c:/program files (x86)/atmel/studio/7.0/toolchain/arm/arm-gnu-toolchain/bin/../lib/gcc/arm-none-eabi/6.3.1/thumb/v6-m\libgcc.a(_dvmd_tls.o)
                              c:/program files (x86)/atmel/studio/7.0/toolchain/arm/arm-gnu-toolchain/bin/../lib/gcc/arm-none-eabi/6.3.1/thumb/v6-m\libgcc.a(_udivsi3.o) (__aeabi_idiv0)
c:/program files (x86)/atmel/studio/7.0/toolchain/arm/arm-gnu-toolchain/bin/../lib/gcc/arm-none-eabi/6.3.1/../../../../arm-none-eabi/lib/thumb/v6-m\libc_nano.a(lib_a-exit.o)
                              c:/program files (x86)/atmel/studio/7.0/toolchain/arm/arm-gnu-toolchain/bin/../lib/gcc/arm-none-eabi/6.3.1/../../../../arm-none-eabi/lib/thumb/v6-m/crt0.o (exit)
c:/program files (x86)/atmel/studio/7.0/toolchain/arm/arm-gnu-toolchain/bin/../lib/gcc/arm-none-eabi/6.3.1/../../../../arm-none-eabi/lib/thumb/v6-m\libc_nano.a(lib_a-impure.o)
                              c:/program files (x86)/atmel/studio/7.0/toolchain/arm/arm-gnu-toolchain/bin/../lib/gcc/arm-none-eabi/6.3.1/../../../../arm-none-eabi/lib/thumb/v6-m\libc_nano.a(lib_a-exit.o) (_global_impure_ptr)
c:/program files (x86)/atmel/studio/7.0/toolchain/arm/arm-gnu-toolchain/bin/../lib/gcc/arm-none-eabi/6.3.1/../../../../arm-none-eabi/lib/thumb/v6-m\libc_nano.a(lib_a-init.o)
                              c:/program files (x86)/atmel/studio/7.0/toolchain/arm/arm-gnu-toolchain/bin/../lib/gcc/arm-none-eabi/6.3.1/../../../../arm-none-eabi/lib/thumb/v6-m/crt0.o (__libc_init_array)
c:/program files (x86)/atmel/studio/7.0/toolchain/arm/arm-gnu-toolchain/bin/../lib/gcc/arm-none-eabi/6.3.1/../../../../arm-none-eabi/lib/thumb/v6-m\libc_nano.a(lib_a-memset.o)
                              c:/program files (x86)/atmel/studio/7.0/toolchain/arm/arm-gnu-toolchain/bin/../lib/gcc/arm-none-eabi/6.3.1/../../../../arm-none-eabi/lib/thumb/v6-m/crt0.o (memset)

Allocating common symbols
Common symbol       size              file

_tcc_instances      0x4               src/ASF/sam0/drivers/tcc/tcc_callback.o
tcc_instance        0x40              src/qs_tcc_timer.o

Discarded input sections

 .text          0x00000000        0x0 c:/program files (x86)/atmel/studio/7.0/toolchain/arm/arm-gnu-toolchain/bin/../lib/gcc/arm-none-eabi/6.3.1/thumb/v6-m/crti.o
 .data          0x00000000        0x0 c:/program files (x86)/atmel/studio/7.0/toolchain/arm/arm-gnu-toolchain/bin/../lib/gcc/arm-none-eabi/6.3.1/thumb/v6-m/crti.o
 .bss           0x00000000        0x0 c:/program files (x86)/atmel/studio/7.0/toolchain/arm/arm-gnu-toolchain/bin/../lib/gcc/arm-none-eabi/6.3.1/thumb/v6-m/crti.o
 .data          0x00000000        0x4 c:/program files (x86)/atmel/studio/7.0/toolchain/arm/arm-gnu-toolchain/bin/../lib/gcc/arm-none-eabi/6.3.1/thumb/v6-m/crtbegin.o
 .text          0x00000000       0x78 c:/program files (x86)/atmel/studio/7.0/toolchain/arm/arm-gnu-toolchain/bin/../lib/gcc/arm-none-eabi/6.3.1/../../../../arm-none-eabi/lib/thumb/v6-m/crt0.o
 .data          0x00000000        0x0 c:/program files (x86)/atmel/studio/7.0/toolchain/arm/arm-gnu-toolchain/bin/../lib/gcc/arm-none-eabi/6.3.1/../../../../arm-none-eabi/lib/thumb/v6-m/crt0.o
 .bss           0x00000000        0x0 c:/program files (x86)/atmel/studio/7.0/toolchain/arm/arm-gnu-toolchain/bin/../lib/gcc/arm-none-eabi/6.3.1/../../../../arm-none-eabi/lib/thumb/v6-m/crt0.o
 .ARM.extab     0x00000000        0x0 c:/program files (x86)/atmel/studio/7.0/toolchain/arm/arm-gnu-toolchain/bin/../lib/gcc/arm-none-eabi/6.3.1/../../../../arm-none-eabi/lib/thumb/v6-m/crt0.o
 .ARM.exidx     0x00000000        0x8 c:/program files (x86)/atmel/studio/7.0/toolchain/arm/arm-gnu-toolchain/bin/../lib/gcc/arm-none-eabi/6.3.1/../../../../arm-none-eabi/lib/thumb/v6-m/crt0.o
 .ARM.attributes
                0x00000000       0x1b c:/program files (x86)/atmel/studio/7.0/toolchain/arm/arm-gnu-toolchain/bin/../lib/gcc/arm-none-eabi/6.3.1/../../../../arm-none-eabi/lib/thumb/v6-m/crt0.o
 .group         0x00000000        0x8 src/ASF/common/utils/interrupt/interrupt_sam_nvic.o
 .group         0x00000000        0x8 src/ASF/common/utils/interrupt/interrupt_sam_nvic.o
 .group         0x00000000        0x8 src/ASF/common/utils/interrupt/interrupt_sam_nvic.o
 .group         0x00000000        0x8 src/ASF/common/utils/interrupt/interrupt_sam_nvic.o
 .group         0x00000000        0x8 src/ASF/common/utils/interrupt/interrupt_sam_nvic.o
 .group         0x00000000        0x8 src/ASF/common/utils/interrupt/interrupt_sam_nvic.o
 .group         0x00000000        0x8 src/ASF/common/utils/interrupt/interrupt_sam_nvic.o
 .group         0x00000000        0x8 src/ASF/common/utils/interrupt/interrupt_sam_nvic.o
[...]
Memory Configuration

Name             Origin             Length             Attributes
rom              0x00000000         0x00004000         xr
ram              0x20000000         0x00001000         xrw
*default*        0x00000000         0xffffffff

Linker script and memory map

LOAD c:/program files (x86)/atmel/studio/7.0/toolchain/arm/arm-gnu-toolchain/bin/../lib/gcc/arm-none-eabi/6.3.1/thumb/v6-m/crti.o
LOAD c:/program files (x86)/atmel/studio/7.0/toolchain/arm/arm-gnu-toolchain/bin/../lib/gcc/arm-none-eabi/6.3.1/thumb/v6-m/crtbegin.o
LOAD c:/program files (x86)/atmel/studio/7.0/toolchain/arm/arm-gnu-toolchain/bin/../lib/gcc/arm-none-eabi/6.3.1/../../../../arm-none-eabi/lib/thumb/v6-m/crt0.o
LOAD src/ASF/common/utils/interrupt/interrupt_sam_nvic.o
LOAD src/ASF/sam0/boards/samd11_xplained_pro/board_init.o
LOAD src/ASF/sam0/drivers/port/port.o
LOAD src/ASF/sam0/drivers/system/clock/clock_samd09_d10_d11/clock.o
LOAD src/ASF/sam0/drivers/system/clock/clock_samd09_d10_d11/gclk.o
LOAD src/ASF/sam0/drivers/system/interrupt/system_interrupt.o
LOAD src/ASF/sam0/drivers/system/pinmux/pinmux.o
LOAD src/ASF/sam0/drivers/system/system.o
LOAD src/ASF/sam0/drivers/tcc/tcc.o
LOAD src/ASF/sam0/drivers/tcc/tcc_callback.o
LOAD src/ASF/sam0/utils/cmsis/samd11/source/gcc/startup_samd11.o
LOAD src/ASF/sam0/utils/cmsis/samd11/source/system_samd11.o
LOAD src/ASF/sam0/utils/syscalls/gcc/syscalls.o
LOAD src/qs_tcc_timer.o
START GROUP
LOAD ../src/ASF/thirdparty/CMSIS/Lib/GCC\libarm_cortexM0l_math.a
LOAD c:/program files (x86)/atmel/studio/7.0/toolchain/arm/arm-gnu-toolchain/bin/../lib/gcc/arm-none-eabi/6.3.1/../../../../arm-none-eabi/lib/thumb/v6-m\libm.a
END GROUP
START GROUP
LOAD c:/program files (x86)/atmel/studio/7.0/toolchain/arm/arm-gnu-toolchain/bin/../lib/gcc/arm-none-eabi/6.3.1/thumb/v6-m\libgcc.a
LOAD c:/program files (x86)/atmel/studio/7.0/toolchain/arm/arm-gnu-toolchain/bin/../lib/gcc/arm-none-eabi/6.3.1/../../../../arm-none-eabi/lib/thumb/v6-m\libc_nano.a
END GROUP
START GROUP
LOAD c:/program files (x86)/atmel/studio/7.0/toolchain/arm/arm-gnu-toolchain/bin/../lib/gcc/arm-none-eabi/6.3.1/thumb/v6-m\libgcc.a
LOAD c:/program files (x86)/atmel/studio/7.0/toolchain/arm/arm-gnu-toolchain/bin/../lib/gcc/arm-none-eabi/6.3.1/../../../../arm-none-eabi/lib/thumb/v6-m\libc_nano.a
END GROUP
LOAD c:/program files (x86)/atmel/studio/7.0/toolchain/arm/arm-gnu-toolchain/bin/../lib/gcc/arm-none-eabi/6.3.1/thumb/v6-m/crtend.o
LOAD c:/program files (x86)/atmel/studio/7.0/toolchain/arm/arm-gnu-toolchain/bin/../lib/gcc/arm-none-eabi/6.3.1/thumb/v6-m/crtn.o
                0x00000400                STACK_SIZE = DEFINED (STACK_SIZE)?STACK_SIZE:DEFINED (__stack_size__)?__stack_size__:0x400

.text           0x00000000      0xf18
                0x00000000                . = ALIGN (0x4)
                0x00000000                _sfixed = .
 *(.vectors .vectors.*)
 .vectors       0x00000000       0x8c src/ASF/sam0/utils/cmsis/samd11/source/gcc/startup_samd11.o
                0x00000000                exception_table
 *(.text .text.* .gnu.linkonce.t.*)
 .text          0x0000008c       0x60 c:/program files (x86)/atmel/studio/7.0/toolchain/arm/arm-gnu-toolchain/bin/../lib/gcc/arm-none-eabi/6.3.1/thumb/v6-m/crtbegin.o
 .text.cpu_irq_enter_critical
                0x000000ec       0x40 src/ASF/common/utils/interrupt/interrupt_sam_nvic.o
                0x000000ec                cpu_irq_enter_critical
 .text.cpu_irq_leave_critical
                0x0000012c       0x30 src/ASF/common/utils/interrupt/interrupt_sam_nvic.o
                0x0000012c                cpu_irq_leave_critical
 .text.system_board_init
                0x0000015c       0x38 src/ASF/sam0/boards/samd11_xplained_pro/board_init.o
                0x0000015c                board_init
                0x0000015c                system_board_init
 .text.port_pin_set_config
                0x00000194       0x24 src/ASF/sam0/drivers/port/port.o
                0x00000194                port_pin_set_config
 .text.system_clock_source_osc8m_set_config
                0x000001b8       0x3c src/ASF/sam0/drivers/system/clock/clock_samd09_d10_d11/clock.o
                0x000001b8                system_clock_source_osc8m_set_config
 .text.system_clock_source_xosc32k_set_config
                0x000001f4       0xb8 src/ASF/sam0/drivers/system/clock/clock_samd09_d10_d11/clock.o
                0x000001f4                system_clock_source_xosc32k_set_config
 .text.system_clock_source_enable
                0x000002ac       0xa8 src/ASF/sam0/drivers/system/clock/clock_samd09_d10_d11/clock.o
                0x000002ac                system_clock_source_enable
 .text.system_clock_init
                0x00000354       0xf0 src/ASF/sam0/drivers/system/clock/clock_samd09_d10_d11/clock.o
                0x00000354                system_clock_init
 .text.system_gclk_init
                0x00000444       0x24 src/ASF/sam0/drivers/system/clock/clock_samd09_d10_d11/gclk.o
                0x00000444                system_gclk_init
 .text.system_gclk_gen_set_config
                0x00000468       0xb8 src/ASF/sam0/drivers/system/clock/clock_samd09_d10_d11/gclk.o
                0x00000468                system_gclk_gen_set_config
 .text.system_gclk_gen_enable
                0x00000520       0x44 src/ASF/sam0/drivers/system/clock/clock_samd09_d10_d11/gclk.o
                0x00000520                system_gclk_gen_enable
 .text.system_gclk_chan_enable
                0x00000564       0x30 src/ASF/sam0/drivers/system/clock/clock_samd09_d10_d11/gclk.o
                0x00000564                system_gclk_chan_enable
 .text.system_gclk_chan_disable
                0x00000594       0x5c src/ASF/sam0/drivers/system/clock/clock_samd09_d10_d11/gclk.o
                0x00000594                system_gclk_chan_disable
 .text.system_gclk_chan_set_config
                0x000005f0       0x1c src/ASF/sam0/drivers/system/clock/clock_samd09_d10_d11/gclk.o
                0x000005f0                system_gclk_chan_set_config
 .text._system_pinmux_config
                0x0000060c       0xa8 src/ASF/sam0/drivers/system/pinmux/pinmux.o
 .text.system_pinmux_pin_set_config
                0x000006b4       0x30 src/ASF/sam0/drivers/system/pinmux/pinmux.o
                0x000006b4                system_pinmux_pin_set_config
 .text._system_dummy_init
                0x000006e4        0x2 src/ASF/sam0/drivers/system/system.o
                0x000006e4                _system_extint_init
                0x000006e4                _system_events_init
                0x000006e4                _system_dummy_init
                0x000006e4                _system_divas_init
 *fill*         0x000006e6        0x2 
 .text.system_init
                0x000006e8       0x2c src/ASF/sam0/drivers/system/system.o
                0x000006e8                system_init
 .text._tcc_get_inst_index
                0x00000714        0x4 src/ASF/sam0/drivers/tcc/tcc.o
                0x00000714                _tcc_get_inst_index
 .text.tcc_get_config_defaults
                0x00000718      0x13c src/ASF/sam0/drivers/tcc/tcc.o
                0x00000718                tcc_get_config_defaults
 .text.tcc_init
                0x00000854      0x388 src/ASF/sam0/drivers/tcc/tcc.o
                0x00000854                tcc_init
 .text.tcc_register_callback
                0x00000bdc       0x18 src/ASF/sam0/drivers/tcc/tcc_callback.o
                0x00000bdc                tcc_register_callback
 .text.tcc_enable_callback
                0x00000bf4       0x34 src/ASF/sam0/drivers/tcc/tcc_callback.o
                0x00000bf4                tcc_enable_callback
 .text._tcc_interrupt_handler
                0x00000c28       0x4c src/ASF/sam0/drivers/tcc/tcc_callback.o
                0x00000c28                _tcc_interrupt_handler
 .text.TCC0_Handler
                0x00000c74       0x10 src/ASF/sam0/drivers/tcc/tcc_callback.o
                0x00000c74                TCC0_Handler
 .text.Dummy_Handler
                0x00000c84        0x2 src/ASF/sam0/utils/cmsis/samd11/source/gcc/startup_samd11.o
                0x00000c84                DMAC_Handler
                0x00000c84                HardFault_Handler
                0x00000c84                TC2_Handler
                0x00000c84                AC_Handler
                0x00000c84                SysTick_Handler
                0x00000c84                PendSV_Handler
                0x00000c84                NMI_Handler
                0x00000c84                SERCOM1_Handler
                0x00000c84                ADC_Handler
                0x00000c84                SERCOM2_Handler
                0x00000c84                RTC_Handler
                0x00000c84                EIC_Handler
                0x00000c84                WDT_Handler
                0x00000c84                TC1_Handler
                0x00000c84                USB_Handler
                0x00000c84                Dummy_Handler
                0x00000c84                PM_Handler
                0x00000c84                SVC_Handler
                0x00000c84                EVSYS_Handler
                0x00000c84                NVMCTRL_Handler
                0x00000c84                SERCOM0_Handler
                0x00000c84                DAC_Handler
                0x00000c84                PTC_Handler
                0x00000c84                SYSCTRL_Handler
 *fill*         0x00000c86        0x2 
 .text.Reset_Handler
                0x00000c88       0xe4 src/ASF/sam0/utils/cmsis/samd11/source/gcc/startup_samd11.o
                0x00000c88                Reset_Handler
 .text.tcc_callback_to_toggle_led
                0x00000d6c       0x10 src/qs_tcc_timer.o
 .text.main     0x00000d7c       0xe0 src/qs_tcc_timer.o
                0x00000d7c                main
 .text.__libc_init_array
                0x00000e5c       0x48 c:/program files (x86)/atmel/studio/7.0/toolchain/arm/arm-gnu-toolchain/bin/../lib/gcc/arm-none-eabi/6.3.1/../../../../arm-none-eabi/lib/thumb/v6-m\libc_nano.a(lib_a-init.o)
                0x00000e5c                __libc_init_array
 *(.glue_7t)
 .glue_7t       0x00000ea4        0x0 linker stubs
 *(.glue_7)
 .glue_7        0x00000ea4        0x0 linker stubs
 *(.rodata .rodata* .gnu.linkonce.r.*)
 .rodata.system_clock_source_enable
                0x00000ea4       0x24 src/ASF/sam0/drivers/system/clock/clock_samd09_d10_d11/clock.o
 .rodata._tcc_intflag
                0x00000ec8       0x30 src/ASF/sam0/drivers/tcc/tcc_callback.o
                0x00000ec8                _tcc_intflag
 *(.ARM.extab* .gnu.linkonce.armextab.*)
                0x00000ef8                . = ALIGN (0x4)
 *(.init)
 .init          0x00000ef8        0x4 c:/program files (x86)/atmel/studio/7.0/toolchain/arm/arm-gnu-toolchain/bin/../lib/gcc/arm-none-eabi/6.3.1/thumb/v6-m/crti.o
                0x00000ef8                _init
 .init          0x00000efc        0x8 c:/program files (x86)/atmel/studio/7.0/toolchain/arm/arm-gnu-toolchain/bin/../lib/gcc/arm-none-eabi/6.3.1/thumb/v6-m/crtn.o
                0x00000f04                . = ALIGN (0x4)
                0x00000f04                __preinit_array_start = .
 *(.preinit_array)
                0x00000f04                __preinit_array_end = .
                0x00000f04                . = ALIGN (0x4)
                0x00000f04                __init_array_start = .
 *(SORT(.init_array.*))
 *(.init_array)
 .init_array    0x00000f04        0x4 c:/program files (x86)/atmel/studio/7.0/toolchain/arm/arm-gnu-toolchain/bin/../lib/gcc/arm-none-eabi/6.3.1/thumb/v6-m/crtbegin.o
                0x00000f08                __init_array_end = .
                0x00000f08                . = ALIGN (0x4)
 *crtbegin.o(.ctors)
 *(EXCLUDE_FILE(*crtend.o) .ctors)
 *(SORT(.ctors.*))
 *crtend.o(.ctors)
                0x00000f08                . = ALIGN (0x4)
 *(.fini)
 .fini          0x00000f08        0x4 c:/program files (x86)/atmel/studio/7.0/toolchain/arm/arm-gnu-toolchain/bin/../lib/gcc/arm-none-eabi/6.3.1/thumb/v6-m/crti.o
                0x00000f08                _fini
 .fini          0x00000f0c        0x8 c:/program files (x86)/atmel/studio/7.0/toolchain/arm/arm-gnu-toolchain/bin/../lib/gcc/arm-none-eabi/6.3.1/thumb/v6-m/crtn.o
                0x00000f14                . = ALIGN (0x4)
                0x00000f14                __fini_array_start = .
 *(.fini_array)
 .fini_array    0x00000f14        0x4 c:/program files (x86)/atmel/studio/7.0/toolchain/arm/arm-gnu-toolchain/bin/../lib/gcc/arm-none-eabi/6.3.1/thumb/v6-m/crtbegin.o
 *(SORT(.fini_array.*))
                0x00000f18                __fini_array_end = .
 *crtbegin.o(.dtors)
 *(EXCLUDE_FILE(*crtend.o) .dtors)
 *(SORT(.dtors.*))
 *crtend.o(.dtors)
                0x00000f18                . = ALIGN (0x4)
                0x00000f18                _efixed = .
                [!provide]                PROVIDE (__exidx_start, .)

.vfp11_veneer   0x00000f18        0x0
 .vfp11_veneer  0x00000f18        0x0 linker stubs

.v4_bx          0x00000f18        0x0
 .v4_bx         0x00000f18        0x0 linker stubs

.iplt           0x00000f18        0x0
 .iplt          0x00000f18        0x0 c:/program files (x86)/atmel/studio/7.0/toolchain/arm/arm-gnu-toolchain/bin/../lib/gcc/arm-none-eabi/6.3.1/thumb/v6-m/crtbegin.o

.eh_frame       0x00000f18        0x0
 .eh_frame      0x00000f18        0x0 c:/program files (x86)/atmel/studio/7.0/toolchain/arm/arm-gnu-toolchain/bin/../lib/gcc/arm-none-eabi/6.3.1/thumb/v6-m/crtbegin.o

.rel.dyn        0x00000f18        0x0
 .rel.iplt      0x00000f18        0x0 c:/program files (x86)/atmel/studio/7.0/toolchain/arm/arm-gnu-toolchain/bin/../lib/gcc/arm-none-eabi/6.3.1/thumb/v6-m/crtbegin.o

.jcr            0x00000f18        0x0
 .jcr           0x00000f18        0x0 c:/program files (x86)/atmel/studio/7.0/toolchain/arm/arm-gnu-toolchain/bin/../lib/gcc/arm-none-eabi/6.3.1/thumb/v6-m/crtbegin.o

.igot.plt       0x00000f18        0x0
 .igot.plt      0x00000f18        0x0 c:/program files (x86)/atmel/studio/7.0/toolchain/arm/arm-gnu-toolchain/bin/../lib/gcc/arm-none-eabi/6.3.1/thumb/v6-m/crtbegin.o

.ARM.exidx
 *(.ARM.exidx* .gnu.linkonce.armexidx.*)
                [!provide]                PROVIDE (__exidx_end, .)
                0x00000f18                . = ALIGN (0x4)
                0x00000f18                _etext = .

.relocate       0x20000000        0x4 load address 0x00000f18
                0x20000000                . = ALIGN (0x4)
                0x20000000                _srelocate = .
 *(.ramfunc .ramfunc.*)
 *(.data .data.*)
 .data.g_interrupt_enabled
                0x20000000        0x1 src/ASF/common/utils/interrupt/interrupt_sam_nvic.o
                0x20000000                g_interrupt_enabled
                0x20000004                . = ALIGN (0x4)
 *fill*         0x20000001        0x3 
                0x20000004                _erelocate = .

.bss            0x20000004       0x80 load address 0x00000f1c
                0x20000004                . = ALIGN (0x4)
                0x20000004                _sbss = .
                0x20000004                _szero = .
 *(.bss .bss.*)
 .bss           0x20000004       0x1c c:/program files (x86)/atmel/studio/7.0/toolchain/arm/arm-gnu-toolchain/bin/../lib/gcc/arm-none-eabi/6.3.1/thumb/v6-m/crtbegin.o
 .bss.cpu_irq_critical_section_counter
                0x20000020        0x4 src/ASF/common/utils/interrupt/interrupt_sam_nvic.o
 .bss.cpu_irq_prev_interrupt_state
                0x20000024        0x1 src/ASF/common/utils/interrupt/interrupt_sam_nvic.o
 *fill*         0x20000025        0x3 
 .bss._system_clock_inst
                0x20000028       0x18 src/ASF/sam0/drivers/system/clock/clock_samd09_d10_d11/clock.o
 *(COMMON)
 COMMON         0x20000040        0x4 src/ASF/sam0/drivers/tcc/tcc_callback.o
                0x20000040                _tcc_instances
 COMMON         0x20000044       0x40 src/qs_tcc_timer.o
                0x20000044                tcc_instance
                0x20000084                . = ALIGN (0x4)
                0x20000084                _ebss = .
                0x20000084                _ezero = .

.stack          0x20000084      0x404 load address 0x00000f9c
                0x20000088                . = ALIGN (0x8)
 *fill*         0x20000084        0x4 
                0x20000088                _sstack = .
                0x20000488                . = (. + STACK_SIZE)
 *fill*         0x20000088      0x400 
                0x20000488                . = ALIGN (0x8)
                0x20000488                _estack = .
                0x20000488                . = ALIGN (0x4)
                0x20000488                _end = .
OUTPUT(TCC_QUICK_START_TIMER1.elf elf32-littlearm)

.ARM.attributes
                0x00000000       0x28
 .ARM.attributes
                0x00000000       0x1e c:/program files (x86)/atmel/studio/7.0/toolchain/arm/arm-gnu-toolchain/bin/../lib/gcc/arm-none-eabi/6.3.1/thumb/v6-m/crti.o
 .ARM.attributes
                0x0000001e       0x2c c:/program files (x86)/atmel/studio/7.0/toolchain/arm/arm-gnu-toolchain/bin/../lib/gcc/arm-none-eabi/6.3.1/thumb/v6-m/crtbegin.o
 .ARM.attributes
                0x0000004a       0x32 src/ASF/common/utils/interrupt/interrupt_sam_nvic.o
 .ARM.attributes
                0x0000007c       0x32 src/ASF/sam0/boards/samd11_xplained_pro/board_init.o
 .ARM.attributes
                0x000000ae       0x32 src/ASF/sam0/drivers/port/port.o
 .ARM.attributes
                0x000000e0       0x32 src/ASF/sam0/drivers/system/clock/clock_samd09_d10_d11/clock.o
 .ARM.attributes
                0x00000112       0x32 src/ASF/sam0/drivers/system/clock/clock_samd09_d10_d11/gclk.o
 .ARM.attributes
                0x00000144       0x32 src/ASF/sam0/drivers/system/pinmux/pinmux.o
 .ARM.attributes
                0x00000176       0x32 src/ASF/sam0/drivers/system/system.o
 .ARM.attributes
                0x000001a8       0x32 src/ASF/sam0/drivers/tcc/tcc.o
 .ARM.attributes
                0x000001da       0x32 src/ASF/sam0/drivers/tcc/tcc_callback.o
 .ARM.attributes
                0x0000020c       0x32 src/ASF/sam0/utils/cmsis/samd11/source/gcc/startup_samd11.o
 .ARM.attributes
                0x0000023e       0x32 src/qs_tcc_timer.o
 .ARM.attributes
                0x00000270       0x2c c:/program files (x86)/atmel/studio/7.0/toolchain/arm/arm-gnu-toolchain/bin/../lib/gcc/arm-none-eabi/6.3.1/../../../../arm-none-eabi/lib/thumb/v6-m\libc_nano.a(lib_a-init.o)
 .ARM.attributes
                0x0000029c       0x1e c:/program files (x86)/atmel/studio/7.0/toolchain/arm/arm-gnu-toolchain/bin/../lib/gcc/arm-none-eabi/6.3.1/thumb/v6-m/crtn.o

.comment        0x00000000       0x59
 .comment       0x00000000       0x59 src/ASF/common/utils/interrupt/interrupt_sam_nvic.o
                                 0x5a (size before relaxing)
 .comment       0x00000059       0x5a src/ASF/sam0/boards/samd11_xplained_pro/board_init.o
 .comment       0x00000059       0x5a src/ASF/sam0/drivers/port/port.o
 .comment       0x00000059       0x5a src/ASF/sam0/drivers/system/clock/clock_samd09_d10_d11/clock.o
 .comment       0x00000059       0x5a src/ASF/sam0/drivers/system/clock/clock_samd09_d10_d11/gclk.o
 .comment       0x00000059       0x5a src/ASF/sam0/drivers/system/pinmux/pinmux.o
 .comment       0x00000059       0x5a src/ASF/sam0/drivers/system/system.o
 .comment       0x00000059       0x5a src/ASF/sam0/drivers/tcc/tcc.o
 .comment       0x00000059       0x5a src/ASF/sam0/drivers/tcc/tcc_callback.o
 .comment       0x00000059       0x5a src/ASF/sam0/utils/cmsis/samd11/source/gcc/startup_samd11.o
 .comment       0x00000059       0x5a src/qs_tcc_timer.o

.debug_info     0x00000000    0x187ae
 .debug_info    0x00000000      0xb05 src/ASF/common/utils/interrupt/interrupt_sam_nvic.o
 .debug_info    0x00000b05     0x12ab src/ASF/sam0/boards/samd11_xplained_pro/board_init.o
 .debug_info    0x00001db0     0x12b6 src/ASF/sam0/drivers/port/port.o
 .debug_info    0x00003066     0x377d src/ASF/sam0/drivers/system/clock/clock_samd09_d10_d11/clock.o
 .debug_info    0x000067e3     0x1e70 src/ASF/sam0/drivers/system/clock/clock_samd09_d10_d11/gclk.o
 .debug_info    0x00008653     0x13f2 src/ASF/sam0/drivers/system/pinmux/pinmux.o
 .debug_info    0x00009a45      0xa73 src/ASF/sam0/drivers/system/system.o
 .debug_info    0x0000a4b8     0x4b9a src/ASF/sam0/drivers/tcc/tcc.o
 .debug_info    0x0000f052     0x3035 src/ASF/sam0/drivers/tcc/tcc_callback.o
 .debug_info    0x00012087     0x2bd9 src/ASF/sam0/utils/cmsis/samd11/source/gcc/startup_samd11.o
 .debug_info    0x00014c60     0x3b4e src/qs_tcc_timer.o

.debug_abbrev   0x00000000     0x23cc
 .debug_abbrev  0x00000000      0x23b src/ASF/common/utils/interrupt/interrupt_sam_nvic.o
 .debug_abbrev  0x0000023b      0x2cf src/ASF/sam0/boards/samd11_xplained_pro/board_init.o
 .debug_abbrev  0x0000050a      0x298 src/ASF/sam0/drivers/port/port.o
 .debug_abbrev  0x000007a2      0x493 src/ASF/sam0/drivers/system/clock/clock_samd09_d10_d11/clock.o
 .debug_abbrev  0x00000c35      0x40d src/ASF/sam0/drivers/system/clock/clock_samd09_d10_d11/gclk.o
 .debug_abbrev  0x00001042      0x354 src/ASF/sam0/drivers/system/pinmux/pinmux.o
 .debug_abbrev  0x00001396      0x1e1 src/ASF/sam0/drivers/system/system.o
 .debug_abbrev  0x00001577      0x4b9 src/ASF/sam0/drivers/tcc/tcc.o
 .debug_abbrev  0x00001a30      0x39a src/ASF/sam0/drivers/tcc/tcc_callback.o
 .debug_abbrev  0x00001dca      0x234 src/ASF/sam0/utils/cmsis/samd11/source/gcc/startup_samd11.o
 .debug_abbrev  0x00001ffe      0x3ce src/qs_tcc_timer.o

.debug_aranges  0x00000000      0x318
 .debug_aranges
                0x00000000       0x28 src/ASF/common/utils/interrupt/interrupt_sam_nvic.o
 .debug_aranges
                0x00000028       0x20 src/ASF/sam0/boards/samd11_xplained_pro/board_init.o
 .debug_aranges
                0x00000048       0x28 src/ASF/sam0/drivers/port/port.o
 .debug_aranges
                0x00000070       0x78 src/ASF/sam0/drivers/system/clock/clock_samd09_d10_d11/clock.o
 .debug_aranges
                0x000000e8       0x80 src/ASF/sam0/drivers/system/clock/clock_samd09_d10_d11/gclk.o
 .debug_aranges
                0x00000168       0x40 src/ASF/sam0/drivers/system/pinmux/pinmux.o
 .debug_aranges
                0x000001a8       0x28 src/ASF/sam0/drivers/system/system.o
 .debug_aranges
                0x000001d0       0xb0 src/ASF/sam0/drivers/tcc/tcc.o
 .debug_aranges
                0x00000280       0x48 src/ASF/sam0/drivers/tcc/tcc_callback.o
 .debug_aranges
                0x000002c8       0x28 src/ASF/sam0/utils/cmsis/samd11/source/gcc/startup_samd11.o
 .debug_aranges
                0x000002f0       0x28 src/qs_tcc_timer.o

.debug_ranges   0x00000000      0x2f8
 .debug_ranges  0x00000000       0x18 src/ASF/common/utils/interrupt/interrupt_sam_nvic.o
 .debug_ranges  0x00000018       0x10 src/ASF/sam0/boards/samd11_xplained_pro/board_init.o
 .debug_ranges  0x00000028       0x18 src/ASF/sam0/drivers/port/port.o
 .debug_ranges  0x00000040       0x68 src/ASF/sam0/drivers/system/clock/clock_samd09_d10_d11/clock.o
 .debug_ranges  0x000000a8       0x88 src/ASF/sam0/drivers/system/clock/clock_samd09_d10_d11/gclk.o
 .debug_ranges  0x00000130       0x30 src/ASF/sam0/drivers/system/pinmux/pinmux.o
 .debug_ranges  0x00000160       0x18 src/ASF/sam0/drivers/system/system.o
 .debug_ranges  0x00000178      0x118 src/ASF/sam0/drivers/tcc/tcc.o
 .debug_ranges  0x00000290       0x38 src/ASF/sam0/drivers/tcc/tcc_callback.o
 .debug_ranges  0x000002c8       0x18 src/ASF/sam0/utils/cmsis/samd11/source/gcc/startup_samd11.o
 .debug_ranges  0x000002e0       0x18 src/qs_tcc_timer.o

.debug_macro    0x00000000    0x14a5e
 .debug_macro   0x00000000      0x4bb src/ASF/common/utils/interrupt/interrupt_sam_nvic.o
 .debug_macro   0x000004bb      0x8b6 src/ASF/common/utils/interrupt/interrupt_sam_nvic.o
 .debug_macro   0x00000d71      0x16d src/ASF/common/utils/interrupt/interrupt_sam_nvic.o
 .debug_macro   0x00000ede      0x71d src/ASF/common/utils/interrupt/interrupt_sam_nvic.o
 .debug_macro   0x000015fb       0x22 src/ASF/common/utils/interrupt/interrupt_sam_nvic.o
 .debug_macro   0x0000161d       0x87 src/ASF/common/utils/interrupt/interrupt_sam_nvic.o
 .debug_macro   0x000016a4       0x51 src/ASF/common/utils/interrupt/interrupt_sam_nvic.o
 .debug_macro   0x000016f5       0xef src/ASF/common/utils/interrupt/interrupt_sam_nvic.o
 .debug_macro   0x000017e4       0x6a src/ASF/common/utils/interrupt/interrupt_sam_nvic.o
 .debug_macro   0x0000184e      0x1df src/ASF/common/utils/interrupt/interrupt_sam_nvic.o
 .debug_macro   0x00001a2d       0x10 src/ASF/common/utils/interrupt/interrupt_sam_nvic.o
 .debug_macro   0x00001a3d       0x76 src/ASF/common/utils/interrupt/interrupt_sam_nvic.o
 .debug_macro   0x00001ab3       0x16 src/ASF/common/utils/interrupt/interrupt_sam_nvic.o
 .debug_macro   0x00001ac9      0x6db src/ASF/common/utils/interrupt/interrupt_sam_nvic.o
 .debug_macro   0x000021a4      0xdd8 src/ASF/common/utils/interrupt/interrupt_sam_nvic.o
 .debug_macro   0x00002f7c       0x22 src/ASF/common/utils/interrupt/interrupt_sam_nvic.o
 .debug_macro   0x00002f9e       0x40 src/ASF/common/utils/interrupt/interrupt_sam_nvic.o
 .debug_macro   0x00002fde       0x1c src/ASF/common/utils/interrupt/interrupt_sam_nvic.o
 .debug_macro   0x00002ffa       0x22 src/ASF/common/utils/interrupt/interrupt_sam_nvic.o
 .debug_macro   0x0000301c       0xb5 src/ASF/common/utils/interrupt/interrupt_sam_nvic.o
 .debug_macro   0x000030d1      0x3ad src/ASF/common/utils/interrupt/interrupt_sam_nvic.o
 .debug_macro   0x0000347e      0x681 src/ASF/common/utils/interrupt/interrupt_sam_nvic.o
 .debug_macro   0x00003aff      0x8b5 src/ASF/common/utils/interrupt/interrupt_sam_nvic.o
 .debug_macro   0x000043b4      0x230 src/ASF/common/utils/interrupt/interrupt_sam_nvic.o
 .debug_macro   0x000045e4      0xbd1 src/ASF/common/utils/interrupt/interrupt_sam_nvic.o
 .debug_macro   0x000051b5      0x5b8 src/ASF/common/utils/interrupt/interrupt_sam_nvic.o
 .debug_macro   0x0000576d      0x7c8 src/ASF/common/utils/interrupt/interrupt_sam_nvic.o
 .debug_macro   0x00005f35      0x4e3 src/ASF/common/utils/interrupt/interrupt_sam_nvic.o
 .debug_macro   0x00006418      0x39f src/ASF/common/utils/interrupt/interrupt_sam_nvic.o
 .debug_macro   0x000067b7      0x18d src/ASF/common/utils/interrupt/interrupt_sam_nvic.o
 .debug_macro   0x00006944      0x21c src/ASF/common/utils/interrupt/interrupt_sam_nvic.o
 .debug_macro   0x00006b60      0x78d src/ASF/common/utils/interrupt/interrupt_sam_nvic.o
 .debug_macro   0x000072ed       0x5e src/ASF/common/utils/interrupt/interrupt_sam_nvic.o
 .debug_macro   0x0000734b      0x628 src/ASF/common/utils/interrupt/interrupt_sam_nvic.o
 .debug_macro   0x00007973      0x3b6 src/ASF/common/utils/interrupt/interrupt_sam_nvic.o
 .debug_macro   0x00007d29      0xc50 src/ASF/common/utils/interrupt/interrupt_sam_nvic.o
 .debug_macro   0x00008979     0x1092 src/ASF/common/utils/interrupt/interrupt_sam_nvic.o
 .debug_macro   0x00009a0b      0xc19 src/ASF/common/utils/interrupt/interrupt_sam_nvic.o
 .debug_macro   0x0000a624      0x6ba src/ASF/common/utils/interrupt/interrupt_sam_nvic.o
 .debug_macro   0x0000acde     0x1b87 src/ASF/common/utils/interrupt/interrupt_sam_nvic.o
 .debug_macro   0x0000c865      0xb7c src/ASF/common/utils/interrupt/interrupt_sam_nvic.o
 .debug_macro   0x0000d3e1      0x344 src/ASF/common/utils/interrupt/interrupt_sam_nvic.o
 .debug_macro   0x0000d725       0x7c src/ASF/common/utils/interrupt/interrupt_sam_nvic.o
 .debug_macro   0x0000d7a1       0xa0 src/ASF/common/utils/interrupt/interrupt_sam_nvic.o
 .debug_macro   0x0000d841       0x4c src/ASF/common/utils/interrupt/interrupt_sam_nvic.o
 .debug_macro   0x0000d88d       0xca src/ASF/common/utils/interrupt/interrupt_sam_nvic.o
 .debug_macro   0x0000d957       0xb8 src/ASF/common/utils/interrupt/interrupt_sam_nvic.o
 .debug_macro   0x0000da0f       0x58 src/ASF/common/utils/interrupt/interrupt_sam_nvic.o
 .debug_macro   0x0000da67      0x21a src/ASF/common/utils/interrupt/interrupt_sam_nvic.o
 .debug_macro   0x0000dc81       0x82 src/ASF/common/utils/interrupt/interrupt_sam_nvic.o
 .debug_macro   0x0000dd03      0x18d src/ASF/common/utils/interrupt/interrupt_sam_nvic.o
 .debug_macro   0x0000de90       0xa0 src/ASF/common/utils/interrupt/interrupt_sam_nvic.o
 .debug_macro   0x0000df30       0xc4 src/ASF/common/utils/interrupt/interrupt_sam_nvic.o
 .debug_macro   0x0000dff4       0x1c src/ASF/common/utils/interrupt/interrupt_sam_nvic.o
 .debug_macro   0x0000e010       0x1c src/ASF/common/utils/interrupt/interrupt_sam_nvic.o
 .debug_macro   0x0000e02c       0x1c src/ASF/common/utils/interrupt/interrupt_sam_nvic.o
 .debug_macro   0x0000e048       0x82 src/ASF/common/utils/interrupt/interrupt_sam_nvic.o
 .debug_macro   0x0000e0ca      0x112 src/ASF/common/utils/interrupt/interrupt_sam_nvic.o
 .debug_macro   0x0000e1dc       0xdc src/ASF/common/utils/interrupt/interrupt_sam_nvic.o
 .debug_macro   0x0000e2b8      0x128 src/ASF/common/utils/interrupt/interrupt_sam_nvic.o
 .debug_macro   0x0000e3e0      0x128 src/ASF/common/utils/interrupt/interrupt_sam_nvic.o
 .debug_macro   0x0000e508      0x128 src/ASF/common/utils/interrupt/interrupt_sam_nvic.o
 .debug_macro   0x0000e630      0x11e src/ASF/common/utils/interrupt/interrupt_sam_nvic.o
 .debug_macro   0x0000e74e       0xe2 src/ASF/common/utils/interrupt/interrupt_sam_nvic.o
 .debug_macro   0x0000e830       0xe2 src/ASF/common/utils/interrupt/interrupt_sam_nvic.o
 .debug_macro   0x0000e912      0x12a src/ASF/common/utils/interrupt/interrupt_sam_nvic.o
 .debug_macro   0x0000ea3c      0x1fe src/ASF/common/utils/interrupt/interrupt_sam_nvic.o
 .debug_macro   0x0000ec3a       0x40 src/ASF/common/utils/interrupt/interrupt_sam_nvic.o
 .debug_macro   0x0000ec7a      0x2f1 src/ASF/common/utils/interrupt/interrupt_sam_nvic.o
 .debug_macro   0x0000ef6b      0xf71 src/ASF/common/utils/interrupt/interrupt_sam_nvic.o
 .debug_macro   0x0000fedc       0x5f src/ASF/common/utils/interrupt/interrupt_sam_nvic.o
 .debug_macro   0x0000ff3b       0x58 src/ASF/common/utils/interrupt/interrupt_sam_nvic.o
 .debug_macro   0x0000ff93       0x35 src/ASF/common/utils/interrupt/interrupt_sam_nvic.o
 .debug_macro   0x0000ffc8       0x9c src/ASF/common/utils/interrupt/interrupt_sam_nvic.o
 .debug_macro   0x00010064       0x16 src/ASF/common/utils/interrupt/interrupt_sam_nvic.o
 .debug_macro   0x0001007a       0x35 src/ASF/common/utils/interrupt/interrupt_sam_nvic.o
 .debug_macro   0x000100af      0x34d src/ASF/common/utils/interrupt/interrupt_sam_nvic.o
 .debug_macro   0x000103fc       0x10 src/ASF/common/utils/interrupt/interrupt_sam_nvic.o
 .debug_macro   0x0001040c       0x58 src/ASF/common/utils/interrupt/interrupt_sam_nvic.o
 .debug_macro   0x00010464       0x1f src/ASF/common/utils/interrupt/interrupt_sam_nvic.o
 .debug_macro   0x00010483       0x43 src/ASF/common/utils/interrupt/interrupt_sam_nvic.o
 .debug_macro   0x000104c6       0x20 src/ASF/common/utils/interrupt/interrupt_sam_nvic.o
 .debug_macro   0x000104e6      0x187 src/ASF/common/utils/interrupt/interrupt_sam_nvic.o
 .debug_macro   0x0001066d       0x10 src/ASF/common/utils/interrupt/interrupt_sam_nvic.o
 .debug_macro   0x0001067d       0x1c src/ASF/common/utils/interrupt/interrupt_sam_nvic.o
 .debug_macro   0x00010699       0x52 src/ASF/common/utils/interrupt/interrupt_sam_nvic.o
 .debug_macro   0x000106eb       0x40 src/ASF/common/utils/interrupt/interrupt_sam_nvic.o
 .debug_macro   0x0001072b       0x10 src/ASF/common/utils/interrupt/interrupt_sam_nvic.o
 .debug_macro   0x0001073b       0x40 src/ASF/common/utils/interrupt/interrupt_sam_nvic.o
 .debug_macro   0x0001077b       0xd7 src/ASF/common/utils/interrupt/interrupt_sam_nvic.o
 .debug_macro   0x00010852       0x16 src/ASF/common/utils/interrupt/interrupt_sam_nvic.o
 .debug_macro   0x00010868      0x18b src/ASF/common/utils/interrupt/interrupt_sam_nvic.o
 .debug_macro   0x000109f3       0x16 src/ASF/common/utils/interrupt/interrupt_sam_nvic.o
 .debug_macro   0x00010a09       0x16 src/ASF/common/utils/interrupt/interrupt_sam_nvic.o
 .debug_macro   0x00010a1f       0x29 src/ASF/common/utils/interrupt/interrupt_sam_nvic.o
 .debug_macro   0x00010a48       0x51 src/ASF/common/utils/interrupt/interrupt_sam_nvic.o
 .debug_macro   0x00010a99      0x3df src/ASF/common/utils/interrupt/interrupt_sam_nvic.o
 .debug_macro   0x00010e78       0x3e src/ASF/common/utils/interrupt/interrupt_sam_nvic.o
 .debug_macro   0x00010eb6      0x4f9 src/ASF/sam0/boards/samd11_xplained_pro/board_init.o
 .debug_macro   0x000113af      0x2df src/ASF/sam0/boards/samd11_xplained_pro/board_init.o
 .debug_macro   0x0001168e      0x3d5 src/ASF/sam0/boards/samd11_xplained_pro/board_init.o
 .debug_macro   0x00011a63       0x18 src/ASF/sam0/boards/samd11_xplained_pro/board_init.o
 .debug_macro   0x00011a7b      0x4d7 src/ASF/sam0/drivers/port/port.o
 .debug_macro   0x00011f52      0x520 src/ASF/sam0/drivers/system/clock/clock_samd09_d10_d11/clock.o
 .debug_macro   0x00012472       0x11 src/ASF/sam0/drivers/system/clock/clock_samd09_d10_d11/clock.o
 .debug_macro   0x00012483      0x22f src/ASF/sam0/drivers/system/clock/clock_samd09_d10_d11/clock.o
 .debug_macro   0x000126b2       0x16 src/ASF/sam0/drivers/system/clock/clock_samd09_d10_d11/clock.o
 .debug_macro   0x000126c8      0x4f1 src/ASF/sam0/drivers/system/clock/clock_samd09_d10_d11/gclk.o
 .debug_macro   0x00012bb9       0x2e src/ASF/sam0/drivers/system/clock/clock_samd09_d10_d11/gclk.o
 .debug_macro   0x00012be7      0x4cb src/ASF/sam0/drivers/system/pinmux/pinmux.o
 .debug_macro   0x000130b2       0x12 src/ASF/sam0/drivers/system/pinmux/pinmux.o
 .debug_macro   0x000130c4      0x4fe src/ASF/sam0/drivers/system/system.o
 .debug_macro   0x000135c2      0x602 src/ASF/sam0/drivers/tcc/tcc.o
 .debug_macro   0x00013bc4       0x19 src/ASF/sam0/drivers/tcc/tcc.o
 .debug_macro   0x00013bdd       0x74 src/ASF/sam0/drivers/tcc/tcc.o
 .debug_macro   0x00013c51      0x535 src/ASF/sam0/drivers/tcc/tcc_callback.o
 .debug_macro   0x00014186      0x2a2 src/ASF/sam0/utils/cmsis/samd11/source/gcc/startup_samd11.o
 .debug_macro   0x00014428       0x3a src/ASF/sam0/utils/cmsis/samd11/source/gcc/startup_samd11.o
 .debug_macro   0x00014462      0x56d src/qs_tcc_timer.o
 .debug_macro   0x000149cf       0x8f src/qs_tcc_timer.o

.debug_line     0x00000000     0x6f02
 .debug_line    0x00000000      0x87f src/ASF/common/utils/interrupt/interrupt_sam_nvic.o
 .debug_line    0x0000087f      0x92a src/ASF/sam0/boards/samd11_xplained_pro/board_init.o
 .debug_line    0x000011a9      0x8b1 src/ASF/sam0/drivers/port/port.o
 .debug_line    0x00001a5a      0xc35 src/ASF/sam0/drivers/system/clock/clock_samd09_d10_d11/clock.o
 .debug_line    0x0000268f      0xc2e src/ASF/sam0/drivers/system/clock/clock_samd09_d10_d11/gclk.o
 .debug_line    0x000032bd      0x8fe src/ASF/sam0/drivers/system/pinmux/pinmux.o
 .debug_line    0x00003bbb      0x9a5 src/ASF/sam0/drivers/system/system.o
 .debug_line    0x00004560      0xde0 src/ASF/sam0/drivers/tcc/tcc.o
 .debug_line    0x00005340      0xa45 src/ASF/sam0/drivers/tcc/tcc_callback.o
 .debug_line    0x00005d85      0x603 src/ASF/sam0/utils/cmsis/samd11/source/gcc/startup_samd11.o
 .debug_line    0x00006388      0xb7a src/qs_tcc_timer.o

.debug_str      0x00000000    0x77262
 .debug_str     0x00000000    0x6e8d9 src/ASF/common/utils/interrupt/interrupt_sam_nvic.o
                              0x6edaa (size before relaxing)
 .debug_str     0x0006e8d9     0x1bf5 src/ASF/sam0/boards/samd11_xplained_pro/board_init.o
                              0x7094c (size before relaxing)
 .debug_str     0x000704ce      0x18d src/ASF/sam0/drivers/port/port.o
                              0x6f1c1 (size before relaxing)
 .debug_str     0x0007065b     0x2bcf src/ASF/sam0/drivers/system/clock/clock_samd09_d10_d11/clock.o
                              0x71c2d (size before relaxing)
 .debug_str     0x0007322a      0x405 src/ASF/sam0/drivers/system/clock/clock_samd09_d10_d11/gclk.o
                              0x6fa05 (size before relaxing)
 .debug_str     0x0007362f      0x179 src/ASF/sam0/drivers/system/pinmux/pinmux.o
                              0x6f24c (size before relaxing)
 .debug_str     0x000737a8       0x47 src/ASF/sam0/drivers/system/system.o
                              0x6ee87 (size before relaxing)
 .debug_str     0x000737ef     0x289d src/ASF/sam0/drivers/tcc/tcc.o
                              0x721d1 (size before relaxing)
 .debug_str     0x0007608c      0x507 src/ASF/sam0/drivers/tcc/tcc_callback.o
                              0x705f1 (size before relaxing)
 .debug_str     0x00076593      0xc12 src/ASF/sam0/utils/cmsis/samd11/source/gcc/startup_samd11.o
                              0x59ab8 (size before relaxing)
 .debug_str     0x000771a5       0xbd src/qs_tcc_timer.o
                              0x72448 (size before relaxing)

.debug_frame    0x00000000      0x740
 .debug_frame   0x00000000       0x30 src/ASF/common/utils/interrupt/interrupt_sam_nvic.o
 .debug_frame   0x00000030       0x30 src/ASF/sam0/boards/samd11_xplained_pro/board_init.o
 .debug_frame   0x00000060       0x44 src/ASF/sam0/drivers/port/port.o
 .debug_frame   0x000000a4      0x150 src/ASF/sam0/drivers/system/clock/clock_samd09_d10_d11/clock.o
 .debug_frame   0x000001f4      0x148 src/ASF/sam0/drivers/system/clock/clock_samd09_d10_d11/gclk.o
 .debug_frame   0x0000033c       0x98 src/ASF/sam0/drivers/system/pinmux/pinmux.o
 .debug_frame   0x000003d4       0x38 src/ASF/sam0/drivers/system/system.o
 .debug_frame   0x0000040c      0x1e4 src/ASF/sam0/drivers/tcc/tcc.o
 .debug_frame   0x000005f0       0xa4 src/ASF/sam0/drivers/tcc/tcc_callback.o
 .debug_frame   0x00000694       0x40 src/ASF/sam0/utils/cmsis/samd11/source/gcc/startup_samd11.o
 .debug_frame   0x000006d4       0x40 src/qs_tcc_timer.o
 .debug_frame   0x00000714       0x2c c:/program files (x86)/atmel/studio/7.0/toolchain/arm/arm-gnu-toolchain/bin/../lib/gcc/arm-none-eabi/6.3.1/../../../../arm-none-eabi/lib/thumb/v6-m\libc_nano.a(lib_a-init.o)

.debug_loc      0x00000000     0x2f25
 .debug_loc     0x00000000       0x8a src/ASF/sam0/boards/samd11_xplained_pro/board_init.o
 .debug_loc     0x0000008a      0x13d src/ASF/sam0/drivers/port/port.o
 .debug_loc     0x000001c7      0xf0e src/ASF/sam0/drivers/system/clock/clock_samd09_d10_d11/clock.o
 .debug_loc     0x000010d5      0x504 src/ASF/sam0/drivers/system/clock/clock_samd09_d10_d11/gclk.o
 .debug_loc     0x000015d9      0x36d src/ASF/sam0/drivers/system/pinmux/pinmux.o
 .debug_loc     0x00001946       0x20 src/ASF/sam0/drivers/system/system.o
 .debug_loc     0x00001966     0x12f8 src/ASF/sam0/drivers/tcc/tcc.o
 .debug_loc     0x00002c5e      0x205 src/ASF/sam0/drivers/tcc/tcc_callback.o
 .debug_loc     0x00002e63       0x40 src/ASF/sam0/utils/cmsis/samd11/source/gcc/startup_samd11.o
 .debug_loc     0x00002ea3       0x82 src/qs_tcc_timer.o

Cross Reference Table

Symbol                                            File
AC_Handler                                        src/ASF/sam0/utils/cmsis/samd11/source/gcc/startup_samd11.o
ADC_Handler                                       src/ASF/sam0/utils/cmsis/samd11/source/gcc/startup_samd11.o
DAC_Handler                                       src/ASF/sam0/utils/cmsis/samd11/source/gcc/startup_samd11.o
DMAC_Handler                                      src/ASF/sam0/utils/cmsis/samd11/source/gcc/startup_samd11.o
Dummy_Handler                                     src/ASF/sam0/utils/cmsis/samd11/source/gcc/startup_samd11.o
EIC_Handler                                       src/ASF/sam0/utils/cmsis/samd11/source/gcc/startup_samd11.o
EVSYS_Handler                                     src/ASF/sam0/utils/cmsis/samd11/source/gcc/startup_samd11.o
HardFault_Handler                                 src/ASF/sam0/utils/cmsis/samd11/source/gcc/startup_samd11.o
NMI_Handler                                       src/ASF/sam0/utils/cmsis/samd11/source/gcc/startup_samd11.o
NVMCTRL_Handler                                   src/ASF/sam0/utils/cmsis/samd11/source/gcc/startup_samd11.o
PM_Handler                                        src/ASF/sam0/utils/cmsis/samd11/source/gcc/startup_samd11.o
PTC_Handler                                       src/ASF/sam0/utils/cmsis/samd11/source/gcc/startup_samd11.o
PendSV_Handler                                    src/ASF/sam0/utils/cmsis/samd11/source/gcc/startup_samd11.o
RTC_Handler                                       src/ASF/sam0/utils/cmsis/samd11/source/gcc/startup_samd11.o
Reset_Handler                                     src/ASF/sam0/utils/cmsis/samd11/source/gcc/startup_samd11.o
SERCOM0_Handler                                   src/ASF/sam0/utils/cmsis/samd11/source/gcc/startup_samd11.o
SERCOM1_Handler                                   src/ASF/sam0/utils/cmsis/samd11/source/gcc/startup_samd11.o
SERCOM2_Handler                                   src/ASF/sam0/utils/cmsis/samd11/source/gcc/startup_samd11.o
SVC_Handler                                       src/ASF/sam0/utils/cmsis/samd11/source/gcc/startup_samd11.o
SYSCTRL_Handler                                   src/ASF/sam0/utils/cmsis/samd11/source/gcc/startup_samd11.o
SysTick_Handler                                   src/ASF/sam0/utils/cmsis/samd11/source/gcc/startup_samd11.o
SystemCoreClock                                   src/ASF/sam0/utils/cmsis/samd11/source/system_samd11.o
SystemCoreClockUpdate                             src/ASF/sam0/utils/cmsis/samd11/source/system_samd11.o
SystemInit                                        src/ASF/sam0/utils/cmsis/samd11/source/system_samd11.o
TC1_Handler                                       src/ASF/sam0/utils/cmsis/samd11/source/gcc/startup_samd11.o
TC2_Handler                                       src/ASF/sam0/utils/cmsis/samd11/source/gcc/startup_samd11.o
TCC0_Handler                                      src/ASF/sam0/drivers/tcc/tcc_callback.o
USB_Handler                                       src/ASF/sam0/utils/cmsis/samd11/source/gcc/startup_samd11.o
WDT_Handler                                       src/ASF/sam0/utils/cmsis/samd11/source/gcc/startup_samd11.o
_Jv_RegisterClasses                               c:/program files (x86)/atmel/studio/7.0/toolchain/arm/arm-gnu-toolchain/bin/../lib/gcc/arm-none-eabi/6.3.1/thumb/v6-m/crtbegin.o
__aeabi_idiv0                                     c:/program files (x86)/atmel/studio/7.0/toolchain/arm/arm-gnu-toolchain/bin/../lib/gcc/arm-none-eabi/6.3.1/thumb/v6-m\libgcc.a(_dvmd_tls.o)
                                                  c:/program files (x86)/atmel/studio/7.0/toolchain/arm/arm-gnu-toolchain/bin/../lib/gcc/arm-none-eabi/6.3.1/thumb/v6-m\libgcc.a(_udivsi3.o)
__aeabi_ldiv0                                     c:/program files (x86)/atmel/studio/7.0/toolchain/arm/arm-gnu-toolchain/bin/../lib/gcc/arm-none-eabi/6.3.1/thumb/v6-m\libgcc.a(_dvmd_tls.o)
__aeabi_uidiv                                     c:/program files (x86)/atmel/studio/7.0/toolchain/arm/arm-gnu-toolchain/bin/../lib/gcc/arm-none-eabi/6.3.1/thumb/v6-m\libgcc.a(_udivsi3.o)
                                                  src/ASF/sam0/drivers/system/clock/clock_samd09_d10_d11/gclk.o
                                                  src/ASF/sam0/drivers/system/clock/clock_samd09_d10_d11/clock.o
__aeabi_uidivmod                                  c:/program files (x86)/atmel/studio/7.0/toolchain/arm/arm-gnu-toolchain/bin/../lib/gcc/arm-none-eabi/6.3.1/thumb/v6-m\libgcc.a(_udivsi3.o)
__bss_end__                                       c:/program files (x86)/atmel/studio/7.0/toolchain/arm/arm-gnu-toolchain/bin/../lib/gcc/arm-none-eabi/6.3.1/../../../../arm-none-eabi/lib/thumb/v6-m/crt0.o
__bss_start__                                     c:/program files (x86)/atmel/studio/7.0/toolchain/arm/arm-gnu-toolchain/bin/../lib/gcc/arm-none-eabi/6.3.1/../../../../arm-none-eabi/lib/thumb/v6-m/crt0.o
__call_exitprocs                                  c:/program files (x86)/atmel/studio/7.0/toolchain/arm/arm-gnu-toolchain/bin/../lib/gcc/arm-none-eabi/6.3.1/../../../../arm-none-eabi/lib/thumb/v6-m\libc_nano.a(lib_a-exit.o)
__deregister_frame_info                           c:/program files (x86)/atmel/studio/7.0/toolchain/arm/arm-gnu-toolchain/bin/../lib/gcc/arm-none-eabi/6.3.1/thumb/v6-m/crtbegin.o
__dso_handle                                      c:/program files (x86)/atmel/studio/7.0/toolchain/arm/arm-gnu-toolchain/bin/../lib/gcc/arm-none-eabi/6.3.1/thumb/v6-m/crtbegin.o
__init_array_end                                  c:/program files (x86)/atmel/studio/7.0/toolchain/arm/arm-gnu-toolchain/bin/../lib/gcc/arm-none-eabi/6.3.1/../../../../arm-none-eabi/lib/thumb/v6-m\libc_nano.a(lib_a-init.o)
__init_array_start                                c:/program files (x86)/atmel/studio/7.0/toolchain/arm/arm-gnu-toolchain/bin/../lib/gcc/arm-none-eabi/6.3.1/../../../../arm-none-eabi/lib/thumb/v6-m\libc_nano.a(lib_a-init.o)
__libc_fini_array                                 c:/program files (x86)/atmel/studio/7.0/toolchain/arm/arm-gnu-toolchain/bin/../lib/gcc/arm-none-eabi/6.3.1/../../../../arm-none-eabi/lib/thumb/v6-m/crt0.o
__libc_init_array                                 c:/program files (x86)/atmel/studio/7.0/toolchain/arm/arm-gnu-toolchain/bin/../lib/gcc/arm-none-eabi/6.3.1/../../../../arm-none-eabi/lib/thumb/v6-m\libc_nano.a(lib_a-init.o)
                                                  src/ASF/sam0/utils/cmsis/samd11/source/gcc/startup_samd11.o
                                                  c:/program files (x86)/atmel/studio/7.0/toolchain/arm/arm-gnu-toolchain/bin/../lib/gcc/arm-none-eabi/6.3.1/../../../../arm-none-eabi/lib/thumb/v6-m/crt0.o
__preinit_array_end                               c:/program files (x86)/atmel/studio/7.0/toolchain/arm/arm-gnu-toolchain/bin/../lib/gcc/arm-none-eabi/6.3.1/../../../../arm-none-eabi/lib/thumb/v6-m\libc_nano.a(lib_a-init.o)
__preinit_array_start                             c:/program files (x86)/atmel/studio/7.0/toolchain/arm/arm-gnu-toolchain/bin/../lib/gcc/arm-none-eabi/6.3.1/../../../../arm-none-eabi/lib/thumb/v6-m\libc_nano.a(lib_a-init.o)
__register_frame_info                             c:/program files (x86)/atmel/studio/7.0/toolchain/arm/arm-gnu-toolchain/bin/../lib/gcc/arm-none-eabi/6.3.1/thumb/v6-m/crtbegin.o
__sf_fake_stderr                                  c:/program files (x86)/atmel/studio/7.0/toolchain/arm/arm-gnu-toolchain/bin/../lib/gcc/arm-none-eabi/6.3.1/../../../../arm-none-eabi/lib/thumb/v6-m\libc_nano.a(lib_a-impure.o)
__sf_fake_stdin                                   c:/program files (x86)/atmel/studio/7.0/toolchain/arm/arm-gnu-toolchain/bin/../lib/gcc/arm-none-eabi/6.3.1/../../../../arm-none-eabi/lib/thumb/v6-m\libc_nano.a(lib_a-impure.o)
__sf_fake_stdout                                  c:/program files (x86)/atmel/studio/7.0/toolchain/arm/arm-gnu-toolchain/bin/../lib/gcc/arm-none-eabi/6.3.1/../../../../arm-none-eabi/lib/thumb/v6-m\libc_nano.a(lib_a-impure.o)
__stack                                           c:/program files (x86)/atmel/studio/7.0/toolchain/arm/arm-gnu-toolchain/bin/../lib/gcc/arm-none-eabi/6.3.1/../../../../arm-none-eabi/lib/thumb/v6-m/crt0.o
__udivsi3                                         c:/program files (x86)/atmel/studio/7.0/toolchain/arm/arm-gnu-toolchain/bin/../lib/gcc/arm-none-eabi/6.3.1/thumb/v6-m\libgcc.a(_udivsi3.o)
_close                                            src/ASF/sam0/utils/syscalls/gcc/syscalls.o
_end                                              src/ASF/sam0/utils/syscalls/gcc/syscalls.o
_erelocate                                        src/ASF/sam0/utils/cmsis/samd11/source/gcc/startup_samd11.o
_estack                                           src/ASF/sam0/utils/cmsis/samd11/source/gcc/startup_samd11.o
_etext                                            src/ASF/sam0/utils/cmsis/samd11/source/gcc/startup_samd11.o
_exit                                             src/ASF/sam0/utils/syscalls/gcc/syscalls.o
                                                  c:/program files (x86)/atmel/studio/7.0/toolchain/arm/arm-gnu-toolchain/bin/../lib/gcc/arm-none-eabi/6.3.1/../../../../arm-none-eabi/lib/thumb/v6-m\libc_nano.a(lib_a-exit.o)
_ezero                                            src/ASF/sam0/utils/cmsis/samd11/source/gcc/startup_samd11.o
_fini                                             c:/program files (x86)/atmel/studio/7.0/toolchain/arm/arm-gnu-toolchain/bin/../lib/gcc/arm-none-eabi/6.3.1/thumb/v6-m/crti.o
_fstat                                            src/ASF/sam0/utils/syscalls/gcc/syscalls.o
_getpid                                           src/ASF/sam0/utils/syscalls/gcc/syscalls.o
_global_impure_ptr                                c:/program files (x86)/atmel/studio/7.0/toolchain/arm/arm-gnu-toolchain/bin/../lib/gcc/arm-none-eabi/6.3.1/../../../../arm-none-eabi/lib/thumb/v6-m\libc_nano.a(lib_a-impure.o)
                                                  c:/program files (x86)/atmel/studio/7.0/toolchain/arm/arm-gnu-toolchain/bin/../lib/gcc/arm-none-eabi/6.3.1/../../../../arm-none-eabi/lib/thumb/v6-m\libc_nano.a(lib_a-exit.o)
_impure_ptr                                       c:/program files (x86)/atmel/studio/7.0/toolchain/arm/arm-gnu-toolchain/bin/../lib/gcc/arm-none-eabi/6.3.1/../../../../arm-none-eabi/lib/thumb/v6-m\libc_nano.a(lib_a-impure.o)
_init                                             c:/program files (x86)/atmel/studio/7.0/toolchain/arm/arm-gnu-toolchain/bin/../lib/gcc/arm-none-eabi/6.3.1/thumb/v6-m/crti.o
                                                  c:/program files (x86)/atmel/studio/7.0/toolchain/arm/arm-gnu-toolchain/bin/../lib/gcc/arm-none-eabi/6.3.1/../../../../arm-none-eabi/lib/thumb/v6-m\libc_nano.a(lib_a-init.o)
_isatty                                           src/ASF/sam0/utils/syscalls/gcc/syscalls.o
_kill                                             src/ASF/sam0/utils/syscalls/gcc/syscalls.o
_lseek                                            src/ASF/sam0/utils/syscalls/gcc/syscalls.o
_mainCRTStartup                                   c:/program files (x86)/atmel/studio/7.0/toolchain/arm/arm-gnu-toolchain/bin/../lib/gcc/arm-none-eabi/6.3.1/../../../../arm-none-eabi/lib/thumb/v6-m/crt0.o
_sbrk                                             src/ASF/sam0/utils/syscalls/gcc/syscalls.o
_sfixed                                           src/ASF/sam0/utils/cmsis/samd11/source/gcc/startup_samd11.o
_srelocate                                        src/ASF/sam0/utils/cmsis/samd11/source/gcc/startup_samd11.o
_start                                            c:/program files (x86)/atmel/studio/7.0/toolchain/arm/arm-gnu-toolchain/bin/../lib/gcc/arm-none-eabi/6.3.1/../../../../arm-none-eabi/lib/thumb/v6-m/crt0.o
_system_divas_init                                src/ASF/sam0/drivers/system/system.o
_system_dummy_init                                src/ASF/sam0/drivers/system/system.o
_system_events_init                               src/ASF/sam0/drivers/system/system.o
_system_extint_init                               src/ASF/sam0/drivers/system/system.o
_szero                                            src/ASF/sam0/utils/cmsis/samd11/source/gcc/startup_samd11.o
_tcc_apbcmasks                                    src/ASF/sam0/drivers/tcc/tcc.o
_tcc_cc_nums                                      src/ASF/sam0/drivers/tcc/tcc.o
_tcc_exts                                         src/ASF/sam0/drivers/tcc/tcc.o
_tcc_gclk_ids                                     src/ASF/sam0/drivers/tcc/tcc.o
_tcc_get_inst_index                               src/ASF/sam0/drivers/tcc/tcc.o
                                                  src/ASF/sam0/drivers/tcc/tcc_callback.o
_tcc_instances                                    src/ASF/sam0/drivers/tcc/tcc_callback.o
                                                  src/ASF/sam0/drivers/tcc/tcc.o
_tcc_interrupt_handler                            src/ASF/sam0/drivers/tcc/tcc_callback.o
_tcc_intflag                                      src/ASF/sam0/drivers/tcc/tcc_callback.o
_tcc_maxs                                         src/ASF/sam0/drivers/tcc/tcc.o
_tcc_ow_nums                                      src/ASF/sam0/drivers/tcc/tcc.o
_tcc_sizes                                        src/ASF/sam0/drivers/tcc/tcc.o
atexit                                            c:/program files (x86)/atmel/studio/7.0/toolchain/arm/arm-gnu-toolchain/bin/../lib/gcc/arm-none-eabi/6.3.1/../../../../arm-none-eabi/lib/thumb/v6-m/crt0.o
board_init                                        src/ASF/sam0/boards/samd11_xplained_pro/board_init.o
cpu_irq_enter_critical                            src/ASF/common/utils/interrupt/interrupt_sam_nvic.o
                                                  src/ASF/sam0/drivers/system/clock/clock_samd09_d10_d11/gclk.o
cpu_irq_leave_critical                            src/ASF/common/utils/interrupt/interrupt_sam_nvic.o
                                                  src/ASF/sam0/drivers/system/clock/clock_samd09_d10_d11/gclk.o
exception_table                                   src/ASF/sam0/utils/cmsis/samd11/source/gcc/startup_samd11.o
exit                                              c:/program files (x86)/atmel/studio/7.0/toolchain/arm/arm-gnu-toolchain/bin/../lib/gcc/arm-none-eabi/6.3.1/../../../../arm-none-eabi/lib/thumb/v6-m\libc_nano.a(lib_a-exit.o)
                                                  c:/program files (x86)/atmel/studio/7.0/toolchain/arm/arm-gnu-toolchain/bin/../lib/gcc/arm-none-eabi/6.3.1/../../../../arm-none-eabi/lib/thumb/v6-m/crt0.o
g_interrupt_enabled                               src/ASF/common/utils/interrupt/interrupt_sam_nvic.o
                                                  src/qs_tcc_timer.o
hardware_init_hook                                c:/program files (x86)/atmel/studio/7.0/toolchain/arm/arm-gnu-toolchain/bin/../lib/gcc/arm-none-eabi/6.3.1/../../../../arm-none-eabi/lib/thumb/v6-m/crt0.o
link                                              src/ASF/sam0/utils/syscalls/gcc/syscalls.o
main                                              src/qs_tcc_timer.o
                                                  src/ASF/sam0/utils/cmsis/samd11/source/gcc/startup_samd11.o
                                                  c:/program files (x86)/atmel/studio/7.0/toolchain/arm/arm-gnu-toolchain/bin/../lib/gcc/arm-none-eabi/6.3.1/../../../../arm-none-eabi/lib/thumb/v6-m/crt0.o
memset                                            c:/program files (x86)/atmel/studio/7.0/toolchain/arm/arm-gnu-toolchain/bin/../lib/gcc/arm-none-eabi/6.3.1/../../../../arm-none-eabi/lib/thumb/v6-m\libc_nano.a(lib_a-memset.o)
                                                  c:/program files (x86)/atmel/studio/7.0/toolchain/arm/arm-gnu-toolchain/bin/../lib/gcc/arm-none-eabi/6.3.1/../../../../arm-none-eabi/lib/thumb/v6-m/crt0.o
port_group_set_config                             src/ASF/sam0/drivers/port/port.o
port_pin_set_config                               src/ASF/sam0/drivers/port/port.o
                                                  src/ASF/sam0/boards/samd11_xplained_pro/board_init.o
software_init_hook                                c:/program files (x86)/atmel/studio/7.0/toolchain/arm/arm-gnu-toolchain/bin/../lib/gcc/arm-none-eabi/6.3.1/../../../../arm-none-eabi/lib/thumb/v6-m/crt0.o
system_board_init                                 src/ASF/sam0/boards/samd11_xplained_pro/board_init.o
system_clock_init                                 src/ASF/sam0/drivers/system/clock/clock_samd09_d10_d11/clock.o
system_clock_source_dfll_set_config               src/ASF/sam0/drivers/system/clock/clock_samd09_d10_d11/clock.o
system_clock_source_disable                       src/ASF/sam0/drivers/system/clock/clock_samd09_d10_d11/clock.o
system_clock_source_dpll_set_config               src/ASF/sam0/drivers/system/clock/clock_samd09_d10_d11/clock.o
system_clock_source_enable                        src/ASF/sam0/drivers/system/clock/clock_samd09_d10_d11/clock.o
system_clock_source_get_hz                        src/ASF/sam0/drivers/system/clock/clock_samd09_d10_d11/clock.o
                                                  src/ASF/sam0/drivers/system/clock/clock_samd09_d10_d11/gclk.o
system_clock_source_is_ready                      src/ASF/sam0/drivers/system/clock/clock_samd09_d10_d11/clock.o
system_clock_source_osc32k_set_config             src/ASF/sam0/drivers/system/clock/clock_samd09_d10_d11/clock.o
system_clock_source_osc8m_set_config              src/ASF/sam0/drivers/system/clock/clock_samd09_d10_d11/clock.o
system_clock_source_write_calibration             src/ASF/sam0/drivers/system/clock/clock_samd09_d10_d11/clock.o
system_clock_source_xosc32k_set_config            src/ASF/sam0/drivers/system/clock/clock_samd09_d10_d11/clock.o
system_clock_source_xosc_set_config               src/ASF/sam0/drivers/system/clock/clock_samd09_d10_d11/clock.o
system_gclk_chan_disable                          src/ASF/sam0/drivers/system/clock/clock_samd09_d10_d11/gclk.o
system_gclk_chan_enable                           src/ASF/sam0/drivers/system/clock/clock_samd09_d10_d11/gclk.o
                                                  src/ASF/sam0/drivers/tcc/tcc.o
system_gclk_chan_get_hz                           src/ASF/sam0/drivers/system/clock/clock_samd09_d10_d11/gclk.o
                                                  src/ASF/sam0/drivers/system/clock/clock_samd09_d10_d11/clock.o
system_gclk_chan_is_enabled                       src/ASF/sam0/drivers/system/clock/clock_samd09_d10_d11/gclk.o
system_gclk_chan_is_locked                        src/ASF/sam0/drivers/system/clock/clock_samd09_d10_d11/gclk.o
system_gclk_chan_lock                             src/ASF/sam0/drivers/system/clock/clock_samd09_d10_d11/gclk.o
system_gclk_chan_set_config                       src/ASF/sam0/drivers/system/clock/clock_samd09_d10_d11/gclk.o
                                                  src/ASF/sam0/drivers/tcc/tcc.o
                                                  src/ASF/sam0/drivers/system/clock/clock_samd09_d10_d11/clock.o
system_gclk_gen_disable                           src/ASF/sam0/drivers/system/clock/clock_samd09_d10_d11/gclk.o
system_gclk_gen_enable                            src/ASF/sam0/drivers/system/clock/clock_samd09_d10_d11/gclk.o
                                                  src/ASF/sam0/drivers/system/clock/clock_samd09_d10_d11/clock.o
system_gclk_gen_get_hz                            src/ASF/sam0/drivers/system/clock/clock_samd09_d10_d11/gclk.o
system_gclk_gen_is_enabled                        src/ASF/sam0/drivers/system/clock/clock_samd09_d10_d11/gclk.o
system_gclk_gen_set_config                        src/ASF/sam0/drivers/system/clock/clock_samd09_d10_d11/gclk.o
                                                  src/ASF/sam0/drivers/system/clock/clock_samd09_d10_d11/clock.o
system_gclk_init                                  src/ASF/sam0/drivers/system/clock/clock_samd09_d10_d11/gclk.o
                                                  src/ASF/sam0/drivers/system/clock/clock_samd09_d10_d11/clock.o
system_init                                       src/ASF/sam0/drivers/system/system.o
                                                  src/qs_tcc_timer.o
system_interrupt_clear_pending                    src/ASF/sam0/drivers/system/interrupt/system_interrupt.o
system_interrupt_get_priority                     src/ASF/sam0/drivers/system/interrupt/system_interrupt.o
system_interrupt_is_pending                       src/ASF/sam0/drivers/system/interrupt/system_interrupt.o
system_interrupt_set_pending                      src/ASF/sam0/drivers/system/interrupt/system_interrupt.o
system_interrupt_set_priority                     src/ASF/sam0/drivers/system/interrupt/system_interrupt.o
system_pinmux_group_set_config                    src/ASF/sam0/drivers/system/pinmux/pinmux.o
                                                  src/ASF/sam0/drivers/port/port.o
system_pinmux_group_set_input_sample_mode         src/ASF/sam0/drivers/system/pinmux/pinmux.o
system_pinmux_group_set_output_strength           src/ASF/sam0/drivers/system/pinmux/pinmux.o
system_pinmux_pin_set_config                      src/ASF/sam0/drivers/system/pinmux/pinmux.o
                                                  src/ASF/sam0/drivers/tcc/tcc.o
                                                  src/ASF/sam0/drivers/port/port.o
tcc_clear_status                                  src/ASF/sam0/drivers/tcc/tcc.o
tcc_disable_callback                              src/ASF/sam0/drivers/tcc/tcc_callback.o
tcc_disable_circular_buffer_compare               src/ASF/sam0/drivers/tcc/tcc.o
tcc_disable_events                                src/ASF/sam0/drivers/tcc/tcc.o
tcc_enable_callback                               src/ASF/sam0/drivers/tcc/tcc_callback.o
                                                  src/qs_tcc_timer.o
tcc_enable_circular_buffer_compare                src/ASF/sam0/drivers/tcc/tcc.o
tcc_enable_events                                 src/ASF/sam0/drivers/tcc/tcc.o
tcc_get_capture_value                             src/ASF/sam0/drivers/tcc/tcc.o
tcc_get_config_defaults                           src/ASF/sam0/drivers/tcc/tcc.o
                                                  src/qs_tcc_timer.o
tcc_get_count_value                               src/ASF/sam0/drivers/tcc/tcc.o
tcc_get_status                                    src/ASF/sam0/drivers/tcc/tcc.o
tcc_init                                          src/ASF/sam0/drivers/tcc/tcc.o
                                                  src/qs_tcc_timer.o
tcc_instance                                      src/qs_tcc_timer.o
tcc_modules                                       src/ASF/sam0/drivers/tcc/tcc.o
tcc_register_callback                             src/ASF/sam0/drivers/tcc/tcc_callback.o
                                                  src/qs_tcc_timer.o
tcc_set_compare_value                             src/ASF/sam0/drivers/tcc/tcc.o
tcc_set_count_value                               src/ASF/sam0/drivers/tcc/tcc.o
tcc_set_double_buffer_compare_values              src/ASF/sam0/drivers/tcc/tcc.o
tcc_set_double_buffer_top_values                  src/ASF/sam0/drivers/tcc/tcc.o
tcc_set_pattern                                   src/ASF/sam0/drivers/tcc/tcc.o
tcc_set_top_value                                 src/ASF/sam0/drivers/tcc/tcc.o
tcc_unregister_callback                           src/ASF/sam0/drivers/tcc/tcc_callback.o
