Archive member included to satisfy reference by file (symbol)

c:/program files (x86)/atmel/studio/7.0/toolchain/arm/arm-gnu-toolchain/bin/../lib/gcc/arm-none-eabi/6.3.1/thumb/v6-m\libgcc.a(_thumb1_case_uqi.o)
                              src/pwm_led.o (__gnu_thumb1_case_uqi)
c:/program files (x86)/atmel/studio/7.0/toolchain/arm/arm-gnu-toolchain/bin/../lib/gcc/arm-none-eabi/6.3.1/thumb/v6-m\libgcc.a(_udivsi3.o)
                              src/ASF/common2/services/delay/sam0/systick_counter.o (__aeabi_uidiv)
c:/program files (x86)/atmel/studio/7.0/toolchain/arm/arm-gnu-toolchain/bin/../lib/gcc/arm-none-eabi/6.3.1/thumb/v6-m\libgcc.a(_dvmd_tls.o)
                              c:/program files (x86)/atmel/studio/7.0/toolchain/arm/arm-gnu-toolchain/bin/../lib/gcc/arm-none-eabi/6.3.1/thumb/v6-m\libgcc.a(_udivsi3.o) (__aeabi_idiv0)
c:/program files (x86)/atmel/studio/7.0/toolchain/arm/arm-gnu-toolchain/bin/../lib/gcc/arm-none-eabi/6.3.1/thumb/v6-m\libgcc.a(_ashldi3.o)
                              src/ASF/sam0/drivers/sercom/sercom.o (__aeabi_llsl)
c:/program files (x86)/atmel/studio/7.0/toolchain/arm/arm-gnu-toolchain/bin/../lib/gcc/arm-none-eabi/6.3.1/thumb/v6-m\libgcc.a(_muldi3.o)
                              src/ASF/sam0/drivers/sercom/sercom.o (__aeabi_lmul)
c:/program files (x86)/atmel/studio/7.0/toolchain/arm/arm-gnu-toolchain/bin/../lib/gcc/arm-none-eabi/6.3.1/thumb/v6-m\libgcc.a(adddf3.o)
                              src/ASF/sam0/drivers/sercom/i2c/i2c_sam0/i2c_master.o (__aeabi_dadd)
c:/program files (x86)/atmel/studio/7.0/toolchain/arm/arm-gnu-toolchain/bin/../lib/gcc/arm-none-eabi/6.3.1/thumb/v6-m\libgcc.a(divdf3.o)
                              src/ASF/sam0/drivers/sercom/i2c/i2c_sam0/i2c_master.o (__aeabi_ddiv)
c:/program files (x86)/atmel/studio/7.0/toolchain/arm/arm-gnu-toolchain/bin/../lib/gcc/arm-none-eabi/6.3.1/thumb/v6-m\libgcc.a(muldf3.o)
                              src/ASF/sam0/drivers/sercom/i2c/i2c_sam0/i2c_master.o (__aeabi_dmul)
c:/program files (x86)/atmel/studio/7.0/toolchain/arm/arm-gnu-toolchain/bin/../lib/gcc/arm-none-eabi/6.3.1/thumb/v6-m\libgcc.a(subdf3.o)
                              src/ASF/sam0/drivers/sercom/i2c/i2c_sam0/i2c_master.o (__aeabi_dsub)
c:/program files (x86)/atmel/studio/7.0/toolchain/arm/arm-gnu-toolchain/bin/../lib/gcc/arm-none-eabi/6.3.1/thumb/v6-m\libgcc.a(fixdfsi.o)
                              src/ASF/sam0/drivers/sercom/i2c/i2c_sam0/i2c_master.o (__aeabi_d2iz)
c:/program files (x86)/atmel/studio/7.0/toolchain/arm/arm-gnu-toolchain/bin/../lib/gcc/arm-none-eabi/6.3.1/thumb/v6-m\libgcc.a(floatunsidf.o)
                              src/ASF/sam0/drivers/sercom/i2c/i2c_sam0/i2c_master.o (__aeabi_ui2d)
c:/program files (x86)/atmel/studio/7.0/toolchain/arm/arm-gnu-toolchain/bin/../lib/gcc/arm-none-eabi/6.3.1/thumb/v6-m\libgcc.a(_clzsi2.o)
                              c:/program files (x86)/atmel/studio/7.0/toolchain/arm/arm-gnu-toolchain/bin/../lib/gcc/arm-none-eabi/6.3.1/thumb/v6-m\libgcc.a(adddf3.o) (__clzsi2)
c:/program files (x86)/atmel/studio/7.0/toolchain/arm/arm-gnu-toolchain/bin/../lib/gcc/arm-none-eabi/6.3.1/../../../../arm-none-eabi/lib/thumb/v6-m\libc_nano.a(lib_a-exit.o)
                              c:/program files (x86)/atmel/studio/7.0/toolchain/arm/arm-gnu-toolchain/bin/../lib/gcc/arm-none-eabi/6.3.1/../../../../arm-none-eabi/lib/thumb/v6-m/crt0.o (exit)
c:/program files (x86)/atmel/studio/7.0/toolchain/arm/arm-gnu-toolchain/bin/../lib/gcc/arm-none-eabi/6.3.1/../../../../arm-none-eabi/lib/thumb/v6-m\libc_nano.a(lib_a-impure.o)
                              c:/program files (x86)/atmel/studio/7.0/toolchain/arm/arm-gnu-toolchain/bin/../lib/gcc/arm-none-eabi/6.3.1/../../../../arm-none-eabi/lib/thumb/v6-m\libc_nano.a(lib_a-exit.o) (_global_impure_ptr)
c:/program files (x86)/atmel/studio/7.0/toolchain/arm/arm-gnu-toolchain/bin/../lib/gcc/arm-none-eabi/6.3.1/../../../../arm-none-eabi/lib/thumb/v6-m\libc_nano.a(lib_a-init.o)
                              c:/program files (x86)/atmel/studio/7.0/toolchain/arm/arm-gnu-toolchain/bin/../lib/gcc/arm-none-eabi/6.3.1/../../../../arm-none-eabi/lib/thumb/v6-m/crt0.o (__libc_init_array)
c:/program files (x86)/atmel/studio/7.0/toolchain/arm/arm-gnu-toolchain/bin/../lib/gcc/arm-none-eabi/6.3.1/../../../../arm-none-eabi/lib/thumb/v6-m\libc_nano.a(lib_a-memcpy-stub.o)
                              src/ASF/sam0/drivers/adc/adc_sam_d_r_h/adc.o (memcpy)
c:/program files (x86)/atmel/studio/7.0/toolchain/arm/arm-gnu-toolchain/bin/../lib/gcc/arm-none-eabi/6.3.1/../../../../arm-none-eabi/lib/thumb/v6-m\libc_nano.a(lib_a-memset.o)
                              c:/program files (x86)/atmel/studio/7.0/toolchain/arm/arm-gnu-toolchain/bin/../lib/gcc/arm-none-eabi/6.3.1/../../../../arm-none-eabi/lib/thumb/v6-m/crt0.o (memset)

Allocating common symbols
Common symbol       size              file

_tcc_instances      0x4               src/ASF/sam0/drivers/tcc/tcc_callback.o
[...]
Memory Configuration

Name             Origin             Length             Attributes
rom              0x00000000         0x00004000         xr
ram              0x20000000         0x00001000         xrw
*default*        0x00000000         0xffffffff

Linker script and memory map

LOAD c:/program files (x86)/atmel/studio/7.0/toolchain/arm/arm-gnu-toolchain/bin/../lib/gcc/arm-none-eabi/6.3.1/thumb/v6-m/crtfastmath.o
LOAD c:/program files (x86)/atmel/studio/7.0/toolchain/arm/arm-gnu-toolchain/bin/../lib/gcc/arm-none-eabi/6.3.1/thumb/v6-m/crti.o
LOAD c:/program files (x86)/atmel/studio/7.0/toolchain/arm/arm-gnu-toolchain/bin/../lib/gcc/arm-none-eabi/6.3.1/thumb/v6-m/crtbegin.o
LOAD c:/program files (x86)/atmel/studio/7.0/toolchain/arm/arm-gnu-toolchain/bin/../lib/gcc/arm-none-eabi/6.3.1/../../../../arm-none-eabi/lib/thumb/v6-m/crt0.o
LOAD src/adc_sample.o
LOAD src/ASF/common2/services/delay/sam0/systick_counter.o
LOAD src/ASF/sam0/drivers/adc/adc_sam_d_r_h/adc.o
LOAD src/button.o
LOAD src/pwm_led.o
LOAD src/pwm_motor.o
LOAD src/system_logic.o
LOAD src/system_setup.o
LOAD src/system_state.o
LOAD src/ASF/common/utils/interrupt/interrupt_sam_nvic.o
LOAD src/ASF/sam0/boards/samd11_xplained_pro/board_init.o
LOAD src/ASF/sam0/drivers/port/port.o
LOAD src/ASF/sam0/drivers/sercom/i2c/i2c_sam0/i2c_master.o
LOAD src/ASF/sam0/drivers/sercom/i2c/i2c_sam0/i2c_master_interrupt.o
LOAD src/ASF/sam0/drivers/sercom/sercom.o
LOAD src/ASF/sam0/drivers/sercom/sercom_interrupt.o
LOAD src/ASF/sam0/drivers/sercom/usart/usart.o
LOAD src/ASF/sam0/drivers/sercom/usart/usart_interrupt.o
LOAD src/ASF/sam0/drivers/system/clock/clock_samd09_d10_d11/clock.o
LOAD src/ASF/sam0/drivers/system/clock/clock_samd09_d10_d11/gclk.o
LOAD src/ASF/sam0/drivers/system/interrupt/system_interrupt.o
LOAD src/ASF/sam0/drivers/system/pinmux/pinmux.o
LOAD src/ASF/sam0/drivers/system/system.o
LOAD src/ASF/sam0/drivers/tcc/tcc.o
LOAD src/ASF/sam0/drivers/tcc/tcc_callback.o
LOAD src/ASF/sam0/drivers/tc/tc_interrupt.o
LOAD src/ASF/sam0/drivers/tc/tc_sam_d_r_h/tc.o
LOAD src/ASF/sam0/utils/cmsis/samd11/source/gcc/startup_samd11.o
LOAD src/ASF/sam0/utils/cmsis/samd11/source/system_samd11.o
LOAD src/ASF/sam0/utils/stdio/read.o
LOAD src/ASF/sam0/utils/stdio/write.o
LOAD src/ASF/sam0/utils/syscalls/gcc/syscalls.o
LOAD src/led_driver.o
LOAD src/main.o
START GROUP
LOAD ../src/ASF/thirdparty/CMSIS/Lib/GCC\libarm_cortexM0l_math.a
LOAD c:/program files (x86)/atmel/studio/7.0/toolchain/arm/arm-gnu-toolchain/bin/../lib/gcc/arm-none-eabi/6.3.1/../../../../arm-none-eabi/lib/thumb/v6-m\libm.a
END GROUP
START GROUP
LOAD c:/program files (x86)/atmel/studio/7.0/toolchain/arm/arm-gnu-toolchain/bin/../lib/gcc/arm-none-eabi/6.3.1/thumb/v6-m\libgcc.a
LOAD c:/program files (x86)/atmel/studio/7.0/toolchain/arm/arm-gnu-toolchain/bin/../lib/gcc/arm-none-eabi/6.3.1/../../../../arm-none-eabi/lib/thumb/v6-m\libc_nano.a
END GROUP
START GROUP
LOAD c:/program files (x86)/atmel/studio/7.0/toolchain/arm/arm-gnu-toolchain/bin/../lib/gcc/arm-none-eabi/6.3.1/thumb/v6-m\libgcc.a
LOAD c:/program files (x86)/atmel/studio/7.0/toolchain/arm/arm-gnu-toolchain/bin/../lib/gcc/arm-none-eabi/6.3.1/../../../../arm-none-eabi/lib/thumb/v6-m\libc_nano.a
END GROUP
LOAD c:/program files (x86)/atmel/studio/7.0/toolchain/arm/arm-gnu-toolchain/bin/../lib/gcc/arm-none-eabi/6.3.1/thumb/v6-m/crtend.o
LOAD c:/program files (x86)/atmel/studio/7.0/toolchain/arm/arm-gnu-toolchain/bin/../lib/gcc/arm-none-eabi/6.3.1/thumb/v6-m/crtn.o
                0x00000400                STACK_SIZE = DEFINED (STACK_SIZE)?STACK_SIZE:DEFINED (__stack_size__)?__stack_size__:0x400

.text           0x00000000     0x3ccc
                0x00000000                . = ALIGN (0x4)
                0x00000000                _sfixed = .
 *(.vectors .vectors.*)
 .vectors       0x00000000       0x8c src/ASF/sam0/utils/cmsis/samd11/source/gcc/startup_samd11.o
                0x00000000                exception_table
 *(.text .text.* .gnu.linkonce.t.*)
 .text          0x0000008c       0x60 c:/program files (x86)/atmel/studio/7.0/toolchain/arm/arm-gnu-toolchain/bin/../lib/gcc/arm-none-eabi/6.3.1/thumb/v6-m/crtbegin.o
 .text.adc_get_status.isra.1
                0x000000ec       0x1a src/adc_sample.o
 *fill*         0x00000106        0x2 
 .text.configure_adc
                0x00000108       0x44 src/adc_sample.o
                0x00000108                configure_adc
 .text.sample_adc
                0x0000014c       0x58 src/adc_sample.o
                0x0000014c                sample_adc
 .text._adc_configure_ain_pin
                0x000001a4       0x38 src/ASF/sam0/drivers/adc/adc_sam_d_r_h/adc.o
 .text.adc_get_config_defaults
                0x000001dc       0x42 src/ASF/sam0/drivers/adc/adc_sam_d_r_h/adc.o
                0x000001dc                adc_get_config_defaults
 *fill*         0x0000021e        0x2 
 .text.adc_init
                0x00000220      0x2d0 src/ASF/sam0/drivers/adc/adc_sam_d_r_h/adc.o
                0x00000220                adc_init
 .text.is_button_one_pressed
                0x000004f0       0x6c src/button.o
                0x000004f0                is_button_one_pressed
 .text.is_button_two_pressed
                0x0000055c       0x6c src/button.o
                0x0000055c                is_button_two_pressed
 .text.set_pwm_color_channel
                0x000005c8       0x38 src/pwm_led.o
                0x000005c8                set_pwm_color_channel
 .text.pwm_led_system_cleanup
                0x00000600       0x24 src/pwm_led.o
                0x00000600                pwm_led_system_cleanup
 .text.set_pwm_color
                0x00000624       0x44 src/pwm_led.o
                0x00000624                set_pwm_color
 .text.cycle_pwm_led
                0x00000668       0x54 src/pwm_led.o
                0x00000668                cycle_pwm_led
 .text.configure_pwm_generator
                0x000006bc       0x60 src/pwm_motor.o
                0x000006bc                configure_pwm_generator
 .text.motor_enable
                0x0000071c       0x30 src/pwm_motor.o
                0x0000071c                motor_enable
 .text.motor_disable
                0x0000074c       0x50 src/pwm_motor.o
                0x0000074c                motor_disable
 .text.cycle_pwm_motor
                0x0000079c       0x4c src/pwm_motor.o
                0x0000079c                cycle_pwm_motor
 .text.toggle_nsleep
                0x000007e8       0x30 src/pwm_motor.o
                0x000007e8                toggle_nsleep
 .text.regular_routine
                0x00000818       0xe8 src/system_logic.o
                0x00000818                regular_routine
 .text.get_battery_level
                0x00000900       0x64 src/system_logic.o
                0x00000900                get_battery_level
 .text.blink_leds
                0x00000964       0x20 src/system_logic.o
                0x00000964                blink_leds
 .text.system_logic
                0x00000984       0x38 src/system_logic.o
                0x00000984                system_logic
 .text.sys_tc_callback
                0x000009bc       0x8c src/system_setup.o
                0x000009bc                sys_tc_callback
 .text.configure_port_pins
                0x00000a48       0x78 src/system_setup.o
                0x00000a48                configure_port_pins
 .text.configure_system_tc
                0x00000ac0       0x68 src/system_setup.o
                0x00000ac0                configure_system_tc
 .text.system_tc_callbacks
                0x00000b28       0x44 src/system_setup.o
                0x00000b28                system_tc_callbacks
 .text.startup_default_pin_state
                0x00000b6c       0x24 src/system_setup.o
                0x00000b6c                startup_default_pin_state
 .text.startup_sys_configs
                0x00000b90       0x34 src/system_setup.o
                0x00000b90                startup_sys_configs
 .text.update_battery_states
                0x00000bc4       0x28 src/system_state.o
                0x00000bc4                update_battery_states
 .text.display_battery_state
                0x00000bec       0x3c src/system_state.o
                0x00000bec                display_battery_state
 .text.system_state
                0x00000c28        0xc src/system_state.o
                0x00000c28                system_state
 .text.cpu_irq_enter_critical
                0x00000c34       0x34 src/ASF/common/utils/interrupt/interrupt_sam_nvic.o
                0x00000c34                cpu_irq_enter_critical
 .text.cpu_irq_leave_critical
                0x00000c68       0x30 src/ASF/common/utils/interrupt/interrupt_sam_nvic.o
                0x00000c68                cpu_irq_leave_critical
 .text.port_pin_set_config
                0x00000c98       0x1c src/ASF/sam0/drivers/port/port.o
                0x00000c98                port_pin_set_config
 .text._i2c_master_wait_for_sync
                0x00000cb4        0xc src/ASF/sam0/drivers/sercom/i2c/i2c_sam0/i2c_master.o
 .text.i2c_master_init
                0x00000cc0      0x2a8 src/ASF/sam0/drivers/sercom/i2c/i2c_sam0/i2c_master.o
                0x00000cc0                i2c_master_init
 .text._i2c_master_address_response
                0x00000f68       0x2c src/ASF/sam0/drivers/sercom/i2c/i2c_sam0/i2c_master.o
                0x00000f68                _i2c_master_address_response
 .text._i2c_master_wait_for_bus
                0x00000f94       0x28 src/ASF/sam0/drivers/sercom/i2c/i2c_sam0/i2c_master.o
                0x00000f94                _i2c_master_wait_for_bus
 .text._i2c_master_send_hs_master_code
                0x00000fbc       0x1a src/ASF/sam0/drivers/sercom/i2c/i2c_sam0/i2c_master.o
                0x00000fbc                _i2c_master_send_hs_master_code
 *fill*         0x00000fd6        0x2 
 .text._i2c_master_write_packet
                0x00000fd8       0xb8 src/ASF/sam0/drivers/sercom/i2c/i2c_sam0/i2c_master.o
 .text.i2c_master_write_packet_wait
                0x00001090       0x1a src/ASF/sam0/drivers/sercom/i2c/i2c_sam0/i2c_master.o
                0x00001090                i2c_master_write_packet_wait
 .text._i2c_master_wait_for_sync
                0x000010aa        0xc src/ASF/sam0/drivers/sercom/i2c/i2c_sam0/i2c_master_interrupt.o
 .text._i2c_master_read
                0x000010b6       0x6e src/ASF/sam0/drivers/sercom/i2c/i2c_sam0/i2c_master_interrupt.o
 .text._i2c_master_write
                0x00001124       0x36 src/ASF/sam0/drivers/sercom/i2c/i2c_sam0/i2c_master_interrupt.o
 *fill*         0x0000115a        0x2 
 .text._i2c_master_interrupt_handler
                0x0000115c      0x180 src/ASF/sam0/drivers/sercom/i2c/i2c_sam0/i2c_master_interrupt.o
                0x0000115c                _i2c_master_interrupt_handler
 .text.sercom_set_gclk_generator
                0x000012dc       0x3c src/ASF/sam0/drivers/sercom/sercom.o
                0x000012dc                sercom_set_gclk_generator
 .text._sercom_get_default_pad
                0x00001318       0xb4 src/ASF/sam0/drivers/sercom/sercom.o
                0x00001318                _sercom_get_default_pad
 .text._sercom_get_sercom_inst_index
                0x000013cc       0x38 src/ASF/sam0/drivers/sercom/sercom.o
                0x000013cc                _sercom_get_sercom_inst_index
 .text._sercom_default_handler
                0x00001404        0x2 src/ASF/sam0/drivers/sercom/sercom_interrupt.o
 *fill*         0x00001406        0x2 
 .text._sercom_set_handler
                0x00001408       0x38 src/ASF/sam0/drivers/sercom/sercom_interrupt.o
                0x00001408                _sercom_set_handler
 .text._sercom_get_interrupt_vector
                0x00001440       0x18 src/ASF/sam0/drivers/sercom/sercom_interrupt.o
                0x00001440                _sercom_get_interrupt_vector
 .text.SERCOM0_Handler
                0x00001458       0x10 src/ASF/sam0/drivers/sercom/sercom_interrupt.o
                0x00001458                SERCOM0_Handler
 .text.SERCOM1_Handler
                0x00001468       0x10 src/ASF/sam0/drivers/sercom/sercom_interrupt.o
                0x00001468                SERCOM1_Handler
 .text.SERCOM2_Handler
                0x00001478       0x10 src/ASF/sam0/drivers/sercom/sercom_interrupt.o
                0x00001478                SERCOM2_Handler
 .text._system_dfll_wait_for_sync
                0x00001488       0x10 src/ASF/sam0/drivers/system/clock/clock_samd09_d10_d11/clock.o
 .text.system_clock_source_enable.part.0
                0x00001498       0x38 src/ASF/sam0/drivers/system/clock/clock_samd09_d10_d11/clock.o
 .text.system_clock_source_get_hz
                0x000014d0       0x88 src/ASF/sam0/drivers/system/clock/clock_samd09_d10_d11/clock.o
                0x000014d0                system_clock_source_get_hz
 .text.system_clock_source_osc8m_set_config
                0x00001558       0x3c src/ASF/sam0/drivers/system/clock/clock_samd09_d10_d11/clock.o
                0x00001558                system_clock_source_osc8m_set_config
 .text.system_clock_source_osc32k_set_config
                0x00001594       0x70 src/ASF/sam0/drivers/system/clock/clock_samd09_d10_d11/clock.o
                0x00001594                system_clock_source_osc32k_set_config
 .text.system_clock_source_dfll_set_config
                0x00001604       0x7c src/ASF/sam0/drivers/system/clock/clock_samd09_d10_d11/clock.o
                0x00001604                system_clock_source_dfll_set_config
 .text.system_clock_source_enable
                0x00001680       0x64 src/ASF/sam0/drivers/system/clock/clock_samd09_d10_d11/clock.o
                0x00001680                system_clock_source_enable
 .text.system_clock_init
                0x000016e4      0x140 src/ASF/sam0/drivers/system/clock/clock_samd09_d10_d11/clock.o
                0x000016e4                system_clock_init
 .text.system_gclk_is_syncing
                0x00001824        0xc src/ASF/sam0/drivers/system/clock/clock_samd09_d10_d11/gclk.o
 .text.system_gclk_init
                0x00001830       0x20 src/ASF/sam0/drivers/system/clock/clock_samd09_d10_d11/gclk.o
                0x00001830                system_gclk_init
 .text.system_gclk_gen_set_config
                0x00001850       0x9c src/ASF/sam0/drivers/system/clock/clock_samd09_d10_d11/gclk.o
                0x00001850                system_gclk_gen_set_config
 .text.system_gclk_gen_enable
                0x000018ec       0x38 src/ASF/sam0/drivers/system/clock/clock_samd09_d10_d11/gclk.o
                0x000018ec                system_gclk_gen_enable
 .text.system_gclk_gen_get_hz
                0x00001924       0x70 src/ASF/sam0/drivers/system/clock/clock_samd09_d10_d11/gclk.o
                0x00001924                system_gclk_gen_get_hz
 .text.system_gclk_chan_enable
                0x00001994       0x28 src/ASF/sam0/drivers/system/clock/clock_samd09_d10_d11/gclk.o
                0x00001994                system_gclk_chan_enable
 .text.system_gclk_chan_disable
                0x000019bc       0x50 src/ASF/sam0/drivers/system/clock/clock_samd09_d10_d11/gclk.o
                0x000019bc                system_gclk_chan_disable
 .text.system_gclk_chan_set_config
                0x00001a0c       0x18 src/ASF/sam0/drivers/system/clock/clock_samd09_d10_d11/gclk.o
                0x00001a0c                system_gclk_chan_set_config
 .text.system_gclk_chan_get_hz
                0x00001a24       0x28 src/ASF/sam0/drivers/system/clock/clock_samd09_d10_d11/gclk.o
                0x00001a24                system_gclk_chan_get_hz
 .text._system_pinmux_config
                0x00001a4c       0x84 src/ASF/sam0/drivers/system/pinmux/pinmux.o
 .text.system_pinmux_pin_set_config
                0x00001ad0       0x28 src/ASF/sam0/drivers/system/pinmux/pinmux.o
                0x00001ad0                system_pinmux_pin_set_config
 .text._system_dummy_init
                0x00001af8        0x2 src/ASF/sam0/drivers/system/system.o
                0x00001af8                _system_extint_init
                0x00001af8                _system_events_init
                0x00001af8                _system_dummy_init
                0x00001af8                _system_divas_init
 .text.system_init
                0x00001afa       0x14 src/ASF/sam0/drivers/system/system.o
                0x00001afa                system_init
 *fill*         0x00001b0e        0x2 
 .text._tcc_set_compare_value.isra.5
                0x00001b10       0x50 src/ASF/sam0/drivers/tcc/tcc.o
 .text.tcc_set_compare_value
                0x00001b60       0x10 src/ASF/sam0/drivers/tcc/tcc.o
                0x00001b60                tcc_set_compare_value
 .text._tcc_interrupt_handler
                0x00001b70       0x3c src/ASF/sam0/drivers/tcc/tcc_callback.o
                0x00001b70                _tcc_interrupt_handler
 .text.TCC0_Handler
                0x00001bac        0xa src/ASF/sam0/drivers/tcc/tcc_callback.o
                0x00001bac                TCC0_Handler
 .text.tc_register_callback
                0x00001bb6       0x26 src/ASF/sam0/drivers/tc/tc_interrupt.o
                0x00001bb6                tc_register_callback
 .text._tc_interrupt_handler
                0x00001bdc       0x5c src/ASF/sam0/drivers/tc/tc_interrupt.o
                0x00001bdc                _tc_interrupt_handler
 .text.TC1_Handler
                0x00001c38        0xa src/ASF/sam0/drivers/tc/tc_interrupt.o
                0x00001c38                TC1_Handler
 .text.TC2_Handler
                0x00001c42        0xa src/ASF/sam0/drivers/tc/tc_interrupt.o
                0x00001c42                TC2_Handler
 .text._tc_get_inst_index
                0x00001c4c       0x24 src/ASF/sam0/drivers/tc/tc_sam_d_r_h/tc.o
                0x00001c4c                _tc_get_inst_index
 .text.tc_init  0x00001c70      0x228 src/ASF/sam0/drivers/tc/tc_sam_d_r_h/tc.o
                0x00001c70                tc_init
 .text.tc_set_compare_value
                0x00001e98       0x4a src/ASF/sam0/drivers/tc/tc_sam_d_r_h/tc.o
                0x00001e98                tc_set_compare_value
 .text.Dummy_Handler
                0x00001ee2        0x2 src/ASF/sam0/utils/cmsis/samd11/source/gcc/startup_samd11.o
                0x00001ee2                DMAC_Handler
                0x00001ee2                HardFault_Handler
                0x00001ee2                AC_Handler
                0x00001ee2                SysTick_Handler
                0x00001ee2                PendSV_Handler
                0x00001ee2                NMI_Handler
                0x00001ee2                ADC_Handler
                0x00001ee2                RTC_Handler
                0x00001ee2                EIC_Handler
                0x00001ee2                WDT_Handler
                0x00001ee2                USB_Handler
                0x00001ee2                Dummy_Handler
                0x00001ee2                PM_Handler
                0x00001ee2                SVC_Handler
                0x00001ee2                EVSYS_Handler
                0x00001ee2                NVMCTRL_Handler
                0x00001ee2                DAC_Handler
                0x00001ee2                PTC_Handler
                0x00001ee2                SYSCTRL_Handler
 .text.Reset_Handler
                0x00001ee4       0xb4 src/ASF/sam0/utils/cmsis/samd11/source/gcc/startup_samd11.o
                0x00001ee4                Reset_Handler
 .text.set_color_green
                0x00001f98       0x34 src/led_driver.o
                0x00001f98                set_color_green
 .text.set_color_red
                0x00001fcc       0x38 src/led_driver.o
                0x00001fcc                set_color_red
 .text.set_color_blue
                0x00002004       0x38 src/led_driver.o
                0x00002004                set_color_blue
 .text.toggle_red_led
                0x0000203c       0x44 src/led_driver.o
                0x0000203c                toggle_red_led
 .text.i2c_master_setup
                0x00002080       0xa0 src/led_driver.o
                0x00002080                i2c_master_setup
 .text.startup.main
                0x00002120       0x10 src/main.o
                0x00002120                main
 .text          0x00002130       0x14 c:/program files (x86)/atmel/studio/7.0/toolchain/arm/arm-gnu-toolchain/bin/../lib/gcc/arm-none-eabi/6.3.1/thumb/v6-m\libgcc.a(_thumb1_case_uqi.o)
                0x00002130                __gnu_thumb1_case_uqi
 .text          0x00002144      0x114 c:/program files (x86)/atmel/studio/7.0/toolchain/arm/arm-gnu-toolchain/bin/../lib/gcc/arm-none-eabi/6.3.1/thumb/v6-m\libgcc.a(_udivsi3.o)
                0x00002144                __aeabi_uidiv
                0x00002144                __udivsi3
                0x00002250                __aeabi_uidivmod
 .text          0x00002258        0x4 c:/program files (x86)/atmel/studio/7.0/toolchain/arm/arm-gnu-toolchain/bin/../lib/gcc/arm-none-eabi/6.3.1/thumb/v6-m\libgcc.a(_dvmd_tls.o)
                0x00002258                __aeabi_idiv0
                0x00002258                __aeabi_ldiv0
 .text          0x0000225c      0x620 c:/program files (x86)/atmel/studio/7.0/toolchain/arm/arm-gnu-toolchain/bin/../lib/gcc/arm-none-eabi/6.3.1/thumb/v6-m\libgcc.a(adddf3.o)
                0x0000225c                __aeabi_dadd
 .text          0x0000287c      0x668 c:/program files (x86)/atmel/studio/7.0/toolchain/arm/arm-gnu-toolchain/bin/../lib/gcc/arm-none-eabi/6.3.1/thumb/v6-m\libgcc.a(divdf3.o)
                0x0000287c                __aeabi_ddiv
 .text          0x00002ee4      0x500 c:/program files (x86)/atmel/studio/7.0/toolchain/arm/arm-gnu-toolchain/bin/../lib/gcc/arm-none-eabi/6.3.1/thumb/v6-m\libgcc.a(muldf3.o)
                0x00002ee4                __aeabi_dmul
 .text          0x000033e4      0x62c c:/program files (x86)/atmel/studio/7.0/toolchain/arm/arm-gnu-toolchain/bin/../lib/gcc/arm-none-eabi/6.3.1/thumb/v6-m\libgcc.a(subdf3.o)
                0x000033e4                __aeabi_dsub
 .text          0x00003a10       0x68 c:/program files (x86)/atmel/studio/7.0/toolchain/arm/arm-gnu-toolchain/bin/../lib/gcc/arm-none-eabi/6.3.1/thumb/v6-m\libgcc.a(fixdfsi.o)
                0x00003a10                __aeabi_d2iz
 .text          0x00003a78       0x70 c:/program files (x86)/atmel/studio/7.0/toolchain/arm/arm-gnu-toolchain/bin/../lib/gcc/arm-none-eabi/6.3.1/thumb/v6-m\libgcc.a(floatunsidf.o)
                0x00003a78                __aeabi_ui2d
 .text          0x00003ae8       0x3c c:/program files (x86)/atmel/studio/7.0/toolchain/arm/arm-gnu-toolchain/bin/../lib/gcc/arm-none-eabi/6.3.1/thumb/v6-m\libgcc.a(_clzsi2.o)
                0x00003ae8                __clzsi2
 .text.__libc_init_array
                0x00003b24       0x48 c:/program files (x86)/atmel/studio/7.0/toolchain/arm/arm-gnu-toolchain/bin/../lib/gcc/arm-none-eabi/6.3.1/../../../../arm-none-eabi/lib/thumb/v6-m\libc_nano.a(lib_a-init.o)
                0x00003b24                __libc_init_array
 .text.memcpy   0x00003b6c       0x12 c:/program files (x86)/atmel/studio/7.0/toolchain/arm/arm-gnu-toolchain/bin/../lib/gcc/arm-none-eabi/6.3.1/../../../../arm-none-eabi/lib/thumb/v6-m\libc_nano.a(lib_a-memcpy-stub.o)
                0x00003b6c                memcpy
 *(.glue_7t)
 .glue_7t       0x00003b7e        0x0 linker stubs
 *(.glue_7)
 .glue_7        0x00003b7e        0x0 linker stubs
 *(.rodata .rodata* .gnu.linkonce.r.*)
 *fill*         0x00003b7e        0x2 
 .rodata        0x00003b80       0x50 src/ASF/sam0/drivers/adc/adc_sam_d_r_h/adc.o
 .rodata.tc_interrupt_vectors.12490
                0x00003bd0        0x2 src/system_setup.o
 *fill*         0x00003bd2        0x2 
 .rodata        0x00003bd4        0xc src/ASF/sam0/drivers/sercom/sercom.o
 .rodata._tcc_intflag
                0x00003be0       0x30 src/ASF/sam0/drivers/tcc/tcc_callback.o
                0x00003be0                _tcc_intflag
 .rodata        0x00003c10       0x1a src/led_driver.o
 *fill*         0x00003c2a        0x2 
 .rodata        0x00003c2c       0x40 c:/program files (x86)/atmel/studio/7.0/toolchain/arm/arm-gnu-toolchain/bin/../lib/gcc/arm-none-eabi/6.3.1/thumb/v6-m\libgcc.a(divdf3.o)
 .rodata        0x00003c6c       0x40 c:/program files (x86)/atmel/studio/7.0/toolchain/arm/arm-gnu-toolchain/bin/../lib/gcc/arm-none-eabi/6.3.1/thumb/v6-m\libgcc.a(muldf3.o)
 *(.ARM.extab* .gnu.linkonce.armextab.*)
                0x00003cac                . = ALIGN (0x4)
 *(.init)
 .init          0x00003cac        0x4 c:/program files (x86)/atmel/studio/7.0/toolchain/arm/arm-gnu-toolchain/bin/../lib/gcc/arm-none-eabi/6.3.1/thumb/v6-m/crti.o
                0x00003cac                _init
 .init          0x00003cb0        0x8 c:/program files (x86)/atmel/studio/7.0/toolchain/arm/arm-gnu-toolchain/bin/../lib/gcc/arm-none-eabi/6.3.1/thumb/v6-m/crtn.o
                0x00003cb8                . = ALIGN (0x4)
                0x00003cb8                __preinit_array_start = .
 *(.preinit_array)
                0x00003cb8                __preinit_array_end = .
                0x00003cb8                . = ALIGN (0x4)
                0x00003cb8                __init_array_start = .
 *(SORT(.init_array.*))
 *(.init_array)
 .init_array    0x00003cb8        0x4 c:/program files (x86)/atmel/studio/7.0/toolchain/arm/arm-gnu-toolchain/bin/../lib/gcc/arm-none-eabi/6.3.1/thumb/v6-m/crtbegin.o
                0x00003cbc                __init_array_end = .
                0x00003cbc                . = ALIGN (0x4)
 *crtbegin.o(.ctors)
 *(EXCLUDE_FILE(*crtend.o) .ctors)
 *(SORT(.ctors.*))
 *crtend.o(.ctors)
                0x00003cbc                . = ALIGN (0x4)
 *(.fini)
 .fini          0x00003cbc        0x4 c:/program files (x86)/atmel/studio/7.0/toolchain/arm/arm-gnu-toolchain/bin/../lib/gcc/arm-none-eabi/6.3.1/thumb/v6-m/crti.o
                0x00003cbc                _fini
 .fini          0x00003cc0        0x8 c:/program files (x86)/atmel/studio/7.0/toolchain/arm/arm-gnu-toolchain/bin/../lib/gcc/arm-none-eabi/6.3.1/thumb/v6-m/crtn.o
                0x00003cc8                . = ALIGN (0x4)
                0x00003cc8                __fini_array_start = .
 *(.fini_array)
 .fini_array    0x00003cc8        0x4 c:/program files (x86)/atmel/studio/7.0/toolchain/arm/arm-gnu-toolchain/bin/../lib/gcc/arm-none-eabi/6.3.1/thumb/v6-m/crtbegin.o
 *(SORT(.fini_array.*))
                0x00003ccc                __fini_array_end = .
 *crtbegin.o(.dtors)
 *(EXCLUDE_FILE(*crtend.o) .dtors)
 *(SORT(.dtors.*))
 *crtend.o(.dtors)
                0x00003ccc                . = ALIGN (0x4)
                0x00003ccc                _efixed = .
                [!provide]                PROVIDE (__exidx_start, .)

.vfp11_veneer   0x00003ccc        0x0
 .vfp11_veneer  0x00003ccc        0x0 linker stubs

.v4_bx          0x00003ccc        0x0
 .v4_bx         0x00003ccc        0x0 linker stubs

.iplt           0x00003ccc        0x0
 .iplt          0x00003ccc        0x0 c:/program files (x86)/atmel/studio/7.0/toolchain/arm/arm-gnu-toolchain/bin/../lib/gcc/arm-none-eabi/6.3.1/thumb/v6-m/crtbegin.o

.eh_frame       0x00003ccc        0x0
 .eh_frame      0x00003ccc        0x0 c:/program files (x86)/atmel/studio/7.0/toolchain/arm/arm-gnu-toolchain/bin/../lib/gcc/arm-none-eabi/6.3.1/thumb/v6-m/crtbegin.o

.rel.dyn        0x00003ccc        0x0
 .rel.iplt      0x00003ccc        0x0 c:/program files (x86)/atmel/studio/7.0/toolchain/arm/arm-gnu-toolchain/bin/../lib/gcc/arm-none-eabi/6.3.1/thumb/v6-m/crtbegin.o

.jcr            0x00003ccc        0x0
 .jcr           0x00003ccc        0x0 c:/program files (x86)/atmel/studio/7.0/toolchain/arm/arm-gnu-toolchain/bin/../lib/gcc/arm-none-eabi/6.3.1/thumb/v6-m/crtbegin.o

.igot.plt       0x00003ccc        0x0
 .igot.plt      0x00003ccc        0x0 c:/program files (x86)/atmel/studio/7.0/toolchain/arm/arm-gnu-toolchain/bin/../lib/gcc/arm-none-eabi/6.3.1/thumb/v6-m/crtbegin.o

.ARM.exidx
 *(.ARM.exidx* .gnu.linkonce.armexidx.*)
                [!provide]                PROVIDE (__exidx_end, .)
                0x00003ccc                . = ALIGN (0x4)
                0x00003ccc                _etext = .

.relocate       0x20000000       0x20 load address 0x00003ccc
                0x20000000                . = ALIGN (0x4)
                0x20000000                _srelocate = .
 *(.ramfunc .ramfunc.*)
 *(.data .data.*)
 .data.long_press_B1_delay_count
                0x20000000        0x4 src/button.o
                0x20000000                long_press_B1_delay_count
 .data.long_press_B2_delay_count
                0x20000004        0x4 src/button.o
                0x20000004                long_press_B2_delay_count
 .data.press_B1_delay_count
                0x20000008        0x4 src/button.o
                0x20000008                press_B1_delay_count
 .data.press_B2_delay_count
                0x2000000c        0x4 src/button.o
                0x2000000c                press_B2_delay_count
 .data.g_interrupt_enabled
                0x20000010        0x1 src/ASF/common/utils/interrupt/interrupt_sam_nvic.o
                0x20000010                g_interrupt_enabled
 *fill*         0x20000011        0x3 
 .data.packet   0x20000014        0xc src/led_driver.o
                0x20000014                packet
                0x20000020                . = ALIGN (0x4)
                0x20000020                _erelocate = .

.bss            0x20000020      0x1e4 load address 0x00003cec
                0x20000020                . = ALIGN (0x4)
                0x20000020                _sbss = .
                0x20000020                _szero = .
 *(.bss .bss.*)
 .bss           0x20000020       0x1c c:/program files (x86)/atmel/studio/7.0/toolchain/arm/arm-gnu-toolchain/bin/../lib/gcc/arm-none-eabi/6.3.1/thumb/v6-m/crtbegin.o
 .bss.BUTTON_ONE_PRESS_STATUS
                0x2000003c        0x1 src/button.o
                0x2000003c                BUTTON_ONE_PRESS_STATUS
 .bss.BUTTON_ONE_RELEASE_STATUS
                0x2000003d        0x1 src/button.o
                0x2000003d                BUTTON_ONE_RELEASE_STATUS
 .bss.BUTTON_TWO_PRESS_STATUS
                0x2000003e        0x1 src/button.o
                0x2000003e                BUTTON_TWO_PRESS_STATUS
 .bss.BUTTON_TWO_RELEASE_STATUS
                0x2000003f        0x1 src/button.o
                0x2000003f                BUTTON_TWO_RELEASE_STATUS
 .bss.LongPressB1Flag
                0x20000040        0x1 src/button.o
                0x20000040                LongPressB1Flag
 .bss.LongPressB2Flag
                0x20000041        0x1 src/button.o
                0x20000041                LongPressB2Flag
 .bss.pwm_led_toggle_count
                0x20000042        0x1 src/pwm_led.o
                0x20000042                pwm_led_toggle_count
 .bss.PULSATING_MOTOR.13564
                0x20000043        0x1 src/pwm_motor.o
 .bss.motor_running
                0x20000044        0x1 src/pwm_motor.o
                0x20000044                motor_running
 .bss.motor_toggle_count
                0x20000045        0x1 src/pwm_motor.o
                0x20000045                motor_toggle_count
 .bss.pulsating_motor_routine
                0x20000046        0x1 src/pwm_motor.o
                0x20000046                pulsating_motor_routine
 .bss.BATTERY_CHARGED
                0x20000047        0x1 src/system_logic.o
                0x20000047                BATTERY_CHARGED
 .bss.BATTERY_CHARGING
                0x20000048        0x1 src/system_logic.o
                0x20000048                BATTERY_CHARGING
 .bss.BATTERY_LOW
                0x20000049        0x1 src/system_logic.o
                0x20000049                BATTERY_LOW
 .bss.BATTERY_LOWEST
                0x2000004a        0x1 src/system_logic.o
                0x2000004a                BATTERY_LOWEST
 .bss.led_button_status_changed.13559
                0x2000004b        0x1 src/system_logic.o
 .bss.motor_status_changed.13558
                0x2000004c        0x1 src/system_logic.o
 .bss.SYS_TICK_100MS
                0x2000004d        0x1 src/system_setup.o
                0x2000004d                SYS_TICK_100MS
 .bss.SYS_TICK_10MS
                0x2000004e        0x1 src/system_setup.o
                0x2000004e                SYS_TICK_10MS
 .bss.SYS_TICK_200MS
                0x2000004f        0x1 src/system_setup.o
                0x2000004f                SYS_TICK_200MS
 .bss.SYS_TICK_50MS
                0x20000050        0x1 src/system_setup.o
                0x20000050                SYS_TICK_50MS
 *fill*         0x20000051        0x3 
 .bss.tick_count_100ms.13566
                0x20000054        0x4 src/system_setup.o
 .bss.tick_count_10ms.13564
                0x20000058        0x4 src/system_setup.o
 .bss.tick_count_1ms.13563
                0x2000005c        0x4 src/system_setup.o
 .bss.tick_count_200ms.13567
                0x20000060        0x4 src/system_setup.o
 .bss.tick_count_50ms.13565
                0x20000064        0x4 src/system_setup.o
 .bss.cpu_irq_critical_section_counter
                0x20000068        0x4 src/ASF/common/utils/interrupt/interrupt_sam_nvic.o
 .bss.cpu_irq_prev_interrupt_state
                0x2000006c        0x1 src/ASF/common/utils/interrupt/interrupt_sam_nvic.o
 .bss._sercom_config
                0x2000006d        0x2 src/ASF/sam0/drivers/sercom/sercom.o
 .bss._handler_table_initialized
                0x2000006f        0x1 src/ASF/sam0/drivers/sercom/sercom_interrupt.o
 .bss._sercom_interrupt_handlers
                0x20000070        0xc src/ASF/sam0/drivers/sercom/sercom_interrupt.o
 .bss._system_clock_inst
                0x2000007c       0x18 src/ASF/sam0/drivers/system/clock/clock_samd09_d10_d11/clock.o
 .bss.led_on.12985
                0x20000094        0x1 src/led_driver.o
 *(COMMON)
 *fill*         0x20000095        0x3 
 COMMON         0x20000098        0xc src/adc_sample.o
                0x20000098                adc_result
                0x2000009c                adc_instance
 COMMON         0x200000a4      0x11c src/button.o
                0x200000a4                tcc_instance
                0x200000e4                system_timer_instance
                0x20000100                config_tcc
                0x200001a4                pwm_generator_instance
 COMMON         0x200001c0        0x3 src/system_logic.o
                0x200001c0                Chargn_Off_State
                0x200001c1                Vbus_State
                0x200001c2                Chargn_On_State
 COMMON         0x200001c3        0x1 src/system_state.o
                0x200001c3                Charged_State
 COMMON         0x200001c4        0xc src/ASF/sam0/drivers/sercom/sercom_interrupt.o
                0x200001c4                _sercom_instances
 COMMON         0x200001d0        0x4 src/ASF/sam0/drivers/tcc/tcc_callback.o
                0x200001d0                _tcc_instances
 COMMON         0x200001d4        0x8 src/ASF/sam0/drivers/tc/tc_interrupt.o
                0x200001d4                _tc_instances
 COMMON         0x200001dc       0x28 src/led_driver.o
                0x200001dc                i2c_master_instance
                0x20000204                . = ALIGN (0x4)
                0x20000204                _ebss = .
                0x20000204                _ezero = .

.stack          0x20000204      0x404 load address 0x00003ed0
                0x20000208                . = ALIGN (0x8)
 *fill*         0x20000204        0x4 
                0x20000208                _sstack = .
                0x20000608                . = (. + STACK_SIZE)
 *fill*         0x20000208      0x400 
                0x20000608                . = ALIGN (0x8)
                0x20000608                _estack = .
                0x20000608                . = ALIGN (0x4)
                0x20000608                _end = .
OUTPUT(timer_pwm.elf elf32-littlearm)

.ARM.attributes
                0x00000000       0x2a
 .ARM.attributes
                0x00000000       0x1e c:/program files (x86)/atmel/studio/7.0/toolchain/arm/arm-gnu-toolchain/bin/../lib/gcc/arm-none-eabi/6.3.1/thumb/v6-m/crti.o
 .ARM.attributes
                0x0000001e       0x2c c:/program files (x86)/atmel/studio/7.0/toolchain/arm/arm-gnu-toolchain/bin/../lib/gcc/arm-none-eabi/6.3.1/thumb/v6-m/crtbegin.o
 .ARM.attributes
                0x0000004a       0x32 src/adc_sample.o
 .ARM.attributes
                0x0000007c       0x32 src/ASF/sam0/drivers/adc/adc_sam_d_r_h/adc.o
 .ARM.attributes
                0x000000ae       0x32 src/button.o
 .ARM.attributes
                0x000000e0       0x32 src/pwm_led.o
 .ARM.attributes
                0x00000112       0x32 src/pwm_motor.o
 .ARM.attributes
                0x00000144       0x32 src/system_logic.o
 .ARM.attributes
                0x00000176       0x32 src/system_setup.o
 .ARM.attributes
                0x000001a8       0x32 src/system_state.o
 .ARM.attributes
                0x000001da       0x32 src/ASF/common/utils/interrupt/interrupt_sam_nvic.o
 .ARM.attributes
                0x0000020c       0x32 src/ASF/sam0/drivers/port/port.o
 .ARM.attributes
                0x0000023e       0x32 src/ASF/sam0/drivers/sercom/i2c/i2c_sam0/i2c_master.o
 .ARM.attributes
                0x00000270       0x32 src/ASF/sam0/drivers/sercom/i2c/i2c_sam0/i2c_master_interrupt.o
 .ARM.attributes
                0x000002a2       0x32 src/ASF/sam0/drivers/sercom/sercom.o
 .ARM.attributes
                0x000002d4       0x32 src/ASF/sam0/drivers/sercom/sercom_interrupt.o
 .ARM.attributes
                0x00000306       0x32 src/ASF/sam0/drivers/system/clock/clock_samd09_d10_d11/clock.o
 .ARM.attributes
                0x00000338       0x32 src/ASF/sam0/drivers/system/clock/clock_samd09_d10_d11/gclk.o
 .ARM.attributes
                0x0000036a       0x32 src/ASF/sam0/drivers/system/pinmux/pinmux.o
 .ARM.attributes
                0x0000039c       0x32 src/ASF/sam0/drivers/system/system.o
 .ARM.attributes
                0x000003ce       0x32 src/ASF/sam0/drivers/tcc/tcc.o
 .ARM.attributes
                0x00000400       0x32 src/ASF/sam0/drivers/tcc/tcc_callback.o
 .ARM.attributes
                0x00000432       0x32 src/ASF/sam0/drivers/tc/tc_interrupt.o
 .ARM.attributes
                0x00000464       0x32 src/ASF/sam0/drivers/tc/tc_sam_d_r_h/tc.o
 .ARM.attributes
                0x00000496       0x32 src/ASF/sam0/utils/cmsis/samd11/source/gcc/startup_samd11.o
 .ARM.attributes
                0x000004c8       0x32 src/led_driver.o
 .ARM.attributes
                0x000004fa       0x32 src/main.o
 .ARM.attributes
                0x0000052c       0x1e c:/program files (x86)/atmel/studio/7.0/toolchain/arm/arm-gnu-toolchain/bin/../lib/gcc/arm-none-eabi/6.3.1/thumb/v6-m\libgcc.a(_thumb1_case_uqi.o)
 .ARM.attributes
                0x0000054a       0x1e c:/program files (x86)/atmel/studio/7.0/toolchain/arm/arm-gnu-toolchain/bin/../lib/gcc/arm-none-eabi/6.3.1/thumb/v6-m\libgcc.a(_udivsi3.o)
 .ARM.attributes
                0x00000568       0x1e c:/program files (x86)/atmel/studio/7.0/toolchain/arm/arm-gnu-toolchain/bin/../lib/gcc/arm-none-eabi/6.3.1/thumb/v6-m\libgcc.a(_dvmd_tls.o)
 .ARM.attributes
                0x00000586       0x2c c:/program files (x86)/atmel/studio/7.0/toolchain/arm/arm-gnu-toolchain/bin/../lib/gcc/arm-none-eabi/6.3.1/thumb/v6-m\libgcc.a(adddf3.o)
 .ARM.attributes
                0x000005b2       0x2c c:/program files (x86)/atmel/studio/7.0/toolchain/arm/arm-gnu-toolchain/bin/../lib/gcc/arm-none-eabi/6.3.1/thumb/v6-m\libgcc.a(divdf3.o)
 .ARM.attributes
                0x000005de       0x2c c:/program files (x86)/atmel/studio/7.0/toolchain/arm/arm-gnu-toolchain/bin/../lib/gcc/arm-none-eabi/6.3.1/thumb/v6-m\libgcc.a(muldf3.o)
 .ARM.attributes
                0x0000060a       0x2c c:/program files (x86)/atmel/studio/7.0/toolchain/arm/arm-gnu-toolchain/bin/../lib/gcc/arm-none-eabi/6.3.1/thumb/v6-m\libgcc.a(subdf3.o)
 .ARM.attributes
                0x00000636       0x2c c:/program files (x86)/atmel/studio/7.0/toolchain/arm/arm-gnu-toolchain/bin/../lib/gcc/arm-none-eabi/6.3.1/thumb/v6-m\libgcc.a(fixdfsi.o)
 .ARM.attributes
                0x00000662       0x2c c:/program files (x86)/atmel/studio/7.0/toolchain/arm/arm-gnu-toolchain/bin/../lib/gcc/arm-none-eabi/6.3.1/thumb/v6-m\libgcc.a(floatunsidf.o)
 .ARM.attributes
                0x0000068e       0x1e c:/program files (x86)/atmel/studio/7.0/toolchain/arm/arm-gnu-toolchain/bin/../lib/gcc/arm-none-eabi/6.3.1/thumb/v6-m\libgcc.a(_clzsi2.o)
 .ARM.attributes
                0x000006ac       0x2c c:/program files (x86)/atmel/studio/7.0/toolchain/arm/arm-gnu-toolchain/bin/../lib/gcc/arm-none-eabi/6.3.1/../../../../arm-none-eabi/lib/thumb/v6-m\libc_nano.a(lib_a-init.o)
 .ARM.attributes
                0x000006d8       0x2c c:/program files (x86)/atmel/studio/7.0/toolchain/arm/arm-gnu-toolchain/bin/../lib/gcc/arm-none-eabi/6.3.1/../../../../arm-none-eabi/lib/thumb/v6-m\libc_nano.a(lib_a-memcpy-stub.o)
 .ARM.attributes
                0x00000704       0x1e c:/program files (x86)/atmel/studio/7.0/toolchain/arm/arm-gnu-toolchain/bin/../lib/gcc/arm-none-eabi/6.3.1/thumb/v6-m/crtn.o

.comment        0x00000000       0x59
 .comment       0x00000000       0x59 src/adc_sample.o
                                 0x5a (size before relaxing)
 .comment       0x00000059       0x5a src/ASF/sam0/drivers/adc/adc_sam_d_r_h/adc.o
 .comment       0x00000059       0x5a src/button.o
 .comment       0x00000059       0x5a src/pwm_led.o
 .comment       0x00000059       0x5a src/pwm_motor.o
 .comment       0x00000059       0x5a src/system_logic.o
 .comment       0x00000059       0x5a src/system_setup.o
 .comment       0x00000059       0x5a src/system_state.o
 .comment       0x00000059       0x5a src/ASF/common/utils/interrupt/interrupt_sam_nvic.o
 .comment       0x00000059       0x5a src/ASF/sam0/drivers/port/port.o
 .comment       0x00000059       0x5a src/ASF/sam0/drivers/sercom/i2c/i2c_sam0/i2c_master.o
 .comment       0x00000059       0x5a src/ASF/sam0/drivers/sercom/i2c/i2c_sam0/i2c_master_interrupt.o
 .comment       0x00000059       0x5a src/ASF/sam0/drivers/sercom/sercom.o
 .comment       0x00000059       0x5a src/ASF/sam0/drivers/sercom/sercom_interrupt.o
 .comment       0x00000059       0x5a src/ASF/sam0/drivers/system/clock/clock_samd09_d10_d11/clock.o
 .comment       0x00000059       0x5a src/ASF/sam0/drivers/system/clock/clock_samd09_d10_d11/gclk.o
 .comment       0x00000059       0x5a src/ASF/sam0/drivers/system/pinmux/pinmux.o
 .comment       0x00000059       0x5a src/ASF/sam0/drivers/system/system.o
 .comment       0x00000059       0x5a src/ASF/sam0/drivers/tcc/tcc.o
 .comment       0x00000059       0x5a src/ASF/sam0/drivers/tcc/tcc_callback.o
 .comment       0x00000059       0x5a src/ASF/sam0/drivers/tc/tc_interrupt.o
 .comment       0x00000059       0x5a src/ASF/sam0/drivers/tc/tc_sam_d_r_h/tc.o
 .comment       0x00000059       0x5a src/ASF/sam0/utils/cmsis/samd11/source/gcc/startup_samd11.o
 .comment       0x00000059       0x5a src/led_driver.o
 .comment       0x00000059       0x5a src/main.o

.debug_info     0x00000000    0x5233a
 .debug_info    0x00000000     0x21d9 src/adc_sample.o
 .debug_info    0x000021d9     0x39e9 src/ASF/sam0/drivers/adc/adc_sam_d_r_h/adc.o
 .debug_info    0x00005bc2     0x53c6 src/button.o
 .debug_info    0x0000af88     0x35e7 src/pwm_led.o
 .debug_info    0x0000e56f     0x5977 src/pwm_motor.o
 .debug_info    0x00013ee6     0x4e2a src/system_logic.o
 .debug_info    0x00018d10     0x5eef src/system_setup.o
 .debug_info    0x0001ebff     0x53ec src/system_state.o
 .debug_info    0x00023feb      0xb05 src/ASF/common/utils/interrupt/interrupt_sam_nvic.o
 .debug_info    0x00024af0     0x12b6 src/ASF/sam0/drivers/port/port.o
 .debug_info    0x00025da6     0x4fe3 src/ASF/sam0/drivers/sercom/i2c/i2c_sam0/i2c_master.o
 .debug_info    0x0002ad89     0x311f src/ASF/sam0/drivers/sercom/i2c/i2c_sam0/i2c_master_interrupt.o
 .debug_info    0x0002dea8     0x2d75 src/ASF/sam0/drivers/sercom/sercom.o
 .debug_info    0x00030c1d     0x2b09 src/ASF/sam0/drivers/sercom/sercom_interrupt.o
 .debug_info    0x00033726     0x392c src/ASF/sam0/drivers/system/clock/clock_samd09_d10_d11/clock.o
 .debug_info    0x00037052     0x1e43 src/ASF/sam0/drivers/system/clock/clock_samd09_d10_d11/gclk.o
 .debug_info    0x00038e95     0x13e8 src/ASF/sam0/drivers/system/pinmux/pinmux.o
 .debug_info    0x0003a27d      0xa6e src/ASF/sam0/drivers/system/system.o
 .debug_info    0x0003aceb     0x4c1f src/ASF/sam0/drivers/tcc/tcc.o
 .debug_info    0x0003f90a     0x3037 src/ASF/sam0/drivers/tcc/tcc_callback.o
 .debug_info    0x00042941     0x1afc src/ASF/sam0/drivers/tc/tc_interrupt.o
 .debug_info    0x0004443d     0x2ed0 src/ASF/sam0/drivers/tc/tc_sam_d_r_h/tc.o
 .debug_info    0x0004730d     0x2bd9 src/ASF/sam0/utils/cmsis/samd11/source/gcc/startup_samd11.o
 .debug_info    0x00049ee6     0x381a src/led_driver.o
 .debug_info    0x0004d700     0x4c3a src/main.o

.debug_abbrev   0x00000000     0x5756
 .debug_abbrev  0x00000000      0x36c src/adc_sample.o
 .debug_abbrev  0x0000036c      0x49d src/ASF/sam0/drivers/adc/adc_sam_d_r_h/adc.o
 .debug_abbrev  0x00000809      0x2f0 src/button.o
 .debug_abbrev  0x00000af9      0x347 src/pwm_led.o
 .debug_abbrev  0x00000e40      0x3b6 src/pwm_motor.o
 .debug_abbrev  0x000011f6      0x2f1 src/system_logic.o
 .debug_abbrev  0x000014e7      0x440 src/system_setup.o
 .debug_abbrev  0x00001927      0x357 src/system_state.o
 .debug_abbrev  0x00001c7e      0x23b src/ASF/common/utils/interrupt/interrupt_sam_nvic.o
 .debug_abbrev  0x00001eb9      0x298 src/ASF/sam0/drivers/port/port.o
 .debug_abbrev  0x00002151      0x4f3 src/ASF/sam0/drivers/sercom/i2c/i2c_sam0/i2c_master.o
 .debug_abbrev  0x00002644      0x41e src/ASF/sam0/drivers/sercom/i2c/i2c_sam0/i2c_master_interrupt.o
 .debug_abbrev  0x00002a62      0x36c src/ASF/sam0/drivers/sercom/sercom.o
 .debug_abbrev  0x00002dce      0x2d8 src/ASF/sam0/drivers/sercom/sercom_interrupt.o
 .debug_abbrev  0x000030a6      0x4bf src/ASF/sam0/drivers/system/clock/clock_samd09_d10_d11/clock.o
 .debug_abbrev  0x00003565      0x40b src/ASF/sam0/drivers/system/clock/clock_samd09_d10_d11/gclk.o
 .debug_abbrev  0x00003970      0x35b src/ASF/sam0/drivers/system/pinmux/pinmux.o
 .debug_abbrev  0x00003ccb      0x1e1 src/ASF/sam0/drivers/system/system.o
 .debug_abbrev  0x00003eac      0x4f6 src/ASF/sam0/drivers/tcc/tcc.o
 .debug_abbrev  0x000043a2      0x398 src/ASF/sam0/drivers/tcc/tcc_callback.o
 .debug_abbrev  0x0000473a      0x2ff src/ASF/sam0/drivers/tc/tc_interrupt.o
 .debug_abbrev  0x00004a39      0x48e src/ASF/sam0/drivers/tc/tc_sam_d_r_h/tc.o
 .debug_abbrev  0x00004ec7      0x234 src/ASF/sam0/utils/cmsis/samd11/source/gcc/startup_samd11.o
 .debug_abbrev  0x000050fb      0x3b9 src/led_driver.o
 .debug_abbrev  0x000054b4      0x2a2 src/main.o

.debug_loc      0x00000000     0x6645
 .debug_loc     0x00000000      0x1b8 src/adc_sample.o
 .debug_loc     0x000001b8      0x697 src/ASF/sam0/drivers/adc/adc_sam_d_r_h/adc.o
 .debug_loc     0x0000084f       0x54 src/button.o
 .debug_loc     0x000008a3      0x1bf src/pwm_led.o
 .debug_loc     0x00000a62      0x16a src/pwm_motor.o
 .debug_loc     0x00000bcc       0x80 src/system_logic.o
 .debug_loc     0x00000c4c      0x284 src/system_setup.o
 .debug_loc     0x00000ed0       0x94 src/system_state.o
 .debug_loc     0x00000f64      0x125 src/ASF/sam0/drivers/port/port.o
 .debug_loc     0x00001089      0xd7f src/ASF/sam0/drivers/sercom/i2c/i2c_sam0/i2c_master.o
 .debug_loc     0x00001e08      0x6e1 src/ASF/sam0/drivers/sercom/i2c/i2c_sam0/i2c_master_interrupt.o
 .debug_loc     0x000024e9      0x6d6 src/ASF/sam0/drivers/sercom/sercom.o
 .debug_loc     0x00002bbf      0x12d src/ASF/sam0/drivers/sercom/sercom_interrupt.o
 .debug_loc     0x00002cec      0xdf5 src/ASF/sam0/drivers/system/clock/clock_samd09_d10_d11/clock.o
 .debug_loc     0x00003ae1      0x486 src/ASF/sam0/drivers/system/clock/clock_samd09_d10_d11/gclk.o
 .debug_loc     0x00003f67      0x2fc src/ASF/sam0/drivers/system/pinmux/pinmux.o
 .debug_loc     0x00004263       0x20 src/ASF/sam0/drivers/system/system.o
 .debug_loc     0x00004283     0x10d5 src/ASF/sam0/drivers/tcc/tcc.o
 .debug_loc     0x00005358      0x20a src/ASF/sam0/drivers/tcc/tcc_callback.o
 .debug_loc     0x00005562      0x176 src/ASF/sam0/drivers/tc/tc_interrupt.o
 .debug_loc     0x000056d8      0xcff src/ASF/sam0/drivers/tc/tc_sam_d_r_h/tc.o
 .debug_loc     0x000063d7       0x4b src/ASF/sam0/utils/cmsis/samd11/source/gcc/startup_samd11.o
 .debug_loc     0x00006422      0x203 src/led_driver.o
 .debug_loc     0x00006625       0x20 src/main.o

.debug_aranges  0x00000000      0x798
 .debug_aranges
                0x00000000       0x30 src/adc_sample.o
 .debug_aranges
                0x00000030       0x40 src/ASF/sam0/drivers/adc/adc_sam_d_r_h/adc.o
 .debug_aranges
                0x00000070       0x28 src/button.o
 .debug_aranges
                0x00000098       0x40 src/pwm_led.o
 .debug_aranges
                0x000000d8       0x40 src/pwm_motor.o
 .debug_aranges
                0x00000118       0x40 src/system_logic.o
 .debug_aranges
                0x00000158       0x48 src/system_setup.o
 .debug_aranges
                0x000001a0       0x30 src/system_state.o
 .debug_aranges
                0x000001d0       0x28 src/ASF/common/utils/interrupt/interrupt_sam_nvic.o
 .debug_aranges
                0x000001f8       0x28 src/ASF/sam0/drivers/port/port.o
 .debug_aranges
                0x00000220       0xa0 src/ASF/sam0/drivers/sercom/i2c/i2c_sam0/i2c_master.o
 .debug_aranges
                0x000002c0       0x90 src/ASF/sam0/drivers/sercom/i2c/i2c_sam0/i2c_master_interrupt.o
 .debug_aranges
                0x00000350       0x48 src/ASF/sam0/drivers/sercom/sercom.o
 .debug_aranges
                0x00000398       0x48 src/ASF/sam0/drivers/sercom/sercom_interrupt.o
 .debug_aranges
                0x000003e0       0x88 src/ASF/sam0/drivers/system/clock/clock_samd09_d10_d11/clock.o
 .debug_aranges
                0x00000468       0x88 src/ASF/sam0/drivers/system/clock/clock_samd09_d10_d11/gclk.o
 .debug_aranges
                0x000004f0       0x40 src/ASF/sam0/drivers/system/pinmux/pinmux.o
 .debug_aranges
                0x00000530       0x28 src/ASF/sam0/drivers/system/system.o
 .debug_aranges
                0x00000558       0xa8 src/ASF/sam0/drivers/tcc/tcc.o
 .debug_aranges
                0x00000600       0x48 src/ASF/sam0/drivers/tcc/tcc_callback.o
 .debug_aranges
                0x00000648       0x40 src/ASF/sam0/drivers/tc/tc_interrupt.o
 .debug_aranges
                0x00000688       0x58 src/ASF/sam0/drivers/tc/tc_sam_d_r_h/tc.o
 .debug_aranges
                0x000006e0       0x28 src/ASF/sam0/utils/cmsis/samd11/source/gcc/startup_samd11.o
 .debug_aranges
                0x00000708       0x70 src/led_driver.o
 .debug_aranges
                0x00000778       0x20 src/main.o

.debug_ranges   0x00000000      0xbd0
 .debug_ranges  0x00000000       0x20 src/adc_sample.o
 .debug_ranges  0x00000020       0xb8 src/ASF/sam0/drivers/adc/adc_sam_d_r_h/adc.o
 .debug_ranges  0x000000d8       0x18 src/button.o
 .debug_ranges  0x000000f0       0x60 src/pwm_led.o
 .debug_ranges  0x00000150       0x90 src/pwm_motor.o
 .debug_ranges  0x000001e0       0x30 src/system_logic.o
 .debug_ranges  0x00000210       0xa0 src/system_setup.o
 .debug_ranges  0x000002b0       0x58 src/system_state.o
 .debug_ranges  0x00000308       0x18 src/ASF/common/utils/interrupt/interrupt_sam_nvic.o
 .debug_ranges  0x00000320       0x18 src/ASF/sam0/drivers/port/port.o
 .debug_ranges  0x00000338      0x160 src/ASF/sam0/drivers/sercom/i2c/i2c_sam0/i2c_master.o
 .debug_ranges  0x00000498       0x98 src/ASF/sam0/drivers/sercom/i2c/i2c_sam0/i2c_master_interrupt.o
 .debug_ranges  0x00000530       0x58 src/ASF/sam0/drivers/sercom/sercom.o
 .debug_ranges  0x00000588       0x50 src/ASF/sam0/drivers/sercom/sercom_interrupt.o
 .debug_ranges  0x000005d8      0x180 src/ASF/sam0/drivers/system/clock/clock_samd09_d10_d11/clock.o
 .debug_ranges  0x00000758       0x78 src/ASF/sam0/drivers/system/clock/clock_samd09_d10_d11/gclk.o
 .debug_ranges  0x000007d0       0x60 src/ASF/sam0/drivers/system/pinmux/pinmux.o
 .debug_ranges  0x00000830       0x18 src/ASF/sam0/drivers/system/system.o
 .debug_ranges  0x00000848      0x168 src/ASF/sam0/drivers/tcc/tcc.o
 .debug_ranges  0x000009b0       0x38 src/ASF/sam0/drivers/tcc/tcc_callback.o
 .debug_ranges  0x000009e8       0x30 src/ASF/sam0/drivers/tc/tc_interrupt.o
 .debug_ranges  0x00000a18       0xe0 src/ASF/sam0/drivers/tc/tc_sam_d_r_h/tc.o
 .debug_ranges  0x00000af8       0x18 src/ASF/sam0/utils/cmsis/samd11/source/gcc/startup_samd11.o
 .debug_ranges  0x00000b10       0xb0 src/led_driver.o
 .debug_ranges  0x00000bc0       0x10 src/main.o

.debug_macro    0x00000000    0x1a84a
 .debug_macro   0x00000000      0x64e src/adc_sample.o
 .debug_macro   0x0000064e      0x8da src/adc_sample.o
 .debug_macro   0x00000f28      0x16d src/adc_sample.o
 .debug_macro   0x00001095      0x71d src/adc_sample.o
 .debug_macro   0x000017b2       0x22 src/adc_sample.o
 .debug_macro   0x000017d4       0x87 src/adc_sample.o
 .debug_macro   0x0000185b       0x51 src/adc_sample.o
 .debug_macro   0x000018ac       0xef src/adc_sample.o
 .debug_macro   0x0000199b       0x6a src/adc_sample.o
 .debug_macro   0x00001a05      0x1df src/adc_sample.o
 .debug_macro   0x00001be4       0x10 src/adc_sample.o
 .debug_macro   0x00001bf4       0x76 src/adc_sample.o
 .debug_macro   0x00001c6a       0x16 src/adc_sample.o
 .debug_macro   0x00001c80      0x6db src/adc_sample.o
 .debug_macro   0x0000235b      0xdd8 src/adc_sample.o
 .debug_macro   0x00003133       0x22 src/adc_sample.o
 .debug_macro   0x00003155       0x40 src/adc_sample.o
 .debug_macro   0x00003195       0x1c src/adc_sample.o
 .debug_macro   0x000031b1       0x22 src/adc_sample.o
 .debug_macro   0x000031d3       0xb5 src/adc_sample.o
 .debug_macro   0x00003288      0x3ad src/adc_sample.o
 .debug_macro   0x00003635      0x681 src/adc_sample.o
 .debug_macro   0x00003cb6      0x8b5 src/adc_sample.o
 .debug_macro   0x0000456b      0x230 src/adc_sample.o
 .debug_macro   0x0000479b      0xbd1 src/adc_sample.o
 .debug_macro   0x0000536c      0x5b8 src/adc_sample.o
 .debug_macro   0x00005924      0x7c8 src/adc_sample.o
 .debug_macro   0x000060ec      0x4e3 src/adc_sample.o
 .debug_macro   0x000065cf      0x39f src/adc_sample.o
 .debug_macro   0x0000696e      0x18d src/adc_sample.o
 .debug_macro   0x00006afb      0x21c src/adc_sample.o
 .debug_macro   0x00006d17      0x78d src/adc_sample.o
 .debug_macro   0x000074a4       0x5e src/adc_sample.o
 .debug_macro   0x00007502      0x628 src/adc_sample.o
 .debug_macro   0x00007b2a      0x3b6 src/adc_sample.o
 .debug_macro   0x00007ee0      0xc50 src/adc_sample.o
 .debug_macro   0x00008b30     0x1092 src/adc_sample.o
 .debug_macro   0x00009bc2      0xc19 src/adc_sample.o
 .debug_macro   0x0000a7db      0x6ba src/adc_sample.o
 .debug_macro   0x0000ae95     0x1b87 src/adc_sample.o
 .debug_macro   0x0000ca1c      0xb7c src/adc_sample.o
 .debug_macro   0x0000d598      0x344 src/adc_sample.o
 .debug_macro   0x0000d8dc       0x7c src/adc_sample.o
 .debug_macro   0x0000d958       0xa0 src/adc_sample.o
 .debug_macro   0x0000d9f8       0x4c src/adc_sample.o
 .debug_macro   0x0000da44       0xca src/adc_sample.o
 .debug_macro   0x0000db0e       0xb8 src/adc_sample.o
 .debug_macro   0x0000dbc6       0x58 src/adc_sample.o
 .debug_macro   0x0000dc1e      0x21a src/adc_sample.o
 .debug_macro   0x0000de38       0x82 src/adc_sample.o
 .debug_macro   0x0000deba      0x18d src/adc_sample.o
 .debug_macro   0x0000e047       0xa0 src/adc_sample.o
 .debug_macro   0x0000e0e7       0xc4 src/adc_sample.o
 .debug_macro   0x0000e1ab       0x1c src/adc_sample.o
 .debug_macro   0x0000e1c7       0x1c src/adc_sample.o
 .debug_macro   0x0000e1e3       0x1c src/adc_sample.o
 .debug_macro   0x0000e1ff       0x82 src/adc_sample.o
 .debug_macro   0x0000e281      0x112 src/adc_sample.o
 .debug_macro   0x0000e393       0xdc src/adc_sample.o
 .debug_macro   0x0000e46f      0x128 src/adc_sample.o
 .debug_macro   0x0000e597      0x128 src/adc_sample.o
 .debug_macro   0x0000e6bf      0x128 src/adc_sample.o
 .debug_macro   0x0000e7e7      0x11e src/adc_sample.o
 .debug_macro   0x0000e905       0xe2 src/adc_sample.o
 .debug_macro   0x0000e9e7       0xe2 src/adc_sample.o
 .debug_macro   0x0000eac9      0x12a src/adc_sample.o
 .debug_macro   0x0000ebf3      0x1fe src/adc_sample.o
 .debug_macro   0x0000edf1       0x40 src/adc_sample.o
 .debug_macro   0x0000ee31      0x2f1 src/adc_sample.o
 .debug_macro   0x0000f122      0xf71 src/adc_sample.o
 .debug_macro   0x00010093       0x5f src/adc_sample.o
 .debug_macro   0x000100f2       0x58 src/adc_sample.o
 .debug_macro   0x0001014a       0x35 src/adc_sample.o
 .debug_macro   0x0001017f       0x9c src/adc_sample.o
 .debug_macro   0x0001021b       0x16 src/adc_sample.o
 .debug_macro   0x00010231       0x35 src/adc_sample.o
 .debug_macro   0x00010266      0x34d src/adc_sample.o
 .debug_macro   0x000105b3       0x10 src/adc_sample.o
 .debug_macro   0x000105c3       0x58 src/adc_sample.o
 .debug_macro   0x0001061b       0x1f src/adc_sample.o
 .debug_macro   0x0001063a       0x43 src/adc_sample.o
 .debug_macro   0x0001067d       0x20 src/adc_sample.o
 .debug_macro   0x0001069d      0x187 src/adc_sample.o
 .debug_macro   0x00010824       0x10 src/adc_sample.o
 .debug_macro   0x00010834       0x1c src/adc_sample.o
 .debug_macro   0x00010850       0x52 src/adc_sample.o
 .debug_macro   0x000108a2       0x40 src/adc_sample.o
 .debug_macro   0x000108e2       0x10 src/adc_sample.o
 .debug_macro   0x000108f2       0x40 src/adc_sample.o
 .debug_macro   0x00010932       0xd7 src/adc_sample.o
 .debug_macro   0x00010a09       0x16 src/adc_sample.o
 .debug_macro   0x00010a1f      0x18b src/adc_sample.o
 .debug_macro   0x00010baa       0x16 src/adc_sample.o
 .debug_macro   0x00010bc0       0x16 src/adc_sample.o
 .debug_macro   0x00010bd6       0x29 src/adc_sample.o
 .debug_macro   0x00010bff       0x51 src/adc_sample.o
 .debug_macro   0x00010c50       0x3e src/adc_sample.o
 .debug_macro   0x00010c8e      0x3df src/adc_sample.o
 .debug_macro   0x0001106d       0x11 src/adc_sample.o
 .debug_macro   0x0001107e       0x18 src/adc_sample.o
 .debug_macro   0x00011096       0x16 src/adc_sample.o
 .debug_macro   0x000110ac       0x1c src/adc_sample.o
 .debug_macro   0x000110c8       0x16 src/adc_sample.o
 .debug_macro   0x000110de       0x19 src/adc_sample.o
 .debug_macro   0x000110f7      0x2df src/adc_sample.o
 .debug_macro   0x000113d6      0x3d5 src/adc_sample.o
 .debug_macro   0x000117ab       0x11 src/adc_sample.o
 .debug_macro   0x000117bc       0x2e src/adc_sample.o
 .debug_macro   0x000117ea       0x5e src/adc_sample.o
 .debug_macro   0x00011848       0x10 src/adc_sample.o
 .debug_macro   0x00011858       0x2d src/adc_sample.o
 .debug_macro   0x00011885       0x50 src/adc_sample.o
 .debug_macro   0x000118d5       0x6c src/adc_sample.o
 .debug_macro   0x00011941       0x8f src/adc_sample.o
 .debug_macro   0x000119d0      0x539 src/ASF/sam0/drivers/adc/adc_sam_d_r_h/adc.o
 .debug_macro   0x00011f09      0x6e6 src/button.o
 .debug_macro   0x000125ef       0x22 src/button.o
 .debug_macro   0x00012611       0x1c src/button.o
 .debug_macro   0x0001262d       0x46 src/button.o
 .debug_macro   0x00012673      0x1e1 src/button.o
 .debug_macro   0x00012854       0x16 src/button.o
 .debug_macro   0x0001286a       0x34 src/button.o
 .debug_macro   0x0001289e       0x64 src/button.o
 .debug_macro   0x00012902       0x10 src/button.o
 .debug_macro   0x00012912      0x668 src/pwm_led.o
 .debug_macro   0x00012f7a      0x6d8 src/pwm_motor.o
 .debug_macro   0x00013652       0x4c src/pwm_motor.o
 .debug_macro   0x0001369e      0x6e2 src/system_logic.o
 .debug_macro   0x00013d80      0x6e2 src/system_setup.o
 .debug_macro   0x00014462      0x6f2 src/system_state.o
 .debug_macro   0x00014b54      0x4bb src/ASF/common/utils/interrupt/interrupt_sam_nvic.o
 .debug_macro   0x0001500f      0x4d7 src/ASF/sam0/drivers/port/port.o
 .debug_macro   0x000154e6      0x582 src/ASF/sam0/drivers/sercom/i2c/i2c_sam0/i2c_master.o
 .debug_macro   0x00015a68       0x27 src/ASF/sam0/drivers/sercom/i2c/i2c_sam0/i2c_master.o
 .debug_macro   0x00015a8f      0x57e src/ASF/sam0/drivers/sercom/i2c/i2c_sam0/i2c_master_interrupt.o
 .debug_macro   0x0001600d      0x560 src/ASF/sam0/drivers/sercom/sercom.o
 .debug_macro   0x0001656d      0x55d src/ASF/sam0/drivers/sercom/sercom_interrupt.o
 .debug_macro   0x00016aca      0x546 src/ASF/sam0/drivers/system/clock/clock_samd09_d10_d11/clock.o
 .debug_macro   0x00017010      0x22f src/ASF/sam0/drivers/system/clock/clock_samd09_d10_d11/clock.o
 .debug_macro   0x0001723f      0x4f1 src/ASF/sam0/drivers/system/clock/clock_samd09_d10_d11/gclk.o
 .debug_macro   0x00017730      0x4cb src/ASF/sam0/drivers/system/pinmux/pinmux.o
 .debug_macro   0x00017bfb       0x12 src/ASF/sam0/drivers/system/pinmux/pinmux.o
 .debug_macro   0x00017c0d      0x516 src/ASF/sam0/drivers/system/system.o
 .debug_macro   0x00018123      0x602 src/ASF/sam0/drivers/tcc/tcc.o
 .debug_macro   0x00018725       0x19 src/ASF/sam0/drivers/tcc/tcc.o
 .debug_macro   0x0001873e       0x74 src/ASF/sam0/drivers/tcc/tcc.o
 .debug_macro   0x000187b2      0x535 src/ASF/sam0/drivers/tcc/tcc_callback.o
 .debug_macro   0x00018ce7      0x528 src/ASF/sam0/drivers/tc/tc_interrupt.o
 .debug_macro   0x0001920f       0x19 src/ASF/sam0/drivers/tc/tc_interrupt.o
 .debug_macro   0x00019228       0x51 src/ASF/sam0/drivers/tc/tc_interrupt.o
 .debug_macro   0x00019279      0x544 src/ASF/sam0/drivers/tc/tc_sam_d_r_h/tc.o
 .debug_macro   0x000197bd      0x2a2 src/ASF/sam0/utils/cmsis/samd11/source/gcc/startup_samd11.o
 .debug_macro   0x00019a5f       0x3a src/ASF/sam0/utils/cmsis/samd11/source/gcc/startup_samd11.o
 .debug_macro   0x00019a99      0x6b3 src/led_driver.o
 .debug_macro   0x0001a14c       0x1c src/led_driver.o
 .debug_macro   0x0001a168      0x6e2 src/main.o

.debug_line     0x00000000    0x13b82
 .debug_line    0x00000000      0xe60 src/adc_sample.o
 .debug_line    0x00000e60      0xc28 src/ASF/sam0/drivers/adc/adc_sam_d_r_h/adc.o
 .debug_line    0x00001a88      0xead src/button.o
 .debug_line    0x00002935      0xee3 src/pwm_led.o
 .debug_line    0x00003818      0xf72 src/pwm_motor.o
 .debug_line    0x0000478a      0xefd src/system_logic.o
 .debug_line    0x00005687      0xfba src/system_setup.o
 .debug_line    0x00006641      0xecd src/system_state.o
 .debug_line    0x0000750e      0x881 src/ASF/common/utils/interrupt/interrupt_sam_nvic.o
 .debug_line    0x00007d8f      0x8b7 src/ASF/sam0/drivers/port/port.o
 .debug_line    0x00008646      0xf12 src/ASF/sam0/drivers/sercom/i2c/i2c_sam0/i2c_master.o
 .debug_line    0x00009558      0xe2e src/ASF/sam0/drivers/sercom/i2c/i2c_sam0/i2c_master_interrupt.o
 .debug_line    0x0000a386      0xbdd src/ASF/sam0/drivers/sercom/sercom.o
 .debug_line    0x0000af63      0xb74 src/ASF/sam0/drivers/sercom/sercom_interrupt.o
 .debug_line    0x0000bad7      0xda3 src/ASF/sam0/drivers/system/clock/clock_samd09_d10_d11/clock.o
 .debug_line    0x0000c87a      0xbed src/ASF/sam0/drivers/system/clock/clock_samd09_d10_d11/gclk.o
 .debug_line    0x0000d467      0x904 src/ASF/sam0/drivers/system/pinmux/pinmux.o
 .debug_line    0x0000dd6b      0xa12 src/ASF/sam0/drivers/system/system.o
 .debug_line    0x0000e77d      0xe40 src/ASF/sam0/drivers/tcc/tcc.o
 .debug_line    0x0000f5bd      0xa59 src/ASF/sam0/drivers/tcc/tcc_callback.o
 .debug_line    0x00010016      0xa29 src/ASF/sam0/drivers/tc/tc_interrupt.o
 .debug_line    0x00010a3f      0xd4b src/ASF/sam0/drivers/tc/tc_sam_d_r_h/tc.o
 .debug_line    0x0001178a      0x60f src/ASF/sam0/utils/cmsis/samd11/source/gcc/startup_samd11.o
 .debug_line    0x00011d99      0xf85 src/led_driver.o
 .debug_line    0x00012d1e      0xe64 src/main.o

.debug_str      0x00000000    0x7c591
 .debug_str     0x00000000    0x728cf src/adc_sample.o
                              0x72f2d (size before relaxing)
 .debug_str     0x000728cf      0x85f src/ASF/sam0/drivers/adc/adc_sam_d_r_h/adc.o
                              0x70c0b (size before relaxing)
 .debug_str     0x0007312e     0x2254 src/button.o
                              0x745d0 (size before relaxing)
 .debug_str     0x00075382      0x102 src/pwm_led.o
                              0x73182 (size before relaxing)
 .debug_str     0x00075484      0x43e src/pwm_motor.o
                              0x74a4c (size before relaxing)
 .debug_str     0x000758c2       0xca src/system_logic.o
                              0x744d0 (size before relaxing)
 .debug_str     0x0007598c      0x5cd src/system_setup.o
                              0x74fce (size before relaxing)
 .debug_str     0x00075f59       0xc0 src/system_state.o
                              0x74680 (size before relaxing)
 .debug_str     0x00076019       0x81 src/ASF/common/utils/interrupt/interrupt_sam_nvic.o
                              0x6ee0c (size before relaxing)
 .debug_str     0x0007609a       0x5e src/ASF/sam0/drivers/port/port.o
                              0x6f223 (size before relaxing)
 .debug_str     0x000760f8     0x107a src/ASF/sam0/drivers/sercom/i2c/i2c_sam0/i2c_master.o
                              0x712b8 (size before relaxing)
 .debug_str     0x00077172      0x1be src/ASF/sam0/drivers/sercom/i2c/i2c_sam0/i2c_master_interrupt.o
                              0x70371 (size before relaxing)
 .debug_str     0x00077330      0x35c src/ASF/sam0/drivers/sercom/sercom.o
                              0x703b0 (size before relaxing)
 .debug_str     0x0007768c      0x158 src/ASF/sam0/drivers/sercom/sercom_interrupt.o
                              0x70144 (size before relaxing)
 .debug_str     0x000777e4     0x220b src/ASF/sam0/drivers/system/clock/clock_samd09_d10_d11/clock.o
                              0x71ecf (size before relaxing)
 .debug_str     0x000799ef      0x1ef src/ASF/sam0/drivers/system/clock/clock_samd09_d10_d11/gclk.o
                              0x6fa67 (size before relaxing)
 .debug_str     0x00079bde      0x179 src/ASF/sam0/drivers/system/pinmux/pinmux.o
                              0x6f2ae (size before relaxing)
 .debug_str     0x00079d57       0x3b src/ASF/sam0/drivers/system/system.o
                              0x6f060 (size before relaxing)
 .debug_str     0x00079d92     0x127c src/ASF/sam0/drivers/tcc/tcc.o
                              0x72233 (size before relaxing)
 .debug_str     0x0007b00e      0x1a7 src/ASF/sam0/drivers/tcc/tcc_callback.o
                              0x70653 (size before relaxing)
 .debug_str     0x0007b1b5       0xad src/ASF/sam0/drivers/tc/tc_interrupt.o
                              0x6fb1e (size before relaxing)
 .debug_str     0x0007b262      0x1ca src/ASF/sam0/drivers/tc/tc_sam_d_r_h/tc.o
                              0x703fc (size before relaxing)
 .debug_str     0x0007b42c      0xbfa src/ASF/sam0/utils/cmsis/samd11/source/gcc/startup_samd11.o
                              0x59b1a (size before relaxing)
 .debug_str     0x0007c026      0x55d src/led_driver.o
                              0x73507 (size before relaxing)
 .debug_str     0x0007c583        0xe src/main.o
                              0x743c9 (size before relaxing)

.debug_frame    0x00000000     0x1368
 .debug_frame   0x00000000       0x58 src/adc_sample.o
 .debug_frame   0x00000058       0x94 src/ASF/sam0/drivers/adc/adc_sam_d_r_h/adc.o
 .debug_frame   0x000000ec       0x30 src/button.o
 .debug_frame   0x0000011c       0x8c src/pwm_led.o
 .debug_frame   0x000001a8       0x78 src/pwm_motor.o
 .debug_frame   0x00000220       0x80 src/system_logic.o
 .debug_frame   0x000002a0       0xa0 src/system_setup.o
 .debug_frame   0x00000340       0x50 src/system_state.o
 .debug_frame   0x00000390       0x30 src/ASF/common/utils/interrupt/interrupt_sam_nvic.o
 .debug_frame   0x000003c0       0x48 src/ASF/sam0/drivers/port/port.o
 .debug_frame   0x00000408      0x1c8 src/ASF/sam0/drivers/sercom/i2c/i2c_sam0/i2c_master.o
 .debug_frame   0x000005d0      0x174 src/ASF/sam0/drivers/sercom/i2c/i2c_sam0/i2c_master_interrupt.o
 .debug_frame   0x00000744       0xc4 src/ASF/sam0/drivers/sercom/sercom.o
 .debug_frame   0x00000808       0xa0 src/ASF/sam0/drivers/sercom/sercom_interrupt.o
 .debug_frame   0x000008a8      0x194 src/ASF/sam0/drivers/system/clock/clock_samd09_d10_d11/clock.o
 .debug_frame   0x00000a3c      0x15c src/ASF/sam0/drivers/system/clock/clock_samd09_d10_d11/gclk.o
 .debug_frame   0x00000b98       0x98 src/ASF/sam0/drivers/system/pinmux/pinmux.o
 .debug_frame   0x00000c30       0x38 src/ASF/sam0/drivers/system/system.o
 .debug_frame   0x00000c68      0x1bc src/ASF/sam0/drivers/tcc/tcc.o
 .debug_frame   0x00000e24       0xa0 src/ASF/sam0/drivers/tcc/tcc_callback.o
 .debug_frame   0x00000ec4       0x7c src/ASF/sam0/drivers/tc/tc_interrupt.o
 .debug_frame   0x00000f40       0xa8 src/ASF/sam0/drivers/tc/tc_sam_d_r_h/tc.o
 .debug_frame   0x00000fe8       0x3c src/ASF/sam0/utils/cmsis/samd11/source/gcc/startup_samd11.o
 .debug_frame   0x00001024      0x168 src/led_driver.o
 .debug_frame   0x0000118c       0x28 src/main.o
 .debug_frame   0x000011b4       0x20 c:/program files (x86)/atmel/studio/7.0/toolchain/arm/arm-gnu-toolchain/bin/../lib/gcc/arm-none-eabi/6.3.1/thumb/v6-m\libgcc.a(_udivsi3.o)
 .debug_frame   0x000011d4       0x3c c:/program files (x86)/atmel/studio/7.0/toolchain/arm/arm-gnu-toolchain/bin/../lib/gcc/arm-none-eabi/6.3.1/thumb/v6-m\libgcc.a(adddf3.o)
 .debug_frame   0x00001210       0x3c c:/program files (x86)/atmel/studio/7.0/toolchain/arm/arm-gnu-toolchain/bin/../lib/gcc/arm-none-eabi/6.3.1/thumb/v6-m\libgcc.a(divdf3.o)
 .debug_frame   0x0000124c       0x3c c:/program files (x86)/atmel/studio/7.0/toolchain/arm/arm-gnu-toolchain/bin/../lib/gcc/arm-none-eabi/6.3.1/thumb/v6-m\libgcc.a(muldf3.o)
 .debug_frame   0x00001288       0x38 c:/program files (x86)/atmel/studio/7.0/toolchain/arm/arm-gnu-toolchain/bin/../lib/gcc/arm-none-eabi/6.3.1/thumb/v6-m\libgcc.a(subdf3.o)
 .debug_frame   0x000012c0       0x2c c:/program files (x86)/atmel/studio/7.0/toolchain/arm/arm-gnu-toolchain/bin/../lib/gcc/arm-none-eabi/6.3.1/thumb/v6-m\libgcc.a(fixdfsi.o)
 .debug_frame   0x000012ec       0x28 c:/program files (x86)/atmel/studio/7.0/toolchain/arm/arm-gnu-toolchain/bin/../lib/gcc/arm-none-eabi/6.3.1/thumb/v6-m\libgcc.a(floatunsidf.o)
 .debug_frame   0x00001314       0x2c c:/program files (x86)/atmel/studio/7.0/toolchain/arm/arm-gnu-toolchain/bin/../lib/gcc/arm-none-eabi/6.3.1/../../../../arm-none-eabi/lib/thumb/v6-m\libc_nano.a(lib_a-init.o)
 .debug_frame   0x00001340       0x28 c:/program files (x86)/atmel/studio/7.0/toolchain/arm/arm-gnu-toolchain/bin/../lib/gcc/arm-none-eabi/6.3.1/../../../../arm-none-eabi/lib/thumb/v6-m\libc_nano.a(lib_a-memcpy-stub.o)

Cross Reference Table

Symbol                                            File
AC_Handler                                        src/ASF/sam0/utils/cmsis/samd11/source/gcc/startup_samd11.o
ADC_Handler                                       src/ASF/sam0/utils/cmsis/samd11/source/gcc/startup_samd11.o
BATTERY_CHARGED                                   src/system_logic.o
                                                  src/system_state.o
BATTERY_CHARGING                                  src/system_logic.o
                                                  src/system_state.o
BATTERY_LOW                                       src/system_logic.o
                                                  src/system_state.o
BATTERY_LOWEST                                    src/system_logic.o
                                                  src/system_state.o
BUTTON_ONE_PRESS_STATUS                           src/button.o
BUTTON_ONE_RELEASE_STATUS                         src/button.o
                                                  src/system_logic.o
BUTTON_TWO_PRESS_STATUS                           src/button.o
BUTTON_TWO_RELEASE_STATUS                         src/button.o
                                                  src/system_logic.o
Charged_State                                     src/system_state.o
Chargn_Off_State                                  src/system_state.o
                                                  src/system_logic.o
Chargn_On_State                                   src/system_logic.o
DAC_Handler                                       src/ASF/sam0/utils/cmsis/samd11/source/gcc/startup_samd11.o
DMAC_Handler                                      src/ASF/sam0/utils/cmsis/samd11/source/gcc/startup_samd11.o
Dummy_Handler                                     src/ASF/sam0/utils/cmsis/samd11/source/gcc/startup_samd11.o
EIC_Handler                                       src/ASF/sam0/utils/cmsis/samd11/source/gcc/startup_samd11.o
EVSYS_Handler                                     src/ASF/sam0/utils/cmsis/samd11/source/gcc/startup_samd11.o
HardFault_Handler                                 src/ASF/sam0/utils/cmsis/samd11/source/gcc/startup_samd11.o
LongPressB1Flag                                   src/button.o
                                                  src/system_logic.o
LongPressB2Flag                                   src/button.o
                                                  src/system_logic.o
NMI_Handler                                       src/ASF/sam0/utils/cmsis/samd11/source/gcc/startup_samd11.o
NVMCTRL_Handler                                   src/ASF/sam0/utils/cmsis/samd11/source/gcc/startup_samd11.o
PM_Handler                                        src/ASF/sam0/utils/cmsis/samd11/source/gcc/startup_samd11.o
PTC_Handler                                       src/ASF/sam0/utils/cmsis/samd11/source/gcc/startup_samd11.o
PendSV_Handler                                    src/ASF/sam0/utils/cmsis/samd11/source/gcc/startup_samd11.o
RTC_Handler                                       src/ASF/sam0/utils/cmsis/samd11/source/gcc/startup_samd11.o
Reset_Handler                                     src/ASF/sam0/utils/cmsis/samd11/source/gcc/startup_samd11.o
SERCOM0_Handler                                   src/ASF/sam0/drivers/sercom/sercom_interrupt.o
SERCOM1_Handler                                   src/ASF/sam0/drivers/sercom/sercom_interrupt.o
SERCOM2_Handler                                   src/ASF/sam0/drivers/sercom/sercom_interrupt.o
SVC_Handler                                       src/ASF/sam0/utils/cmsis/samd11/source/gcc/startup_samd11.o
SYSCTRL_Handler                                   src/ASF/sam0/utils/cmsis/samd11/source/gcc/startup_samd11.o
SYS_TICK_100MS                                    src/system_setup.o
SYS_TICK_10MS                                     src/system_setup.o
                                                  src/system_logic.o
SYS_TICK_200MS                                    src/system_setup.o
                                                  src/system_logic.o
SYS_TICK_50MS                                     src/system_setup.o
SysTick_Handler                                   src/ASF/sam0/utils/cmsis/samd11/source/gcc/startup_samd11.o
SystemCoreClock                                   src/ASF/sam0/utils/cmsis/samd11/source/system_samd11.o
SystemCoreClockUpdate                             src/ASF/sam0/utils/cmsis/samd11/source/system_samd11.o
SystemInit                                        src/ASF/sam0/utils/cmsis/samd11/source/system_samd11.o
TC1_Handler                                       src/ASF/sam0/drivers/tc/tc_interrupt.o
TC2_Handler                                       src/ASF/sam0/drivers/tc/tc_interrupt.o
TCC0_Handler                                      src/ASF/sam0/drivers/tcc/tcc_callback.o
USB_Handler                                       src/ASF/sam0/utils/cmsis/samd11/source/gcc/startup_samd11.o
Vbus_State                                        src/system_state.o
                                                  src/system_logic.o
WDT_Handler                                       src/ASF/sam0/utils/cmsis/samd11/source/gcc/startup_samd11.o
_Jv_RegisterClasses                               c:/program files (x86)/atmel/studio/7.0/toolchain/arm/arm-gnu-toolchain/bin/../lib/gcc/arm-none-eabi/6.3.1/thumb/v6-m/crtbegin.o
__aeabi_d2iz                                      c:/program files (x86)/atmel/studio/7.0/toolchain/arm/arm-gnu-toolchain/bin/../lib/gcc/arm-none-eabi/6.3.1/thumb/v6-m\libgcc.a(fixdfsi.o)
                                                  src/ASF/sam0/drivers/sercom/i2c/i2c_sam0/i2c_master.o
__aeabi_dadd                                      c:/program files (x86)/atmel/studio/7.0/toolchain/arm/arm-gnu-toolchain/bin/../lib/gcc/arm-none-eabi/6.3.1/thumb/v6-m\libgcc.a(adddf3.o)
                                                  src/ASF/sam0/drivers/sercom/i2c/i2c_sam0/i2c_master.o
__aeabi_ddiv                                      c:/program files (x86)/atmel/studio/7.0/toolchain/arm/arm-gnu-toolchain/bin/../lib/gcc/arm-none-eabi/6.3.1/thumb/v6-m\libgcc.a(divdf3.o)
                                                  src/ASF/sam0/drivers/sercom/i2c/i2c_sam0/i2c_master.o
__aeabi_dmul                                      c:/program files (x86)/atmel/studio/7.0/toolchain/arm/arm-gnu-toolchain/bin/../lib/gcc/arm-none-eabi/6.3.1/thumb/v6-m\libgcc.a(muldf3.o)
                                                  src/ASF/sam0/drivers/sercom/i2c/i2c_sam0/i2c_master.o
__aeabi_dsub                                      c:/program files (x86)/atmel/studio/7.0/toolchain/arm/arm-gnu-toolchain/bin/../lib/gcc/arm-none-eabi/6.3.1/thumb/v6-m\libgcc.a(subdf3.o)
                                                  src/ASF/sam0/drivers/sercom/i2c/i2c_sam0/i2c_master.o
__aeabi_idiv0                                     c:/program files (x86)/atmel/studio/7.0/toolchain/arm/arm-gnu-toolchain/bin/../lib/gcc/arm-none-eabi/6.3.1/thumb/v6-m\libgcc.a(_dvmd_tls.o)
                                                  c:/program files (x86)/atmel/studio/7.0/toolchain/arm/arm-gnu-toolchain/bin/../lib/gcc/arm-none-eabi/6.3.1/thumb/v6-m\libgcc.a(_udivsi3.o)
__aeabi_ldiv0                                     c:/program files (x86)/atmel/studio/7.0/toolchain/arm/arm-gnu-toolchain/bin/../lib/gcc/arm-none-eabi/6.3.1/thumb/v6-m\libgcc.a(_dvmd_tls.o)
__aeabi_llsl                                      c:/program files (x86)/atmel/studio/7.0/toolchain/arm/arm-gnu-toolchain/bin/../lib/gcc/arm-none-eabi/6.3.1/thumb/v6-m\libgcc.a(_ashldi3.o)
                                                  src/ASF/sam0/drivers/sercom/sercom.o
__aeabi_lmul                                      c:/program files (x86)/atmel/studio/7.0/toolchain/arm/arm-gnu-toolchain/bin/../lib/gcc/arm-none-eabi/6.3.1/thumb/v6-m\libgcc.a(_muldi3.o)
                                                  src/ASF/sam0/drivers/sercom/sercom.o
__aeabi_ui2d                                      c:/program files (x86)/atmel/studio/7.0/toolchain/arm/arm-gnu-toolchain/bin/../lib/gcc/arm-none-eabi/6.3.1/thumb/v6-m\libgcc.a(floatunsidf.o)
                                                  src/ASF/sam0/drivers/sercom/i2c/i2c_sam0/i2c_master.o
__aeabi_uidiv                                     c:/program files (x86)/atmel/studio/7.0/toolchain/arm/arm-gnu-toolchain/bin/../lib/gcc/arm-none-eabi/6.3.1/thumb/v6-m\libgcc.a(_udivsi3.o)
                                                  c:/program files (x86)/atmel/studio/7.0/toolchain/arm/arm-gnu-toolchain/bin/../lib/gcc/arm-none-eabi/6.3.1/thumb/v6-m\libgcc.a(divdf3.o)
                                                  src/ASF/sam0/drivers/system/clock/clock_samd09_d10_d11/gclk.o
                                                  src/ASF/sam0/drivers/system/clock/clock_samd09_d10_d11/clock.o
                                                  src/ASF/sam0/drivers/sercom/i2c/i2c_sam0/i2c_master.o
                                                  src/ASF/common2/services/delay/sam0/systick_counter.o
__aeabi_uidivmod                                  c:/program files (x86)/atmel/studio/7.0/toolchain/arm/arm-gnu-toolchain/bin/../lib/gcc/arm-none-eabi/6.3.1/thumb/v6-m\libgcc.a(_udivsi3.o)
                                                  c:/program files (x86)/atmel/studio/7.0/toolchain/arm/arm-gnu-toolchain/bin/../lib/gcc/arm-none-eabi/6.3.1/thumb/v6-m\libgcc.a(divdf3.o)
__ashldi3                                         c:/program files (x86)/atmel/studio/7.0/toolchain/arm/arm-gnu-toolchain/bin/../lib/gcc/arm-none-eabi/6.3.1/thumb/v6-m\libgcc.a(_ashldi3.o)
__bss_end__                                       c:/program files (x86)/atmel/studio/7.0/toolchain/arm/arm-gnu-toolchain/bin/../lib/gcc/arm-none-eabi/6.3.1/../../../../arm-none-eabi/lib/thumb/v6-m/crt0.o
__bss_start__                                     c:/program files (x86)/atmel/studio/7.0/toolchain/arm/arm-gnu-toolchain/bin/../lib/gcc/arm-none-eabi/6.3.1/../../../../arm-none-eabi/lib/thumb/v6-m/crt0.o
__call_exitprocs                                  c:/program files (x86)/atmel/studio/7.0/toolchain/arm/arm-gnu-toolchain/bin/../lib/gcc/arm-none-eabi/6.3.1/../../../../arm-none-eabi/lib/thumb/v6-m\libc_nano.a(lib_a-exit.o)
__clzsi2                                          c:/program files (x86)/atmel/studio/7.0/toolchain/arm/arm-gnu-toolchain/bin/../lib/gcc/arm-none-eabi/6.3.1/thumb/v6-m\libgcc.a(_clzsi2.o)
                                                  c:/program files (x86)/atmel/studio/7.0/toolchain/arm/arm-gnu-toolchain/bin/../lib/gcc/arm-none-eabi/6.3.1/thumb/v6-m\libgcc.a(floatunsidf.o)
                                                  c:/program files (x86)/atmel/studio/7.0/toolchain/arm/arm-gnu-toolchain/bin/../lib/gcc/arm-none-eabi/6.3.1/thumb/v6-m\libgcc.a(subdf3.o)
                                                  c:/program files (x86)/atmel/studio/7.0/toolchain/arm/arm-gnu-toolchain/bin/../lib/gcc/arm-none-eabi/6.3.1/thumb/v6-m\libgcc.a(muldf3.o)
                                                  c:/program files (x86)/atmel/studio/7.0/toolchain/arm/arm-gnu-toolchain/bin/../lib/gcc/arm-none-eabi/6.3.1/thumb/v6-m\libgcc.a(divdf3.o)
                                                  c:/program files (x86)/atmel/studio/7.0/toolchain/arm/arm-gnu-toolchain/bin/../lib/gcc/arm-none-eabi/6.3.1/thumb/v6-m\libgcc.a(adddf3.o)
__deregister_frame_info                           c:/program files (x86)/atmel/studio/7.0/toolchain/arm/arm-gnu-toolchain/bin/../lib/gcc/arm-none-eabi/6.3.1/thumb/v6-m/crtbegin.o
__dso_handle                                      c:/program files (x86)/atmel/studio/7.0/toolchain/arm/arm-gnu-toolchain/bin/../lib/gcc/arm-none-eabi/6.3.1/thumb/v6-m/crtbegin.o
__gnu_thumb1_case_uqi                             c:/program files (x86)/atmel/studio/7.0/toolchain/arm/arm-gnu-toolchain/bin/../lib/gcc/arm-none-eabi/6.3.1/thumb/v6-m\libgcc.a(_thumb1_case_uqi.o)
                                                  src/ASF/sam0/drivers/tcc/tcc.o
                                                  src/ASF/sam0/drivers/system/clock/clock_samd09_d10_d11/clock.o
                                                  src/ASF/sam0/drivers/sercom/sercom.o
                                                  src/pwm_led.o
__init_array_end                                  c:/program files (x86)/atmel/studio/7.0/toolchain/arm/arm-gnu-toolchain/bin/../lib/gcc/arm-none-eabi/6.3.1/../../../../arm-none-eabi/lib/thumb/v6-m\libc_nano.a(lib_a-init.o)
__init_array_start                                c:/program files (x86)/atmel/studio/7.0/toolchain/arm/arm-gnu-toolchain/bin/../lib/gcc/arm-none-eabi/6.3.1/../../../../arm-none-eabi/lib/thumb/v6-m\libc_nano.a(lib_a-init.o)
__libc_fini_array                                 c:/program files (x86)/atmel/studio/7.0/toolchain/arm/arm-gnu-toolchain/bin/../lib/gcc/arm-none-eabi/6.3.1/../../../../arm-none-eabi/lib/thumb/v6-m/crt0.o
__libc_init_array                                 c:/program files (x86)/atmel/studio/7.0/toolchain/arm/arm-gnu-toolchain/bin/../lib/gcc/arm-none-eabi/6.3.1/../../../../arm-none-eabi/lib/thumb/v6-m\libc_nano.a(lib_a-init.o)
                                                  src/ASF/sam0/utils/cmsis/samd11/source/gcc/startup_samd11.o
                                                  c:/program files (x86)/atmel/studio/7.0/toolchain/arm/arm-gnu-toolchain/bin/../lib/gcc/arm-none-eabi/6.3.1/../../../../arm-none-eabi/lib/thumb/v6-m/crt0.o
__muldi3                                          c:/program files (x86)/atmel/studio/7.0/toolchain/arm/arm-gnu-toolchain/bin/../lib/gcc/arm-none-eabi/6.3.1/thumb/v6-m\libgcc.a(_muldi3.o)
__preinit_array_end                               c:/program files (x86)/atmel/studio/7.0/toolchain/arm/arm-gnu-toolchain/bin/../lib/gcc/arm-none-eabi/6.3.1/../../../../arm-none-eabi/lib/thumb/v6-m\libc_nano.a(lib_a-init.o)
__preinit_array_start                             c:/program files (x86)/atmel/studio/7.0/toolchain/arm/arm-gnu-toolchain/bin/../lib/gcc/arm-none-eabi/6.3.1/../../../../arm-none-eabi/lib/thumb/v6-m\libc_nano.a(lib_a-init.o)
__register_frame_info                             c:/program files (x86)/atmel/studio/7.0/toolchain/arm/arm-gnu-toolchain/bin/../lib/gcc/arm-none-eabi/6.3.1/thumb/v6-m/crtbegin.o
__sf_fake_stderr                                  c:/program files (x86)/atmel/studio/7.0/toolchain/arm/arm-gnu-toolchain/bin/../lib/gcc/arm-none-eabi/6.3.1/../../../../arm-none-eabi/lib/thumb/v6-m\libc_nano.a(lib_a-impure.o)
__sf_fake_stdin                                   c:/program files (x86)/atmel/studio/7.0/toolchain/arm/arm-gnu-toolchain/bin/../lib/gcc/arm-none-eabi/6.3.1/../../../../arm-none-eabi/lib/thumb/v6-m\libc_nano.a(lib_a-impure.o)
__sf_fake_stdout                                  c:/program files (x86)/atmel/studio/7.0/toolchain/arm/arm-gnu-toolchain/bin/../lib/gcc/arm-none-eabi/6.3.1/../../../../arm-none-eabi/lib/thumb/v6-m\libc_nano.a(lib_a-impure.o)
__stack                                           c:/program files (x86)/atmel/studio/7.0/toolchain/arm/arm-gnu-toolchain/bin/../lib/gcc/arm-none-eabi/6.3.1/../../../../arm-none-eabi/lib/thumb/v6-m/crt0.o
__udivsi3                                         c:/program files (x86)/atmel/studio/7.0/toolchain/arm/arm-gnu-toolchain/bin/../lib/gcc/arm-none-eabi/6.3.1/thumb/v6-m\libgcc.a(_udivsi3.o)
_close                                            src/ASF/sam0/utils/syscalls/gcc/syscalls.o
_end                                              src/ASF/sam0/utils/syscalls/gcc/syscalls.o
_erelocate                                        src/ASF/sam0/utils/cmsis/samd11/source/gcc/startup_samd11.o
_estack                                           src/ASF/sam0/utils/cmsis/samd11/source/gcc/startup_samd11.o
_etext                                            src/ASF/sam0/utils/cmsis/samd11/source/gcc/startup_samd11.o
_exit                                             src/ASF/sam0/utils/syscalls/gcc/syscalls.o
                                                  c:/program files (x86)/atmel/studio/7.0/toolchain/arm/arm-gnu-toolchain/bin/../lib/gcc/arm-none-eabi/6.3.1/../../../../arm-none-eabi/lib/thumb/v6-m\libc_nano.a(lib_a-exit.o)
_ezero                                            src/ASF/sam0/utils/cmsis/samd11/source/gcc/startup_samd11.o
_fini                                             c:/program files (x86)/atmel/studio/7.0/toolchain/arm/arm-gnu-toolchain/bin/../lib/gcc/arm-none-eabi/6.3.1/thumb/v6-m/crti.o
_fstat                                            src/ASF/sam0/utils/syscalls/gcc/syscalls.o
_getpid                                           src/ASF/sam0/utils/syscalls/gcc/syscalls.o
_global_impure_ptr                                c:/program files (x86)/atmel/studio/7.0/toolchain/arm/arm-gnu-toolchain/bin/../lib/gcc/arm-none-eabi/6.3.1/../../../../arm-none-eabi/lib/thumb/v6-m\libc_nano.a(lib_a-impure.o)
                                                  c:/program files (x86)/atmel/studio/7.0/toolchain/arm/arm-gnu-toolchain/bin/../lib/gcc/arm-none-eabi/6.3.1/../../../../arm-none-eabi/lib/thumb/v6-m\libc_nano.a(lib_a-exit.o)
_i2c_master_address_response                      src/ASF/sam0/drivers/sercom/i2c/i2c_sam0/i2c_master.o
                                                  src/ASF/sam0/drivers/sercom/i2c/i2c_sam0/i2c_master_interrupt.o
_i2c_master_interrupt_handler                     src/ASF/sam0/drivers/sercom/i2c/i2c_sam0/i2c_master_interrupt.o
                                                  src/ASF/sam0/drivers/sercom/i2c/i2c_sam0/i2c_master.o
_i2c_master_send_hs_master_code                   src/ASF/sam0/drivers/sercom/i2c/i2c_sam0/i2c_master.o
                                                  src/ASF/sam0/drivers/sercom/i2c/i2c_sam0/i2c_master_interrupt.o
_i2c_master_wait_for_bus                          src/ASF/sam0/drivers/sercom/i2c/i2c_sam0/i2c_master.o
                                                  src/ASF/sam0/drivers/sercom/i2c/i2c_sam0/i2c_master_interrupt.o
_impure_ptr                                       c:/program files (x86)/atmel/studio/7.0/toolchain/arm/arm-gnu-toolchain/bin/../lib/gcc/arm-none-eabi/6.3.1/../../../../arm-none-eabi/lib/thumb/v6-m\libc_nano.a(lib_a-impure.o)
_init                                             c:/program files (x86)/atmel/studio/7.0/toolchain/arm/arm-gnu-toolchain/bin/../lib/gcc/arm-none-eabi/6.3.1/thumb/v6-m/crti.o
                                                  c:/program files (x86)/atmel/studio/7.0/toolchain/arm/arm-gnu-toolchain/bin/../lib/gcc/arm-none-eabi/6.3.1/../../../../arm-none-eabi/lib/thumb/v6-m\libc_nano.a(lib_a-init.o)
_isatty                                           src/ASF/sam0/utils/syscalls/gcc/syscalls.o
_kill                                             src/ASF/sam0/utils/syscalls/gcc/syscalls.o
_lseek                                            src/ASF/sam0/utils/syscalls/gcc/syscalls.o
_mainCRTStartup                                   c:/program files (x86)/atmel/studio/7.0/toolchain/arm/arm-gnu-toolchain/bin/../lib/gcc/arm-none-eabi/6.3.1/../../../../arm-none-eabi/lib/thumb/v6-m/crt0.o
_read                                             src/ASF/sam0/utils/stdio/read.o
_sbrk                                             src/ASF/sam0/utils/syscalls/gcc/syscalls.o
_sercom_get_async_baud_val                        src/ASF/sam0/drivers/sercom/sercom.o
                                                  src/ASF/sam0/drivers/sercom/usart/usart.o
_sercom_get_default_pad                           src/ASF/sam0/drivers/sercom/sercom.o
                                                  src/ASF/sam0/drivers/sercom/usart/usart.o
                                                  src/ASF/sam0/drivers/sercom/i2c/i2c_sam0/i2c_master.o
_sercom_get_interrupt_vector                      src/ASF/sam0/drivers/sercom/sercom_interrupt.o
                                                  src/led_driver.o
                                                  src/ASF/sam0/drivers/sercom/i2c/i2c_sam0/i2c_master.o
_sercom_get_sercom_inst_index                     src/ASF/sam0/drivers/sercom/sercom.o
                                                  src/ASF/sam0/drivers/sercom/usart/usart.o
                                                  src/ASF/sam0/drivers/sercom/sercom_interrupt.o
                                                  src/ASF/sam0/drivers/sercom/i2c/i2c_sam0/i2c_master.o
_sercom_get_sync_baud_val                         src/ASF/sam0/drivers/sercom/sercom.o
                                                  src/ASF/sam0/drivers/sercom/usart/usart.o
_sercom_instances                                 src/ASF/sam0/drivers/sercom/sercom_interrupt.o
                                                  src/ASF/sam0/drivers/sercom/usart/usart_interrupt.o
                                                  src/ASF/sam0/drivers/sercom/usart/usart.o
                                                  src/ASF/sam0/drivers/sercom/i2c/i2c_sam0/i2c_master_interrupt.o
                                                  src/ASF/sam0/drivers/sercom/i2c/i2c_sam0/i2c_master.o
_sercom_set_handler                               src/ASF/sam0/drivers/sercom/sercom_interrupt.o
                                                  src/ASF/sam0/drivers/sercom/usart/usart.o
                                                  src/ASF/sam0/drivers/sercom/i2c/i2c_sam0/i2c_master.o
_sfixed                                           src/ASF/sam0/utils/cmsis/samd11/source/gcc/startup_samd11.o
_srelocate                                        src/ASF/sam0/utils/cmsis/samd11/source/gcc/startup_samd11.o
_start                                            c:/program files (x86)/atmel/studio/7.0/toolchain/arm/arm-gnu-toolchain/bin/../lib/gcc/arm-none-eabi/6.3.1/../../../../arm-none-eabi/lib/thumb/v6-m/crt0.o
_system_divas_init                                src/ASF/sam0/drivers/system/system.o
_system_dummy_init                                src/ASF/sam0/drivers/system/system.o
_system_events_init                               src/ASF/sam0/drivers/system/system.o
_system_extint_init                               src/ASF/sam0/drivers/system/system.o
_szero                                            src/ASF/sam0/utils/cmsis/samd11/source/gcc/startup_samd11.o
_tc_get_inst_index                                src/ASF/sam0/drivers/tc/tc_sam_d_r_h/tc.o
                                                  src/system_setup.o
_tc_instances                                     src/ASF/sam0/drivers/tc/tc_interrupt.o
                                                  src/ASF/sam0/drivers/tc/tc_sam_d_r_h/tc.o
_tc_interrupt_handler                             src/ASF/sam0/drivers/tc/tc_interrupt.o
_tcc_apbcmasks                                    src/ASF/sam0/drivers/tcc/tcc.o
_tcc_cc_nums                                      src/ASF/sam0/drivers/tcc/tcc.o
_tcc_exts                                         src/ASF/sam0/drivers/tcc/tcc.o
_tcc_gclk_ids                                     src/ASF/sam0/drivers/tcc/tcc.o
_tcc_get_inst_index                               src/ASF/sam0/drivers/tcc/tcc.o
                                                  src/ASF/sam0/drivers/tcc/tcc_callback.o
_tcc_instances                                    src/ASF/sam0/drivers/tcc/tcc_callback.o
                                                  src/ASF/sam0/drivers/tcc/tcc.o
_tcc_interrupt_handler                            src/ASF/sam0/drivers/tcc/tcc_callback.o
_tcc_intflag                                      src/ASF/sam0/drivers/tcc/tcc_callback.o
_tcc_maxs                                         src/ASF/sam0/drivers/tcc/tcc.o
_tcc_ow_nums                                      src/ASF/sam0/drivers/tcc/tcc.o
_tcc_sizes                                        src/ASF/sam0/drivers/tcc/tcc.o
_usart_interrupt_handler                          src/ASF/sam0/drivers/sercom/usart/usart_interrupt.o